nohup: ignoring input
[2026-09-04 00:39:58] ========== A1 then A2 START ==========
[2026-09-04 00:39:58] OMP_NUM_THREADS=1 CUDA_VISIBLE_DEVICES=0
[2026-09-04 00:39:58] ===== A1 Abl_DualMoE_wo_Dual =====
[2026-09-04 00:39:58] START Abl_DualMoE_wo_Dual (A1)
[START A1] Abl_DualMoE_wo_Dual | fusion_model=dual_shared_moe
  ablation=/root/autodl-tmp/URFusion-main/ablation/Abl_DualMoE_wo_Dual
  data=/root/autodl-tmp/URFusion-main/datasets/training_noleak/train
  shared_pre=True (vis_pre/ir_pre merged into shared_pre)
  ckpt=/root/autodl-tmp/URFusion-main/our_model_1_DualMoE/train-jobs/ckpt/Abl_DualMoE_wo_Dual/Abl_DualMoE_wo_Dual_ckpt.pth
[F_gray ep 1/80] loss=0.1035 L_main=0.0262 L_int=0.1639 L_grad=0.0556 L_branch=0.1514 L_aux=0.0039 hit=[0.489, 0.490, 0.518, 0.504] elapsed=0:01:52
[F_gray ep 2/80] loss=0.0612 L_main=0.0267 L_int=0.0504 L_grad=0.0255 L_branch=0.0432 L_aux=0.0034 hit=[0.494, 0.489, 0.509, 0.508] elapsed=0:03:44
[F_gray ep 3/80] loss=0.0582 L_main=0.0278 L_int=0.0426 L_grad=0.0221 L_branch=0.0411 L_aux=0.0036 hit=[0.482, 0.497, 0.517, 0.504] elapsed=0:05:34
[F_gray ep 4/80] loss=0.0560 L_main=0.0285 L_int=0.0426 L_grad=0.0193 L_branch=0.0420 L_aux=0.0036 hit=[0.487, 0.492, 0.515, 0.506] elapsed=0:07:23
[F_gray ep 5/80] loss=0.0539 L_main=0.0293 L_int=0.0436 L_grad=0.0164 L_branch=0.0386 L_aux=0.0035 hit=[0.489, 0.490, 0.508, 0.513] elapsed=0:09:13
[F_gray ep 6/80] loss=0.0520 L_main=0.0295 L_int=0.0427 L_grad=0.0144 L_branch=0.0365 L_aux=0.0034 hit=[0.489, 0.491, 0.511, 0.510] elapsed=0:11:02
[F_gray ep 7/80] loss=0.0521 L_main=0.0304 L_int=0.0438 L_grad=0.0135 L_branch=0.0356 L_aux=0.0034 hit=[0.484, 0.500, 0.514, 0.502] elapsed=0:12:51
[F_gray ep 8/80] loss=0.0512 L_main=0.0305 L_int=0.0431 L_grad=0.0126 L_branch=0.0347 L_aux=0.0034 hit=[0.483, 0.500, 0.507, 0.510] elapsed=0:14:41
[F_gray ep 9/80] loss=0.0504 L_main=0.0302 L_int=0.0421 L_grad=0.0122 L_branch=0.0341 L_aux=0.0035 hit=[0.487, 0.500, 0.506, 0.507] elapsed=0:16:30
[F_gray ep 10/80] loss=0.0510 L_main=0.0309 L_int=0.0437 L_grad=0.0119 L_branch=0.0333 L_aux=0.0035 hit=[0.485, 0.496, 0.503, 0.516] elapsed=0:18:20
  saved epoch snapshot: /root/autodl-tmp/URFusion-main/our_model_1_DualMoE/train-jobs/ckpt/Abl_DualMoE_wo_Dual/epoch_010/ckpt.pth
[F_gray ep 11/80] loss=0.0492 L_main=0.0299 L_int=0.0411 L_grad=0.0113 L_branch=0.0324 L_aux=0.0035 hit=[0.482, 0.497, 0.507, 0.513] elapsed=0:20:09
[F_gray ep 12/80] loss=0.0493 L_main=0.0302 L_int=0.0419 L_grad=0.0109 L_branch=0.0320 L_aux=0.0036 hit=[0.488, 0.494, 0.506, 0.512] elapsed=0:21:58
[F_gray ep 13/80] loss=0.0499 L_main=0.0306 L_int=0.0430 L_grad=0.0111 L_branch=0.0316 L_aux=0.0035 hit=[0.485, 0.501, 0.506, 0.508] elapsed=0:23:48
[F_gray ep 14/80] loss=0.0458 L_main=0.0284 L_int=0.0309 L_grad=0.0106 L_branch=0.0318 L_aux=0.0034 hit=[0.487, 0.503, 0.507, 0.503] elapsed=0:25:37
[F_gray ep 15/80] loss=0.0434 L_main=0.0277 L_int=0.0265 L_grad=0.0094 L_branch=0.0307 L_aux=0.0034 hit=[0.488, 0.503, 0.498, 0.511] elapsed=0:27:27
[F_gray ep 16/80] loss=0.0438 L_main=0.0282 L_int=0.0263 L_grad=0.0093 L_branch=0.0304 L_aux=0.0034 hit=[0.483, 0.500, 0.502, 0.515] elapsed=0:29:16
[F_gray ep 17/80] loss=0.0425 L_main=0.0272 L_int=0.0253 L_grad=0.0089 L_branch=0.0296 L_aux=0.0036 hit=[0.486, 0.499, 0.505, 0.510] elapsed=0:31:05
[F_gray ep 18/80] loss=0.0427 L_main=0.0275 L_int=0.0254 L_grad=0.0088 L_branch=0.0292 L_aux=0.0035 hit=[0.488, 0.494, 0.510, 0.509] elapsed=0:32:55
[F_gray ep 19/80] loss=0.0429 L_main=0.0279 L_int=0.0257 L_grad=0.0086 L_branch=0.0290 L_aux=0.0036 hit=[0.485, 0.499, 0.507, 0.509] elapsed=0:34:44
[F_gray ep 20/80] loss=0.0430 L_main=0.0279 L_int=0.0258 L_grad=0.0087 L_branch=0.0286 L_aux=0.0036 hit=[0.491, 0.495, 0.504, 0.510] elapsed=0:36:34
  saved epoch snapshot: /root/autodl-tmp/URFusion-main/our_model_1_DualMoE/train-jobs/ckpt/Abl_DualMoE_wo_Dual/epoch_020/ckpt.pth
[F_gray ep 21/80] loss=0.0423 L_main=0.0277 L_int=0.0253 L_grad=0.0083 L_branch=0.0280 L_aux=0.0036 hit=[0.487, 0.498, 0.507, 0.509] elapsed=0:38:26
[F_gray ep 22/80] loss=0.0423 L_main=0.0278 L_int=0.0252 L_grad=0.0083 L_branch=0.0276 L_aux=0.0034 hit=[0.488, 0.499, 0.501, 0.512] elapsed=0:40:16
[F_gray ep 23/80] loss=0.0420 L_main=0.0277 L_int=0.0248 L_grad=0.0081 L_branch=0.0271 L_aux=0.0034 hit=[0.485, 0.503, 0.499, 0.513] elapsed=0:42:05
[F_gray ep 24/80] loss=0.0428 L_main=0.0281 L_int=0.0257 L_grad=0.0081 L_branch=0.0269 L_aux=0.0038 hit=[0.483, 0.504, 0.496, 0.516] elapsed=0:43:54
[F_gray ep 25/80] loss=0.0426 L_main=0.0280 L_int=0.0250 L_grad=0.0081 L_branch=0.0263 L_aux=0.0037 hit=[0.494, 0.491, 0.505, 0.510] elapsed=0:45:44
[F_gray ep 26/80] loss=0.0421 L_main=0.0279 L_int=0.0247 L_grad=0.0077 L_branch=0.0259 L_aux=0.0038 hit=[0.488, 0.505, 0.503, 0.504] elapsed=0:47:33
[F_gray ep 27/80] loss=0.0419 L_main=0.0279 L_int=0.0245 L_grad=0.0078 L_branch=0.0257 L_aux=0.0035 hit=[0.485, 0.501, 0.502, 0.511] elapsed=0:49:23
[F_gray ep 28/80] loss=0.0420 L_main=0.0280 L_int=0.0248 L_grad=0.0078 L_branch=0.0252 L_aux=0.0036 hit=[0.484, 0.502, 0.504, 0.509] elapsed=0:51:12
[F_gray ep 29/80] loss=0.0415 L_main=0.0279 L_int=0.0248 L_grad=0.0075 L_branch=0.0248 L_aux=0.0035 hit=[0.497, 0.503, 0.496, 0.504] elapsed=0:53:02
[F_gray ep 30/80] loss=0.0419 L_main=0.0281 L_int=0.0246 L_grad=0.0075 L_branch=0.0245 L_aux=0.0036 hit=[0.488, 0.502, 0.504, 0.506] elapsed=0:54:51
  saved epoch snapshot: /root/autodl-tmp/URFusion-main/our_model_1_DualMoE/train-jobs/ckpt/Abl_DualMoE_wo_Dual/epoch_030/ckpt.pth
[F_gray ep 31/80] loss=0.0418 L_main=0.0280 L_int=0.0247 L_grad=0.0073 L_branch=0.0241 L_aux=0.0037 hit=[0.486, 0.501, 0.505, 0.508] elapsed=0:56:40
[F_gray ep 32/80] loss=0.0419 L_main=0.0282 L_int=0.0246 L_grad=0.0073 L_branch=0.0239 L_aux=0.0037 hit=[0.494, 0.498, 0.501, 0.506] elapsed=0:58:30
[F_gray ep 33/80] loss=0.0416 L_main=0.0281 L_int=0.0244 L_grad=0.0072 L_branch=0.0234 L_aux=0.0036 hit=[0.490, 0.503, 0.498, 0.509] elapsed=1:00:19
[F_gray ep 34/80] loss=0.0420 L_main=0.0282 L_int=0.0247 L_grad=0.0074 L_branch=0.0233 L_aux=0.0037 hit=[0.499, 0.498, 0.492, 0.511] elapsed=1:02:08
[F_gray ep 35/80] loss=0.0417 L_main=0.0282 L_int=0.0244 L_grad=0.0072 L_branch=0.0230 L_aux=0.0036 hit=[0.495, 0.502, 0.500, 0.503] elapsed=1:03:57
[F_gray ep 36/80] loss=0.0413 L_main=0.0279 L_int=0.0246 L_grad=0.0070 L_branch=0.0227 L_aux=0.0038 hit=[0.494, 0.503, 0.500, 0.503] elapsed=1:05:47
[F_gray ep 37/80] loss=0.0414 L_main=0.0280 L_int=0.0242 L_grad=0.0071 L_branch=0.0225 L_aux=0.0038 hit=[0.490, 0.499, 0.500, 0.511] elapsed=1:07:36
[F_gray ep 38/80] loss=0.0411 L_main=0.0280 L_int=0.0245 L_grad=0.0068 L_branch=0.0222 L_aux=0.0037 hit=[0.493, 0.502, 0.499, 0.507] elapsed=1:09:26
[F_gray ep 39/80] loss=0.0412 L_main=0.0280 L_int=0.0240 L_grad=0.0069 L_branch=0.0221 L_aux=0.0037 hit=[0.495, 0.499, 0.501, 0.504] elapsed=1:11:16
[F_gray ep 40/80] loss=0.0414 L_main=0.0282 L_int=0.0246 L_grad=0.0070 L_branch=0.0217 L_aux=0.0035 hit=[0.493, 0.500, 0.499, 0.508] elapsed=1:13:05
  saved epoch snapshot: /root/autodl-tmp/URFusion-main/our_model_1_DualMoE/train-jobs/ckpt/Abl_DualMoE_wo_Dual/epoch_040/ckpt.pth
[F_gray ep 41/80] loss=0.0409 L_main=0.0279 L_int=0.0236 L_grad=0.0068 L_branch=0.0216 L_aux=0.0037 hit=[0.497, 0.490, 0.503, 0.510] elapsed=1:14:55
[F_gray ep 42/80] loss=0.0414 L_main=0.0281 L_int=0.0245 L_grad=0.0068 L_branch=0.0215 L_aux=0.0037 hit=[0.494, 0.503, 0.500, 0.503] elapsed=1:16:45
[F_gray ep 43/80] loss=0.0412 L_main=0.0281 L_int=0.0242 L_grad=0.0068 L_branch=0.0213 L_aux=0.0036 hit=[0.497, 0.496, 0.497, 0.510] elapsed=1:18:35
[F_gray ep 44/80] loss=0.0409 L_main=0.0279 L_int=0.0241 L_grad=0.0066 L_branch=0.0211 L_aux=0.0037 hit=[0.502, 0.501, 0.492, 0.505] elapsed=1:20:24
[F_gray ep 45/80] loss=0.0411 L_main=0.0280 L_int=0.0242 L_grad=0.0067 L_branch=0.0210 L_aux=0.0038 hit=[0.494, 0.501, 0.493, 0.512] elapsed=1:22:14
[F_gray ep 46/80] loss=0.0413 L_main=0.0284 L_int=0.0242 L_grad=0.0065 L_branch=0.0208 L_aux=0.0037 hit=[0.490, 0.509, 0.497, 0.504] elapsed=1:24:04
[F_gray ep 47/80] loss=0.0406 L_main=0.0277 L_int=0.0235 L_grad=0.0067 L_branch=0.0206 L_aux=0.0036 hit=[0.495, 0.497, 0.505, 0.504] elapsed=1:25:53
[F_gray ep 48/80] loss=0.0405 L_main=0.0278 L_int=0.0240 L_grad=0.0065 L_branch=0.0207 L_aux=0.0036 hit=[0.496, 0.502, 0.508, 0.494] elapsed=1:27:43
[F_gray ep 49/80] loss=0.0410 L_main=0.0281 L_int=0.0238 L_grad=0.0066 L_branch=0.0206 L_aux=0.0037 hit=[0.500, 0.501, 0.500, 0.499] elapsed=1:29:32
[F_gray ep 50/80] loss=0.0413 L_main=0.0285 L_int=0.0242 L_grad=0.0064 L_branch=0.0202 L_aux=0.0038 hit=[0.498, 0.499, 0.500, 0.503] elapsed=1:31:22
  saved epoch snapshot: /root/autodl-tmp/URFusion-main/our_model_1_DualMoE/train-jobs/ckpt/Abl_DualMoE_wo_Dual/epoch_050/ckpt.pth
[F_gray ep 51/80] loss=0.0411 L_main=0.0282 L_int=0.0240 L_grad=0.0064 L_branch=0.0203 L_aux=0.0038 hit=[0.492, 0.499, 0.500, 0.509] elapsed=1:33:11
[F_gray ep 52/80] loss=0.0409 L_main=0.0281 L_int=0.0239 L_grad=0.0063 L_branch=0.0201 L_aux=0.0039 hit=[0.493, 0.506, 0.495, 0.506] elapsed=1:35:01
[F_gray ep 53/80] loss=0.0406 L_main=0.0279 L_int=0.0238 L_grad=0.0064 L_branch=0.0199 L_aux=0.0037 hit=[0.497, 0.501, 0.501, 0.502] elapsed=1:36:50
[F_gray ep 54/80] loss=0.0409 L_main=0.0283 L_int=0.0237 L_grad=0.0062 L_branch=0.0199 L_aux=0.0039 hit=[0.492, 0.507, 0.500, 0.501] elapsed=1:38:39
[F_gray ep 55/80] loss=0.0407 L_main=0.0280 L_int=0.0239 L_grad=0.0062 L_branch=0.0198 L_aux=0.0040 hit=[0.492, 0.503, 0.502, 0.503] elapsed=1:40:28
[F_gray ep 56/80] loss=0.0402 L_main=0.0278 L_int=0.0236 L_grad=0.0061 L_branch=0.0197 L_aux=0.0037 hit=[0.492, 0.506, 0.497, 0.505] elapsed=1:42:18
[F_gray ep 57/80] loss=0.0411 L_main=0.0284 L_int=0.0239 L_grad=0.0062 L_branch=0.0195 L_aux=0.0039 hit=[0.493, 0.505, 0.500, 0.502] elapsed=1:44:07
[F_gray ep 58/80] loss=0.0396 L_main=0.0276 L_int=0.0232 L_grad=0.0060 L_branch=0.0195 L_aux=0.0036 hit=[0.498, 0.501, 0.499, 0.502] elapsed=1:45:56
[F_gray ep 59/80] loss=0.0407 L_main=0.0281 L_int=0.0239 L_grad=0.0062 L_branch=0.0196 L_aux=0.0038 hit=[0.494, 0.504, 0.502, 0.500] elapsed=1:47:46
[F_gray ep 60/80] loss=0.0406 L_main=0.0282 L_int=0.0233 L_grad=0.0062 L_branch=0.0193 L_aux=0.0037 hit=[0.493, 0.501, 0.501, 0.505] elapsed=1:49:35
  saved epoch snapshot: /root/autodl-tmp/URFusion-main/our_model_1_DualMoE/train-jobs/ckpt/Abl_DualMoE_wo_Dual/epoch_060/ckpt.pth
[F_gray ep 61/80] loss=0.0402 L_main=0.0280 L_int=0.0235 L_grad=0.0060 L_branch=0.0193 L_aux=0.0037 hit=[0.491, 0.498, 0.504, 0.508] elapsed=1:51:26
[F_gray ep 62/80] loss=0.0407 L_main=0.0282 L_int=0.0239 L_grad=0.0062 L_branch=0.0194 L_aux=0.0037 hit=[0.497, 0.503, 0.495, 0.505] elapsed=1:53:15
[F_gray ep 63/80] loss=0.0406 L_main=0.0281 L_int=0.0234 L_grad=0.0062 L_branch=0.0194 L_aux=0.0037 hit=[0.498, 0.504, 0.498, 0.499] elapsed=1:55:04
[F_gray ep 64/80] loss=0.0402 L_main=0.0279 L_int=0.0232 L_grad=0.0060 L_branch=0.0189 L_aux=0.0038 hit=[0.496, 0.497, 0.504, 0.503] elapsed=1:56:54
[F_gray ep 65/80] loss=0.0402 L_main=0.0280 L_int=0.0232 L_grad=0.0060 L_branch=0.0190 L_aux=0.0037 hit=[0.496, 0.499, 0.503, 0.502] elapsed=1:58:44
[F_gray ep 66/80] loss=0.0406 L_main=0.0283 L_int=0.0233 L_grad=0.0060 L_branch=0.0190 L_aux=0.0037 hit=[0.494, 0.505, 0.503, 0.498] elapsed=2:00:33
[F_gray ep 67/80] loss=0.0397 L_main=0.0276 L_int=0.0233 L_grad=0.0059 L_branch=0.0188 L_aux=0.0037 hit=[0.499, 0.502, 0.501, 0.498] elapsed=2:02:23
[F_gray ep 68/80] loss=0.0408 L_main=0.0284 L_int=0.0237 L_grad=0.0061 L_branch=0.0189 L_aux=0.0038 hit=[0.494, 0.506, 0.503, 0.497] elapsed=2:04:12
[F_gray ep 69/80] loss=0.0396 L_main=0.0273 L_int=0.0233 L_grad=0.0059 L_branch=0.0187 L_aux=0.0038 hit=[0.492, 0.503, 0.502, 0.503] elapsed=2:06:01
[F_gray ep 70/80] loss=0.0397 L_main=0.0275 L_int=0.0231 L_grad=0.0059 L_branch=0.0187 L_aux=0.0038 hit=[0.497, 0.500, 0.500, 0.503] elapsed=2:07:51
  saved epoch snapshot: /root/autodl-tmp/URFusion-main/our_model_1_DualMoE/train-jobs/ckpt/Abl_DualMoE_wo_Dual/epoch_070/ckpt.pth
[F_gray ep 71/80] loss=0.0400 L_main=0.0277 L_int=0.0235 L_grad=0.0060 L_branch=0.0185 L_aux=0.0037 hit=[0.495, 0.495, 0.507, 0.503] elapsed=2:09:40
[F_gray ep 72/80] loss=0.0407 L_main=0.0285 L_int=0.0234 L_grad=0.0059 L_branch=0.0187 L_aux=0.0039 hit=[0.494, 0.501, 0.506, 0.499] elapsed=2:11:29
[F_gray ep 73/80] loss=0.0402 L_main=0.0281 L_int=0.0233 L_grad=0.0059 L_branch=0.0187 L_aux=0.0036 hit=[0.492, 0.500, 0.502, 0.506] elapsed=2:13:19
[F_gray ep 74/80] loss=0.0397 L_main=0.0278 L_int=0.0227 L_grad=0.0058 L_branch=0.0184 L_aux=0.0037 hit=[0.491, 0.500, 0.501, 0.508] elapsed=2:15:08
[F_gray ep 75/80] loss=0.0408 L_main=0.0283 L_int=0.0238 L_grad=0.0061 L_branch=0.0186 L_aux=0.0038 hit=[0.492, 0.506, 0.502, 0.500] elapsed=2:16:58
[F_gray ep 76/80] loss=0.0401 L_main=0.0282 L_int=0.0230 L_grad=0.0057 L_branch=0.0182 L_aux=0.0037 hit=[0.491, 0.506, 0.497, 0.506] elapsed=2:18:47
[F_gray ep 77/80] loss=0.0398 L_main=0.0278 L_int=0.0234 L_grad=0.0058 L_branch=0.0184 L_aux=0.0037 hit=[0.491, 0.504, 0.498, 0.506] elapsed=2:20:36
[F_gray ep 78/80] loss=0.0394 L_main=0.0275 L_int=0.0228 L_grad=0.0058 L_branch=0.0183 L_aux=0.0037 hit=[0.496, 0.504, 0.498, 0.502] elapsed=2:22:26
[F_gray ep 79/80] loss=0.0401 L_main=0.0282 L_int=0.0231 L_grad=0.0057 L_branch=0.0182 L_aux=0.0037 hit=[0.495, 0.496, 0.506, 0.504] elapsed=2:24:15
[F_gray ep 80/80] loss=0.0402 L_main=0.0283 L_int=0.0235 L_grad=0.0058 L_branch=0.0183 L_aux=0.0036 hit=[0.497, 0.500, 0.502, 0.501] elapsed=2:26:05
  saved epoch snapshot: /root/autodl-tmp/URFusion-main/our_model_1_DualMoE/train-jobs/ckpt/Abl_DualMoE_wo_Dual/epoch_080/ckpt.pth
[DONE A1] Abl_DualMoE_wo_Dual
[2026-09-04 03:06:10] DONE Abl_DualMoE_wo_Dual
[2026-09-04 03:06:10] ===== A1 DONE =====
[2026-09-04 03:06:10] ===== A2 Abl_DualMoE_wo_MoE =====
[2026-09-04 03:06:10] START Abl_DualMoE_wo_MoE (A2)
[START A2] Abl_DualMoE_wo_MoE | fusion_model=dual_conv
  ablation=/root/autodl-tmp/URFusion-main/ablation/Abl_DualMoE_wo_MoE
  data=/root/autodl-tmp/URFusion-main/datasets/training_noleak/train
  moe=False (single FusionExpertBlock), lambda_aux=0.0
  ckpt=/root/autodl-tmp/URFusion-main/our_model_1_DualMoE/train-jobs/ckpt/Abl_DualMoE_wo_MoE/Abl_DualMoE_wo_MoE_ckpt.pth
[F_gray ep 1/80] loss=0.0843 L_main=0.0249 L_int=0.0558 L_grad=0.0522 L_branch=0.1608 L_aux=0.0000 p_vis=0.482 p_ir=0.518 elapsed=0:01:25
[F_gray ep 2/80] loss=0.0508 L_main=0.0269 L_int=0.0336 L_grad=0.0201 L_branch=0.0425 L_aux=0.0000 p_vis=0.493 p_ir=0.507 elapsed=0:02:47
[F_gray ep 3/80] loss=0.0475 L_main=0.0273 L_int=0.0303 L_grad=0.0167 L_branch=0.0414 L_aux=0.0000 p_vis=0.494 p_ir=0.506 elapsed=0:04:09
[F_gray ep 4/80] loss=0.0455 L_main=0.0274 L_int=0.0298 L_grad=0.0147 L_branch=0.0409 L_aux=0.0000 p_vis=0.490 p_ir=0.510 elapsed=0:05:31
[F_gray ep 5/80] loss=0.0444 L_main=0.0281 L_int=0.0283 L_grad=0.0130 L_branch=0.0369 L_aux=0.0000 p_vis=0.486 p_ir=0.514 elapsed=0:06:53
[F_gray ep 6/80] loss=0.0417 L_main=0.0272 L_int=0.0273 L_grad=0.0114 L_branch=0.0354 L_aux=0.0000 p_vis=0.489 p_ir=0.511 elapsed=0:08:16
[F_gray ep 7/80] loss=0.0426 L_main=0.0281 L_int=0.0278 L_grad=0.0113 L_branch=0.0352 L_aux=0.0000 p_vis=0.489 p_ir=0.511 elapsed=0:09:38
[F_gray ep 8/80] loss=0.0410 L_main=0.0277 L_int=0.0270 L_grad=0.0103 L_branch=0.0343 L_aux=0.0000 p_vis=0.489 p_ir=0.511 elapsed=0:11:00
[F_gray ep 9/80] loss=0.0401 L_main=0.0272 L_int=0.0262 L_grad=0.0099 L_branch=0.0335 L_aux=0.0000 p_vis=0.489 p_ir=0.511 elapsed=0:12:22
[F_gray ep 10/80] loss=0.0397 L_main=0.0273 L_int=0.0258 L_grad=0.0095 L_branch=0.0331 L_aux=0.0000 p_vis=0.489 p_ir=0.511 elapsed=0:13:44
  saved epoch snapshot: /root/autodl-tmp/URFusion-main/our_model_1_DualMoE/train-jobs/ckpt/Abl_DualMoE_wo_MoE/epoch_010/ckpt.pth
[F_gray ep 11/80] loss=0.0401 L_main=0.0279 L_int=0.0261 L_grad=0.0093 L_branch=0.0328 L_aux=0.0000 p_vis=0.488 p_ir=0.512 elapsed=0:15:07
[F_gray ep 12/80] loss=0.0393 L_main=0.0275 L_int=0.0255 L_grad=0.0089 L_branch=0.0322 L_aux=0.0000 p_vis=0.488 p_ir=0.512 elapsed=0:16:29
[F_gray ep 13/80] loss=0.0394 L_main=0.0276 L_int=0.0258 L_grad=0.0089 L_branch=0.0317 L_aux=0.0000 p_vis=0.488 p_ir=0.512 elapsed=0:17:51
[F_gray ep 14/80] loss=0.0393 L_main=0.0276 L_int=0.0256 L_grad=0.0089 L_branch=0.0316 L_aux=0.0000 p_vis=0.489 p_ir=0.511 elapsed=0:19:13
[F_gray ep 15/80] loss=0.0397 L_main=0.0281 L_int=0.0261 L_grad=0.0087 L_branch=0.0310 L_aux=0.0000 p_vis=0.490 p_ir=0.510 elapsed=0:20:35
[F_gray ep 16/80] loss=0.0398 L_main=0.0284 L_int=0.0261 L_grad=0.0086 L_branch=0.0306 L_aux=0.0000 p_vis=0.488 p_ir=0.512 elapsed=0:21:57
[F_gray ep 17/80] loss=0.0390 L_main=0.0279 L_int=0.0254 L_grad=0.0083 L_branch=0.0299 L_aux=0.0000 p_vis=0.491 p_ir=0.509 elapsed=0:23:20
[F_gray ep 18/80] loss=0.0394 L_main=0.0283 L_int=0.0252 L_grad=0.0082 L_branch=0.0295 L_aux=0.0000 p_vis=0.490 p_ir=0.510 elapsed=0:24:42
[F_gray ep 19/80] loss=0.0385 L_main=0.0276 L_int=0.0250 L_grad=0.0081 L_branch=0.0287 L_aux=0.0000 p_vis=0.488 p_ir=0.512 elapsed=0:26:04
[F_gray ep 20/80] loss=0.0388 L_main=0.0280 L_int=0.0252 L_grad=0.0080 L_branch=0.0283 L_aux=0.0000 p_vis=0.489 p_ir=0.511 elapsed=0:27:26
  saved epoch snapshot: /root/autodl-tmp/URFusion-main/our_model_1_DualMoE/train-jobs/ckpt/Abl_DualMoE_wo_MoE/epoch_020/ckpt.pth
[F_gray ep 21/80] loss=0.0389 L_main=0.0281 L_int=0.0251 L_grad=0.0079 L_branch=0.0276 L_aux=0.0000 p_vis=0.490 p_ir=0.510 elapsed=0:28:50
[F_gray ep 22/80] loss=0.0384 L_main=0.0278 L_int=0.0248 L_grad=0.0078 L_branch=0.0270 L_aux=0.0000 p_vis=0.489 p_ir=0.511 elapsed=0:30:12
[F_gray ep 23/80] loss=0.0385 L_main=0.0281 L_int=0.0249 L_grad=0.0077 L_branch=0.0265 L_aux=0.0000 p_vis=0.492 p_ir=0.508 elapsed=0:31:35
[F_gray ep 24/80] loss=0.0384 L_main=0.0280 L_int=0.0253 L_grad=0.0076 L_branch=0.0258 L_aux=0.0000 p_vis=0.491 p_ir=0.509 elapsed=0:32:57
[F_gray ep 25/80] loss=0.0384 L_main=0.0281 L_int=0.0247 L_grad=0.0076 L_branch=0.0250 L_aux=0.0000 p_vis=0.490 p_ir=0.510 elapsed=0:34:19
[F_gray ep 26/80] loss=0.0383 L_main=0.0280 L_int=0.0247 L_grad=0.0076 L_branch=0.0246 L_aux=0.0000 p_vis=0.490 p_ir=0.510 elapsed=0:35:41
[F_gray ep 27/80] loss=0.0377 L_main=0.0277 L_int=0.0248 L_grad=0.0072 L_branch=0.0239 L_aux=0.0000 p_vis=0.492 p_ir=0.508 elapsed=0:37:03
[F_gray ep 28/80] loss=0.0385 L_main=0.0284 L_int=0.0246 L_grad=0.0073 L_branch=0.0236 L_aux=0.0000 p_vis=0.491 p_ir=0.509 elapsed=0:38:26
[F_gray ep 29/80] loss=0.0385 L_main=0.0284 L_int=0.0250 L_grad=0.0074 L_branch=0.0231 L_aux=0.0000 p_vis=0.493 p_ir=0.507 elapsed=0:39:48
[F_gray ep 30/80] loss=0.0373 L_main=0.0275 L_int=0.0246 L_grad=0.0071 L_branch=0.0227 L_aux=0.0000 p_vis=0.494 p_ir=0.506 elapsed=0:41:10
  saved epoch snapshot: /root/autodl-tmp/URFusion-main/our_model_1_DualMoE/train-jobs/ckpt/Abl_DualMoE_wo_MoE/epoch_030/ckpt.pth
[F_gray ep 31/80] loss=0.0371 L_main=0.0275 L_int=0.0237 L_grad=0.0070 L_branch=0.0223 L_aux=0.0000 p_vis=0.495 p_ir=0.505 elapsed=0:42:32
[F_gray ep 32/80] loss=0.0376 L_main=0.0279 L_int=0.0243 L_grad=0.0070 L_branch=0.0221 L_aux=0.0000 p_vis=0.494 p_ir=0.506 elapsed=0:43:54
[F_gray ep 33/80] loss=0.0381 L_main=0.0283 L_int=0.0242 L_grad=0.0072 L_branch=0.0217 L_aux=0.0000 p_vis=0.494 p_ir=0.506 elapsed=0:45:16
[F_gray ep 34/80] loss=0.0376 L_main=0.0279 L_int=0.0240 L_grad=0.0071 L_branch=0.0214 L_aux=0.0000 p_vis=0.496 p_ir=0.504 elapsed=0:46:39
[F_gray ep 35/80] loss=0.0375 L_main=0.0280 L_int=0.0243 L_grad=0.0069 L_branch=0.0210 L_aux=0.0000 p_vis=0.496 p_ir=0.504 elapsed=0:48:01
[F_gray ep 36/80] loss=0.0380 L_main=0.0284 L_int=0.0246 L_grad=0.0070 L_branch=0.0208 L_aux=0.0000 p_vis=0.495 p_ir=0.505 elapsed=0:49:23
[F_gray ep 37/80] loss=0.0376 L_main=0.0281 L_int=0.0244 L_grad=0.0069 L_branch=0.0205 L_aux=0.0000 p_vis=0.496 p_ir=0.504 elapsed=0:50:45
[F_gray ep 38/80] loss=0.0375 L_main=0.0281 L_int=0.0239 L_grad=0.0067 L_branch=0.0202 L_aux=0.0000 p_vis=0.495 p_ir=0.505 elapsed=0:52:08
[F_gray ep 39/80] loss=0.0388 L_main=0.0291 L_int=0.0249 L_grad=0.0070 L_branch=0.0202 L_aux=0.0000 p_vis=0.494 p_ir=0.506 elapsed=0:53:30
[F_gray ep 40/80] loss=0.0371 L_main=0.0279 L_int=0.0241 L_grad=0.0066 L_branch=0.0198 L_aux=0.0000 p_vis=0.498 p_ir=0.502 elapsed=0:54:52
  saved epoch snapshot: /root/autodl-tmp/URFusion-main/our_model_1_DualMoE/train-jobs/ckpt/Abl_DualMoE_wo_MoE/epoch_040/ckpt.pth
[F_gray ep 41/80] loss=0.0367 L_main=0.0276 L_int=0.0239 L_grad=0.0065 L_branch=0.0196 L_aux=0.0000 p_vis=0.499 p_ir=0.501 elapsed=0:56:15
[F_gray ep 42/80] loss=0.0377 L_main=0.0282 L_int=0.0242 L_grad=0.0069 L_branch=0.0196 L_aux=0.0000 p_vis=0.499 p_ir=0.501 elapsed=0:57:37
[F_gray ep 43/80] loss=0.0376 L_main=0.0282 L_int=0.0241 L_grad=0.0068 L_branch=0.0194 L_aux=0.0000 p_vis=0.497 p_ir=0.503 elapsed=0:59:00
[F_gray ep 44/80] loss=0.0368 L_main=0.0277 L_int=0.0240 L_grad=0.0065 L_branch=0.0191 L_aux=0.0000 p_vis=0.499 p_ir=0.501 elapsed=1:00:22
[F_gray ep 45/80] loss=0.0373 L_main=0.0280 L_int=0.0240 L_grad=0.0067 L_branch=0.0191 L_aux=0.0000 p_vis=0.498 p_ir=0.502 elapsed=1:01:44
[F_gray ep 46/80] loss=0.0368 L_main=0.0279 L_int=0.0235 L_grad=0.0064 L_branch=0.0188 L_aux=0.0000 p_vis=0.499 p_ir=0.501 elapsed=1:03:05
[F_gray ep 47/80] loss=0.0368 L_main=0.0277 L_int=0.0235 L_grad=0.0065 L_branch=0.0188 L_aux=0.0000 p_vis=0.500 p_ir=0.500 elapsed=1:04:28
[F_gray ep 48/80] loss=0.0372 L_main=0.0281 L_int=0.0242 L_grad=0.0066 L_branch=0.0187 L_aux=0.0000 p_vis=0.498 p_ir=0.502 elapsed=1:05:50
[F_gray ep 49/80] loss=0.0373 L_main=0.0284 L_int=0.0235 L_grad=0.0064 L_branch=0.0185 L_aux=0.0000 p_vis=0.499 p_ir=0.501 elapsed=1:07:12
[F_gray ep 50/80] loss=0.0365 L_main=0.0278 L_int=0.0231 L_grad=0.0063 L_branch=0.0183 L_aux=0.0000 p_vis=0.500 p_ir=0.500 elapsed=1:08:34
  saved epoch snapshot: /root/autodl-tmp/URFusion-main/our_model_1_DualMoE/train-jobs/ckpt/Abl_DualMoE_wo_MoE/epoch_050/ckpt.pth
[F_gray ep 51/80] loss=0.0371 L_main=0.0282 L_int=0.0237 L_grad=0.0064 L_branch=0.0183 L_aux=0.0000 p_vis=0.500 p_ir=0.500 elapsed=1:09:56
[F_gray ep 52/80] loss=0.0367 L_main=0.0279 L_int=0.0235 L_grad=0.0063 L_branch=0.0182 L_aux=0.0000 p_vis=0.500 p_ir=0.500 elapsed=1:11:19
[F_gray ep 53/80] loss=0.0366 L_main=0.0278 L_int=0.0235 L_grad=0.0063 L_branch=0.0181 L_aux=0.0000 p_vis=0.501 p_ir=0.499 elapsed=1:12:41
[F_gray ep 54/80] loss=0.0363 L_main=0.0275 L_int=0.0235 L_grad=0.0063 L_branch=0.0181 L_aux=0.0000 p_vis=0.503 p_ir=0.497 elapsed=1:14:03
[F_gray ep 55/80] loss=0.0375 L_main=0.0285 L_int=0.0238 L_grad=0.0064 L_branch=0.0181 L_aux=0.0000 p_vis=0.500 p_ir=0.500 elapsed=1:15:25
[F_gray ep 56/80] loss=0.0366 L_main=0.0278 L_int=0.0236 L_grad=0.0062 L_branch=0.0179 L_aux=0.0000 p_vis=0.501 p_ir=0.499 elapsed=1:16:47
[F_gray ep 57/80] loss=0.0365 L_main=0.0279 L_int=0.0233 L_grad=0.0060 L_branch=0.0177 L_aux=0.0000 p_vis=0.504 p_ir=0.496 elapsed=1:18:09
[F_gray ep 58/80] loss=0.0365 L_main=0.0277 L_int=0.0235 L_grad=0.0063 L_branch=0.0178 L_aux=0.0000 p_vis=0.503 p_ir=0.497 elapsed=1:19:31
[F_gray ep 59/80] loss=0.0364 L_main=0.0279 L_int=0.0235 L_grad=0.0060 L_branch=0.0177 L_aux=0.0000 p_vis=0.501 p_ir=0.499 elapsed=1:20:54
[F_gray ep 60/80] loss=0.0361 L_main=0.0276 L_int=0.0231 L_grad=0.0060 L_branch=0.0175 L_aux=0.0000 p_vis=0.504 p_ir=0.496 elapsed=1:22:16
  saved epoch snapshot: /root/autodl-tmp/URFusion-main/our_model_1_DualMoE/train-jobs/ckpt/Abl_DualMoE_wo_MoE/epoch_060/ckpt.pth
[F_gray ep 61/80] loss=0.0363 L_main=0.0278 L_int=0.0230 L_grad=0.0060 L_branch=0.0175 L_aux=0.0000 p_vis=0.502 p_ir=0.498 elapsed=1:23:39
[F_gray ep 62/80] loss=0.0368 L_main=0.0283 L_int=0.0237 L_grad=0.0060 L_branch=0.0175 L_aux=0.0000 p_vis=0.503 p_ir=0.497 elapsed=1:25:01
[F_gray ep 63/80] loss=0.0360 L_main=0.0276 L_int=0.0227 L_grad=0.0060 L_branch=0.0173 L_aux=0.0000 p_vis=0.504 p_ir=0.496 elapsed=1:26:23
[F_gray ep 64/80] loss=0.0364 L_main=0.0280 L_int=0.0230 L_grad=0.0059 L_branch=0.0173 L_aux=0.0000 p_vis=0.504 p_ir=0.496 elapsed=1:27:45
[F_gray ep 65/80] loss=0.0368 L_main=0.0282 L_int=0.0240 L_grad=0.0060 L_branch=0.0173 L_aux=0.0000 p_vis=0.504 p_ir=0.496 elapsed=1:29:08
[F_gray ep 66/80] loss=0.0363 L_main=0.0279 L_int=0.0233 L_grad=0.0059 L_branch=0.0171 L_aux=0.0000 p_vis=0.505 p_ir=0.495 elapsed=1:30:30
[F_gray ep 67/80] loss=0.0364 L_main=0.0281 L_int=0.0234 L_grad=0.0059 L_branch=0.0171 L_aux=0.0000 p_vis=0.504 p_ir=0.496 elapsed=1:31:52
[F_gray ep 68/80] loss=0.0366 L_main=0.0282 L_int=0.0237 L_grad=0.0059 L_branch=0.0170 L_aux=0.0000 p_vis=0.502 p_ir=0.498 elapsed=1:33:14
[F_gray ep 69/80] loss=0.0366 L_main=0.0282 L_int=0.0230 L_grad=0.0059 L_branch=0.0170 L_aux=0.0000 p_vis=0.501 p_ir=0.499 elapsed=1:34:36
[F_gray ep 70/80] loss=0.0372 L_main=0.0286 L_int=0.0239 L_grad=0.0060 L_branch=0.0170 L_aux=0.0000 p_vis=0.501 p_ir=0.499 elapsed=1:35:59
  saved epoch snapshot: /root/autodl-tmp/URFusion-main/our_model_1_DualMoE/train-jobs/ckpt/Abl_DualMoE_wo_MoE/epoch_070/ckpt.pth
[F_gray ep 71/80] loss=0.0357 L_main=0.0275 L_int=0.0227 L_grad=0.0057 L_branch=0.0168 L_aux=0.0000 p_vis=0.505 p_ir=0.495 elapsed=1:37:21
[F_gray ep 72/80] loss=0.0367 L_main=0.0283 L_int=0.0234 L_grad=0.0059 L_branch=0.0167 L_aux=0.0000 p_vis=0.503 p_ir=0.497 elapsed=1:38:43
[F_gray ep 73/80] loss=0.0366 L_main=0.0283 L_int=0.0234 L_grad=0.0058 L_branch=0.0167 L_aux=0.0000 p_vis=0.504 p_ir=0.496 elapsed=1:40:05
[F_gray ep 74/80] loss=0.0359 L_main=0.0277 L_int=0.0231 L_grad=0.0057 L_branch=0.0166 L_aux=0.0000 p_vis=0.505 p_ir=0.495 elapsed=1:41:28
[F_gray ep 75/80] loss=0.0359 L_main=0.0277 L_int=0.0230 L_grad=0.0058 L_branch=0.0166 L_aux=0.0000 p_vis=0.506 p_ir=0.494 elapsed=1:42:50
[F_gray ep 76/80] loss=0.0355 L_main=0.0274 L_int=0.0225 L_grad=0.0056 L_branch=0.0164 L_aux=0.0000 p_vis=0.505 p_ir=0.495 elapsed=1:44:12
[F_gray ep 77/80] loss=0.0360 L_main=0.0279 L_int=0.0231 L_grad=0.0056 L_branch=0.0163 L_aux=0.0000 p_vis=0.506 p_ir=0.494 elapsed=1:45:34
[F_gray ep 78/80] loss=0.0363 L_main=0.0282 L_int=0.0228 L_grad=0.0057 L_branch=0.0164 L_aux=0.0000 p_vis=0.504 p_ir=0.496 elapsed=1:46:57
[F_gray ep 79/80] loss=0.0361 L_main=0.0279 L_int=0.0232 L_grad=0.0057 L_branch=0.0163 L_aux=0.0000 p_vis=0.505 p_ir=0.495 elapsed=1:48:19
[F_gray ep 80/80] loss=0.0364 L_main=0.0282 L_int=0.0234 L_grad=0.0057 L_branch=0.0163 L_aux=0.0000 p_vis=0.506 p_ir=0.494 elapsed=1:49:41
  saved epoch snapshot: /root/autodl-tmp/URFusion-main/our_model_1_DualMoE/train-jobs/ckpt/Abl_DualMoE_wo_MoE/epoch_080/ckpt.pth
[DONE A2] Abl_DualMoE_wo_MoE
[2026-09-04 04:55:57] DONE Abl_DualMoE_wo_MoE
[2026-09-04 04:55:57] ===== A2 DONE =====
[2026-09-04 04:55:57] ========== A1 then A2 COMPLETE ==========
[2026-09-04 04:55:57] [SHUTDOWN] both trains succeeded; calling /usr/bin/shutdown
