
libgomp: Invalid value for environment variable OMP_NUM_THREADS
[START] Abl_DualMoE_wo_Lint | fusion_model=dual_moe_gray
  data=/root/autodl-tmp/URFusion-main/datasets/training_noleak/train
  C_vis=Vis_Content_noleak | C_ir=ir_Content_noleak
  batch=12 patch=160 epochs=80
  lambda_int=0.0 lambda_grad=1.0 lambda_branch=0.01 lambda_aux=0.03
  ckpt=/root/autodl-tmp/URFusion-main/our_model_1_DualMoE/train-jobs/ckpt/Abl_DualMoE_wo_Lint/Abl_DualMoE_wo_Lint_ckpt.pth
  fixed_dir=/root/autodl-tmp/URFusion-main/our_model_1_DualMoE/train-jobs/fixed_examples/Abl_DualMoE_wo_Lint (n=3)
[F_gray ep 1/80] loss=0.0963 L_main=0.0289 L_int=0.1563 L_grad=0.0613 L_branch=0.2269 L_aux=0.0038 hit=[0.497, 0.501, 0.504, 0.498] p_vis=0.352 p_ir=0.648 Y_vis μ/σ=0.312/0.206 IR μ/σ=0.251/0.189 elapsed=0:03:48
[F_gray ep 2/80] loss=0.0561 L_main=0.0262 L_int=0.0878 L_grad=0.0260 L_branch=0.0429 L_aux=0.0034 hit=[0.506, 0.495, 0.494, 0.504] p_vis=0.450 p_ir=0.550 Y_vis μ/σ=0.315/0.207 IR μ/σ=0.252/0.190 elapsed=0:07:33
[F_gray ep 3/80] loss=0.0468 L_main=0.0267 L_int=0.0763 L_grad=0.0161 L_branch=0.0392 L_aux=0.0036 hit=[0.500, 0.500, 0.501, 0.500] p_vis=0.456 p_ir=0.544 Y_vis μ/σ=0.312/0.207 IR μ/σ=0.251/0.189 elapsed=0:11:20
[F_gray ep 4/80] loss=0.0440 L_main=0.0266 L_int=0.0734 L_grad=0.0134 L_branch=0.0371 L_aux=0.0036 hit=[0.505, 0.495, 0.501, 0.500] p_vis=0.460 p_ir=0.540 Y_vis μ/σ=0.312/0.205 IR μ/σ=0.251/0.189 elapsed=0:15:03
[F_gray ep 5/80] loss=0.0427 L_main=0.0269 L_int=0.0703 L_grad=0.0119 L_branch=0.0365 L_aux=0.0035 hit=[0.509, 0.492, 0.494, 0.505] p_vis=0.461 p_ir=0.539 Y_vis μ/σ=0.314/0.206 IR μ/σ=0.251/0.189 elapsed=0:18:49
[F_gray ep 6/80] loss=0.0428 L_main=0.0277 L_int=0.0669 L_grad=0.0112 L_branch=0.0358 L_aux=0.0035 hit=[0.511, 0.491, 0.500, 0.498] p_vis=0.459 p_ir=0.541 Y_vis μ/σ=0.314/0.207 IR μ/σ=0.249/0.189 elapsed=0:22:32
[F_gray ep 7/80] loss=0.0414 L_main=0.0270 L_int=0.0658 L_grad=0.0106 L_branch=0.0354 L_aux=0.0034 hit=[0.506, 0.499, 0.502, 0.492] p_vis=0.458 p_ir=0.542 Y_vis μ/σ=0.311/0.206 IR μ/σ=0.252/0.190 elapsed=0:26:14
[F_gray ep 8/80] loss=0.0419 L_main=0.0280 L_int=0.0647 L_grad=0.0102 L_branch=0.0351 L_aux=0.0034 hit=[0.511, 0.496, 0.497, 0.496] p_vis=0.456 p_ir=0.544 Y_vis μ/σ=0.313/0.205 IR μ/σ=0.252/0.190 elapsed=0:29:59
[F_gray ep 9/80] loss=0.0403 L_main=0.0268 L_int=0.0641 L_grad=0.0097 L_branch=0.0344 L_aux=0.0035 hit=[0.512, 0.496, 0.500, 0.493] p_vis=0.452 p_ir=0.548 Y_vis μ/σ=0.314/0.207 IR μ/σ=0.253/0.190 elapsed=0:33:42
[F_gray ep 10/80] loss=0.0412 L_main=0.0279 L_int=0.0634 L_grad=0.0095 L_branch=0.0340 L_aux=0.0035 hit=[0.511, 0.491, 0.497, 0.501] p_vis=0.451 p_ir=0.549 Y_vis μ/σ=0.311/0.207 IR μ/σ=0.251/0.190 elapsed=0:37:28
  saved epoch snapshot: ../train-jobs/ckpt/Abl_DualMoE_wo_Lint/epoch_010/ckpt.pth
[F_gray ep 11/80] loss=0.0410 L_main=0.0277 L_int=0.0640 L_grad=0.0096 L_branch=0.0341 L_aux=0.0034 hit=[0.509, 0.490, 0.499, 0.502] p_vis=0.448 p_ir=0.552 Y_vis μ/σ=0.314/0.208 IR μ/σ=0.254/0.190 elapsed=0:41:12
[F_gray ep 12/80] loss=0.0411 L_main=0.0278 L_int=0.0629 L_grad=0.0093 L_branch=0.0336 L_aux=0.0036 hit=[0.513, 0.489, 0.500, 0.498] p_vis=0.446 p_ir=0.554 Y_vis μ/σ=0.313/0.207 IR μ/σ=0.251/0.189 elapsed=0:44:58
[F_gray ep 13/80] loss=0.0406 L_main=0.0276 L_int=0.0614 L_grad=0.0092 L_branch=0.0334 L_aux=0.0034 hit=[0.507, 0.492, 0.504, 0.497] p_vis=0.444 p_ir=0.556 Y_vis μ/σ=0.311/0.206 IR μ/σ=0.253/0.189 elapsed=0:48:40
[F_gray ep 14/80] loss=0.0398 L_main=0.0272 L_int=0.0625 L_grad=0.0088 L_branch=0.0324 L_aux=0.0034 hit=[0.510, 0.494, 0.499, 0.497] p_vis=0.442 p_ir=0.558 Y_vis μ/σ=0.313/0.207 IR μ/σ=0.254/0.190 elapsed=0:52:23
[F_gray ep 15/80] loss=0.0405 L_main=0.0279 L_int=0.0614 L_grad=0.0089 L_branch=0.0323 L_aux=0.0033 hit=[0.511, 0.495, 0.496, 0.498] p_vis=0.440 p_ir=0.560 Y_vis μ/σ=0.313/0.207 IR μ/σ=0.252/0.192 elapsed=0:56:05
[F_gray ep 16/80] loss=0.0396 L_main=0.0273 L_int=0.0614 L_grad=0.0086 L_branch=0.0314 L_aux=0.0033 hit=[0.504, 0.492, 0.498, 0.506] p_vis=0.438 p_ir=0.562 Y_vis μ/σ=0.311/0.206 IR μ/σ=0.253/0.191 elapsed=0:59:50
[F_gray ep 17/80] loss=0.0403 L_main=0.0279 L_int=0.0609 L_grad=0.0086 L_branch=0.0313 L_aux=0.0034 hit=[0.508, 0.492, 0.500, 0.500] p_vis=0.436 p_ir=0.564 Y_vis μ/σ=0.312/0.206 IR μ/σ=0.253/0.191 elapsed=1:03:33
[F_gray ep 18/80] loss=0.0401 L_main=0.0277 L_int=0.0611 L_grad=0.0088 L_branch=0.0307 L_aux=0.0034 hit=[0.506, 0.488, 0.505, 0.501] p_vis=0.434 p_ir=0.566 Y_vis μ/σ=0.311/0.205 IR μ/σ=0.254/0.191 elapsed=1:07:17
[F_gray ep 19/80] loss=0.0396 L_main=0.0274 L_int=0.0612 L_grad=0.0085 L_branch=0.0298 L_aux=0.0034 hit=[0.503, 0.493, 0.503, 0.501] p_vis=0.433 p_ir=0.567 Y_vis μ/σ=0.314/0.209 IR μ/σ=0.252/0.191 elapsed=1:11:01
[F_gray ep 20/80] loss=0.0399 L_main=0.0278 L_int=0.0602 L_grad=0.0083 L_branch=0.0294 L_aux=0.0034 hit=[0.508, 0.491, 0.501, 0.501] p_vis=0.433 p_ir=0.567 Y_vis μ/σ=0.313/0.208 IR μ/σ=0.254/0.190 elapsed=1:14:46
  saved epoch snapshot: ../train-jobs/ckpt/Abl_DualMoE_wo_Lint/epoch_020/ckpt.pth
[F_gray ep 21/80] loss=0.0390 L_main=0.0272 L_int=0.0589 L_grad=0.0082 L_branch=0.0288 L_aux=0.0034 hit=[0.508, 0.486, 0.505, 0.501] p_vis=0.433 p_ir=0.567 Y_vis μ/σ=0.313/0.206 IR μ/σ=0.252/0.190 elapsed=1:18:34
[F_gray ep 22/80] loss=0.0392 L_main=0.0274 L_int=0.0589 L_grad=0.0082 L_branch=0.0281 L_aux=0.0034 hit=[0.505, 0.493, 0.495, 0.507] p_vis=0.431 p_ir=0.569 Y_vis μ/σ=0.312/0.206 IR μ/σ=0.252/0.190 elapsed=1:22:17
[F_gray ep 23/80] loss=0.0393 L_main=0.0276 L_int=0.0587 L_grad=0.0081 L_branch=0.0276 L_aux=0.0033 hit=[0.498, 0.496, 0.501, 0.505] p_vis=0.431 p_ir=0.569 Y_vis μ/σ=0.314/0.208 IR μ/σ=0.251/0.190 elapsed=1:26:01
[F_gray ep 24/80] loss=0.0395 L_main=0.0277 L_int=0.0589 L_grad=0.0078 L_branch=0.0269 L_aux=0.0036 hit=[0.499, 0.498, 0.495, 0.507] p_vis=0.430 p_ir=0.570 Y_vis μ/σ=0.313/0.205 IR μ/σ=0.254/0.190 elapsed=1:29:45
[F_gray ep 25/80] loss=0.0396 L_main=0.0277 L_int=0.0593 L_grad=0.0081 L_branch=0.0267 L_aux=0.0035 hit=[0.508, 0.489, 0.500, 0.502] p_vis=0.429 p_ir=0.571 Y_vis μ/σ=0.314/0.206 IR μ/σ=0.252/0.190 elapsed=1:33:30
[F_gray ep 26/80] loss=0.0389 L_main=0.0273 L_int=0.0579 L_grad=0.0077 L_branch=0.0258 L_aux=0.0036 hit=[0.504, 0.494, 0.501, 0.500] p_vis=0.428 p_ir=0.572 Y_vis μ/σ=0.311/0.207 IR μ/σ=0.251/0.189 elapsed=1:37:11
[F_gray ep 27/80] loss=0.0391 L_main=0.0278 L_int=0.0581 L_grad=0.0078 L_branch=0.0252 L_aux=0.0033 hit=[0.506, 0.489, 0.498, 0.507] p_vis=0.428 p_ir=0.572 Y_vis μ/σ=0.313/0.207 IR μ/σ=0.254/0.190 elapsed=1:40:55
[F_gray ep 28/80] loss=0.0381 L_main=0.0269 L_int=0.0564 L_grad=0.0075 L_branch=0.0247 L_aux=0.0035 hit=[0.501, 0.497, 0.500, 0.502] p_vis=0.427 p_ir=0.573 Y_vis μ/σ=0.312/0.206 IR μ/σ=0.250/0.189 elapsed=1:44:37
[F_gray ep 29/80] loss=0.0384 L_main=0.0272 L_int=0.0578 L_grad=0.0075 L_branch=0.0242 L_aux=0.0034 hit=[0.511, 0.494, 0.498, 0.497] p_vis=0.429 p_ir=0.571 Y_vis μ/σ=0.314/0.206 IR μ/σ=0.254/0.191 elapsed=1:48:18
[F_gray ep 30/80] loss=0.0387 L_main=0.0275 L_int=0.0564 L_grad=0.0075 L_branch=0.0237 L_aux=0.0035 hit=[0.502, 0.492, 0.503, 0.503] p_vis=0.427 p_ir=0.573 Y_vis μ/σ=0.312/0.206 IR μ/σ=0.252/0.190 elapsed=1:52:03
  saved epoch snapshot: ../train-jobs/ckpt/Abl_DualMoE_wo_Lint/epoch_030/ckpt.pth
[F_gray ep 31/80] loss=0.0386 L_main=0.0273 L_int=0.0567 L_grad=0.0074 L_branch=0.0236 L_aux=0.0036 hit=[0.500, 0.494, 0.504, 0.502] p_vis=0.429 p_ir=0.571 Y_vis μ/σ=0.313/0.206 IR μ/σ=0.251/0.190 elapsed=1:55:48
[F_gray ep 32/80] loss=0.0386 L_main=0.0274 L_int=0.0571 L_grad=0.0073 L_branch=0.0231 L_aux=0.0036 hit=[0.506, 0.493, 0.499, 0.503] p_vis=0.429 p_ir=0.571 Y_vis μ/σ=0.310/0.205 IR μ/σ=0.253/0.190 elapsed=1:59:32
[F_gray ep 33/80] loss=0.0380 L_main=0.0271 L_int=0.0559 L_grad=0.0072 L_branch=0.0223 L_aux=0.0035 hit=[0.505, 0.494, 0.496, 0.505] p_vis=0.429 p_ir=0.571 Y_vis μ/σ=0.313/0.208 IR μ/σ=0.249/0.189 elapsed=2:03:16
[F_gray ep 34/80] loss=0.0387 L_main=0.0277 L_int=0.0577 L_grad=0.0073 L_branch=0.0223 L_aux=0.0035 hit=[0.515, 0.487, 0.494, 0.504] p_vis=0.427 p_ir=0.573 Y_vis μ/σ=0.312/0.206 IR μ/σ=0.254/0.191 elapsed=2:07:02
[F_gray ep 35/80] loss=0.0381 L_main=0.0273 L_int=0.0569 L_grad=0.0071 L_branch=0.0217 L_aux=0.0034 hit=[0.509, 0.490, 0.500, 0.500] p_vis=0.430 p_ir=0.570 Y_vis μ/σ=0.313/0.206 IR μ/σ=0.251/0.189 elapsed=2:10:43
[F_gray ep 36/80] loss=0.0387 L_main=0.0276 L_int=0.0566 L_grad=0.0072 L_branch=0.0216 L_aux=0.0036 hit=[0.506, 0.497, 0.500, 0.497] p_vis=0.429 p_ir=0.571 Y_vis μ/σ=0.311/0.208 IR μ/σ=0.253/0.191 elapsed=2:14:29
[F_gray ep 37/80] loss=0.0385 L_main=0.0277 L_int=0.0571 L_grad=0.0071 L_branch=0.0214 L_aux=0.0035 hit=[0.505, 0.495, 0.500, 0.500] p_vis=0.431 p_ir=0.569 Y_vis μ/σ=0.314/0.207 IR μ/σ=0.253/0.191 elapsed=2:18:11
[F_gray ep 38/80] loss=0.0386 L_main=0.0278 L_int=0.0568 L_grad=0.0071 L_branch=0.0211 L_aux=0.0035 hit=[0.503, 0.492, 0.499, 0.505] p_vis=0.431 p_ir=0.569 Y_vis μ/σ=0.313/0.207 IR μ/σ=0.252/0.190 elapsed=2:21:54
[F_gray ep 39/80] loss=0.0376 L_main=0.0268 L_int=0.0562 L_grad=0.0070 L_branch=0.0208 L_aux=0.0036 hit=[0.503, 0.497, 0.501, 0.499] p_vis=0.431 p_ir=0.569 Y_vis μ/σ=0.313/0.207 IR μ/σ=0.255/0.192 elapsed=2:25:37
[F_gray ep 40/80] loss=0.0380 L_main=0.0272 L_int=0.0567 L_grad=0.0071 L_branch=0.0208 L_aux=0.0035 hit=[0.502, 0.492, 0.499, 0.506] p_vis=0.433 p_ir=0.567 Y_vis μ/σ=0.313/0.206 IR μ/σ=0.253/0.191 elapsed=2:29:22
  saved epoch snapshot: ../train-jobs/ckpt/Abl_DualMoE_wo_Lint/epoch_040/ckpt.pth
[F_gray ep 41/80] loss=0.0376 L_main=0.0271 L_int=0.0567 L_grad=0.0067 L_branch=0.0202 L_aux=0.0035 hit=[0.510, 0.484, 0.501, 0.504] p_vis=0.433 p_ir=0.567 Y_vis μ/σ=0.313/0.208 IR μ/σ=0.251/0.188 elapsed=2:33:06
[F_gray ep 42/80] loss=0.0385 L_main=0.0276 L_int=0.0565 L_grad=0.0071 L_branch=0.0204 L_aux=0.0036 hit=[0.508, 0.496, 0.497, 0.499] p_vis=0.432 p_ir=0.568 Y_vis μ/σ=0.311/0.205 IR μ/σ=0.254/0.191 elapsed=2:36:50
[F_gray ep 43/80] loss=0.0376 L_main=0.0271 L_int=0.0555 L_grad=0.0068 L_branch=0.0199 L_aux=0.0035 hit=[0.506, 0.489, 0.497, 0.508] p_vis=0.433 p_ir=0.567 Y_vis μ/σ=0.312/0.206 IR μ/σ=0.253/0.190 elapsed=2:40:33
[F_gray ep 44/80] loss=0.0381 L_main=0.0275 L_int=0.0559 L_grad=0.0067 L_branch=0.0199 L_aux=0.0036 hit=[0.511, 0.496, 0.488, 0.504] p_vis=0.433 p_ir=0.567 Y_vis μ/σ=0.313/0.207 IR μ/σ=0.252/0.190 elapsed=2:44:16
[F_gray ep 45/80] loss=0.0377 L_main=0.0272 L_int=0.0562 L_grad=0.0068 L_branch=0.0199 L_aux=0.0036 hit=[0.503, 0.494, 0.496, 0.507] p_vis=0.433 p_ir=0.567 Y_vis μ/σ=0.314/0.209 IR μ/σ=0.252/0.190 elapsed=2:47:59
[F_gray ep 46/80] loss=0.0378 L_main=0.0275 L_int=0.0556 L_grad=0.0066 L_branch=0.0195 L_aux=0.0035 hit=[0.501, 0.500, 0.494, 0.505] p_vis=0.434 p_ir=0.566 Y_vis μ/σ=0.311/0.205 IR μ/σ=0.250/0.191 elapsed=2:51:42
[F_gray ep 47/80] loss=0.0370 L_main=0.0269 L_int=0.0557 L_grad=0.0064 L_branch=0.0191 L_aux=0.0035 hit=[0.505, 0.490, 0.503, 0.503] p_vis=0.434 p_ir=0.566 Y_vis μ/σ=0.312/0.205 IR μ/σ=0.253/0.190 elapsed=2:55:26
[F_gray ep 48/80] loss=0.0380 L_main=0.0275 L_int=0.0561 L_grad=0.0067 L_branch=0.0193 L_aux=0.0036 hit=[0.504, 0.497, 0.504, 0.496] p_vis=0.436 p_ir=0.564 Y_vis μ/σ=0.312/0.204 IR μ/σ=0.254/0.190 elapsed=2:59:09
[F_gray ep 49/80] loss=0.0370 L_main=0.0268 L_int=0.0557 L_grad=0.0065 L_branch=0.0191 L_aux=0.0036 hit=[0.505, 0.493, 0.503, 0.500] p_vis=0.435 p_ir=0.565 Y_vis μ/σ=0.312/0.206 IR μ/σ=0.253/0.191 elapsed=3:02:52
[F_gray ep 50/80] loss=0.0377 L_main=0.0275 L_int=0.0563 L_grad=0.0064 L_branch=0.0189 L_aux=0.0036 hit=[0.508, 0.490, 0.499, 0.502] p_vis=0.437 p_ir=0.563 Y_vis μ/σ=0.313/0.207 IR μ/σ=0.251/0.189 elapsed=3:06:33
  saved epoch snapshot: ../train-jobs/ckpt/Abl_DualMoE_wo_Lint/epoch_050/ckpt.pth
[F_gray ep 51/80] loss=0.0380 L_main=0.0277 L_int=0.0562 L_grad=0.0065 L_branch=0.0189 L_aux=0.0036 hit=[0.502, 0.491, 0.499, 0.508] p_vis=0.435 p_ir=0.565 Y_vis μ/σ=0.311/0.207 IR μ/σ=0.251/0.190 elapsed=3:10:18
[F_gray ep 52/80] loss=0.0378 L_main=0.0275 L_int=0.0571 L_grad=0.0066 L_branch=0.0187 L_aux=0.0036 hit=[0.503, 0.496, 0.498, 0.503] p_vis=0.436 p_ir=0.564 Y_vis μ/σ=0.313/0.206 IR μ/σ=0.254/0.191 elapsed=3:14:00
[F_gray ep 53/80] loss=0.0373 L_main=0.0272 L_int=0.0569 L_grad=0.0064 L_branch=0.0188 L_aux=0.0036 hit=[0.508, 0.492, 0.499, 0.502] p_vis=0.437 p_ir=0.563 Y_vis μ/σ=0.312/0.206 IR μ/σ=0.252/0.190 elapsed=3:17:43
[F_gray ep 54/80] loss=0.0376 L_main=0.0273 L_int=0.0565 L_grad=0.0065 L_branch=0.0187 L_aux=0.0036 hit=[0.503, 0.497, 0.500, 0.500] p_vis=0.437 p_ir=0.563 Y_vis μ/σ=0.314/0.207 IR μ/σ=0.251/0.189 elapsed=3:21:26
[F_gray ep 55/80] loss=0.0385 L_main=0.0281 L_int=0.0584 L_grad=0.0066 L_branch=0.0187 L_aux=0.0037 hit=[0.505, 0.493, 0.502, 0.500] p_vis=0.438 p_ir=0.562 Y_vis μ/σ=0.312/0.206 IR μ/σ=0.254/0.190 elapsed=3:25:08
[F_gray ep 56/80] loss=0.0375 L_main=0.0274 L_int=0.0553 L_grad=0.0064 L_branch=0.0185 L_aux=0.0036 hit=[0.507, 0.494, 0.498, 0.501] p_vis=0.439 p_ir=0.561 Y_vis μ/σ=0.312/0.206 IR μ/σ=0.252/0.191 elapsed=3:28:50
[F_gray ep 57/80] loss=0.0381 L_main=0.0278 L_int=0.0568 L_grad=0.0064 L_branch=0.0185 L_aux=0.0037 hit=[0.501, 0.500, 0.501, 0.498] p_vis=0.438 p_ir=0.562 Y_vis μ/σ=0.312/0.207 IR μ/σ=0.252/0.191 elapsed=3:32:33
[F_gray ep 58/80] loss=0.0371 L_main=0.0271 L_int=0.0564 L_grad=0.0064 L_branch=0.0184 L_aux=0.0034 hit=[0.505, 0.494, 0.497, 0.505] p_vis=0.439 p_ir=0.561 Y_vis μ/σ=0.315/0.207 IR μ/σ=0.251/0.189 elapsed=3:36:14
[F_gray ep 59/80] loss=0.0371 L_main=0.0271 L_int=0.0562 L_grad=0.0063 L_branch=0.0182 L_aux=0.0035 hit=[0.506, 0.495, 0.500, 0.500] p_vis=0.438 p_ir=0.562 Y_vis μ/σ=0.311/0.205 IR μ/σ=0.251/0.189 elapsed=3:39:54
[F_gray ep 60/80] loss=0.0369 L_main=0.0269 L_int=0.0560 L_grad=0.0062 L_branch=0.0180 L_aux=0.0035 hit=[0.503, 0.495, 0.503, 0.500] p_vis=0.440 p_ir=0.560 Y_vis μ/σ=0.312/0.205 IR μ/σ=0.252/0.189 elapsed=3:43:37
  saved epoch snapshot: ../train-jobs/ckpt/Abl_DualMoE_wo_Lint/epoch_060/ckpt.pth
[F_gray ep 61/80] loss=0.0377 L_main=0.0277 L_int=0.0574 L_grad=0.0062 L_branch=0.0181 L_aux=0.0036 hit=[0.502, 0.488, 0.504, 0.506] p_vis=0.440 p_ir=0.560 Y_vis μ/σ=0.313/0.207 IR μ/σ=0.252/0.191 elapsed=3:47:20
[F_gray ep 62/80] loss=0.0375 L_main=0.0276 L_int=0.0565 L_grad=0.0061 L_branch=0.0180 L_aux=0.0036 hit=[0.509, 0.493, 0.498, 0.500] p_vis=0.439 p_ir=0.561 Y_vis μ/σ=0.311/0.206 IR μ/σ=0.254/0.192 elapsed=3:51:01
[F_gray ep 63/80] loss=0.0367 L_main=0.0269 L_int=0.0571 L_grad=0.0061 L_branch=0.0178 L_aux=0.0035 hit=[0.506, 0.498, 0.497, 0.499] p_vis=0.440 p_ir=0.560 Y_vis μ/σ=0.312/0.207 IR μ/σ=0.255/0.190 elapsed=3:54:42
[F_gray ep 64/80] loss=0.0371 L_main=0.0272 L_int=0.0573 L_grad=0.0062 L_branch=0.0178 L_aux=0.0036 hit=[0.503, 0.490, 0.502, 0.506] p_vis=0.440 p_ir=0.560 Y_vis μ/σ=0.315/0.205 IR μ/σ=0.254/0.190 elapsed=3:58:24
[F_gray ep 65/80] loss=0.0378 L_main=0.0278 L_int=0.0561 L_grad=0.0062 L_branch=0.0178 L_aux=0.0036 hit=[0.505, 0.494, 0.499, 0.501] p_vis=0.440 p_ir=0.560 Y_vis μ/σ=0.315/0.208 IR μ/σ=0.251/0.189 elapsed=4:02:05
[F_gray ep 66/80] loss=0.0375 L_main=0.0274 L_int=0.0573 L_grad=0.0061 L_branch=0.0177 L_aux=0.0038 hit=[0.505, 0.496, 0.498, 0.501] p_vis=0.441 p_ir=0.559 Y_vis μ/σ=0.314/0.207 IR μ/σ=0.253/0.190 elapsed=4:05:48
[F_gray ep 67/80] loss=0.0363 L_main=0.0267 L_int=0.0549 L_grad=0.0060 L_branch=0.0175 L_aux=0.0035 hit=[0.502, 0.495, 0.498, 0.504] p_vis=0.442 p_ir=0.558 Y_vis μ/σ=0.311/0.205 IR μ/σ=0.253/0.190 elapsed=4:09:29
[F_gray ep 68/80] loss=0.0373 L_main=0.0274 L_int=0.0561 L_grad=0.0062 L_branch=0.0176 L_aux=0.0036 hit=[0.504, 0.498, 0.498, 0.499] p_vis=0.441 p_ir=0.559 Y_vis μ/σ=0.312/0.208 IR μ/σ=0.252/0.190 elapsed=4:13:12
[F_gray ep 69/80] loss=0.0373 L_main=0.0274 L_int=0.0567 L_grad=0.0061 L_branch=0.0174 L_aux=0.0037 hit=[0.505, 0.495, 0.500, 0.500] p_vis=0.440 p_ir=0.560 Y_vis μ/σ=0.312/0.208 IR μ/σ=0.252/0.191 elapsed=4:16:54
[F_gray ep 70/80] loss=0.0377 L_main=0.0279 L_int=0.0572 L_grad=0.0060 L_branch=0.0175 L_aux=0.0036 hit=[0.507, 0.491, 0.495, 0.507] p_vis=0.439 p_ir=0.561 Y_vis μ/σ=0.313/0.207 IR μ/σ=0.253/0.190 elapsed=4:20:36
  saved epoch snapshot: ../train-jobs/ckpt/Abl_DualMoE_wo_Lint/epoch_070/ckpt.pth
[F_gray ep 71/80] loss=0.0376 L_main=0.0278 L_int=0.0577 L_grad=0.0061 L_branch=0.0175 L_aux=0.0034 hit=[0.504, 0.491, 0.503, 0.502] p_vis=0.439 p_ir=0.561 Y_vis μ/σ=0.312/0.207 IR μ/σ=0.255/0.193 elapsed=4:24:18
[F_gray ep 72/80] loss=0.0378 L_main=0.0278 L_int=0.0560 L_grad=0.0060 L_branch=0.0175 L_aux=0.0038 hit=[0.497, 0.497, 0.503, 0.502] p_vis=0.441 p_ir=0.559 Y_vis μ/σ=0.314/0.209 IR μ/σ=0.252/0.189 elapsed=4:28:00
[F_gray ep 73/80] loss=0.0372 L_main=0.0272 L_int=0.0574 L_grad=0.0061 L_branch=0.0173 L_aux=0.0037 hit=[0.504, 0.492, 0.498, 0.506] p_vis=0.441 p_ir=0.559 Y_vis μ/σ=0.312/0.206 IR μ/σ=0.254/0.192 elapsed=4:31:42
[F_gray ep 74/80] loss=0.0369 L_main=0.0271 L_int=0.0564 L_grad=0.0060 L_branch=0.0172 L_aux=0.0036 hit=[0.509, 0.491, 0.498, 0.502] p_vis=0.442 p_ir=0.558 Y_vis μ/σ=0.312/0.207 IR μ/σ=0.252/0.189 elapsed=4:35:22
[F_gray ep 75/80] loss=0.0371 L_main=0.0275 L_int=0.0564 L_grad=0.0059 L_branch=0.0171 L_aux=0.0036 hit=[0.498, 0.493, 0.502, 0.507] p_vis=0.442 p_ir=0.558 Y_vis μ/σ=0.314/0.206 IR μ/σ=0.251/0.189 elapsed=4:39:04
[F_gray ep 76/80] loss=0.0370 L_main=0.0272 L_int=0.0561 L_grad=0.0059 L_branch=0.0171 L_aux=0.0036 hit=[0.501, 0.497, 0.499, 0.504] p_vis=0.443 p_ir=0.557 Y_vis μ/σ=0.314/0.208 IR μ/σ=0.254/0.192 elapsed=4:42:45
[F_gray ep 77/80] loss=0.0374 L_main=0.0277 L_int=0.0575 L_grad=0.0060 L_branch=0.0170 L_aux=0.0035 hit=[0.503, 0.494, 0.499, 0.504] p_vis=0.443 p_ir=0.557 Y_vis μ/σ=0.313/0.205 IR μ/σ=0.253/0.191 elapsed=4:46:26
[F_gray ep 78/80] loss=0.0377 L_main=0.0278 L_int=0.0575 L_grad=0.0061 L_branch=0.0169 L_aux=0.0036 hit=[0.509, 0.491, 0.498, 0.502] p_vis=0.444 p_ir=0.556 Y_vis μ/σ=0.314/0.206 IR μ/σ=0.253/0.191 elapsed=4:50:06
[F_gray ep 79/80] loss=0.0371 L_main=0.0272 L_int=0.0575 L_grad=0.0060 L_branch=0.0170 L_aux=0.0037 hit=[0.503, 0.495, 0.495, 0.507] p_vis=0.444 p_ir=0.556 Y_vis μ/σ=0.313/0.209 IR μ/σ=0.254/0.191 elapsed=4:53:47
[F_gray ep 80/80] loss=0.0374 L_main=0.0277 L_int=0.0570 L_grad=0.0059 L_branch=0.0169 L_aux=0.0036 hit=[0.500, 0.492, 0.503, 0.505] p_vis=0.444 p_ir=0.556 Y_vis μ/σ=0.314/0.207 IR μ/σ=0.252/0.191 elapsed=4:57:29
  saved epoch snapshot: ../train-jobs/ckpt/Abl_DualMoE_wo_Lint/epoch_080/ckpt.pth
[DONE] Abl_DualMoE_wo_Lint
