
libgomp: Invalid value for environment variable OMP_NUM_THREADS
[START] Abl_DualMoE_wo_Lgrad | fusion_model=dual_moe_gray
  data=/root/autodl-tmp/URFusion-main/datasets/training_noleak/train
  C_vis=Vis_Content_noleak | C_ir=ir_Content_noleak
  batch=12 patch=160 epochs=80
  lambda_int=0.1 lambda_grad=0.0 lambda_branch=0.01 lambda_aux=0.03
  ckpt=/root/autodl-tmp/URFusion-main/our_model_1_DualMoE/train-jobs/ckpt/Abl_DualMoE_wo_Lgrad/Abl_DualMoE_wo_Lgrad_ckpt.pth
  fixed_dir=/root/autodl-tmp/URFusion-main/our_model_1_DualMoE/train-jobs/fixed_examples/Abl_DualMoE_wo_Lgrad (n=3)
[F_gray ep 1/80] loss=0.0289 L_main=0.0182 L_int=0.0554 L_grad=0.0797 L_branch=0.1265 L_aux=0.0039 hit=[0.491, 0.497, 0.503, 0.509] p_vis=0.524 p_ir=0.476 Y_vis μ/σ=0.311/0.206 IR μ/σ=0.253/0.191 elapsed=0:03:45
[F_gray ep 2/80] loss=0.0216 L_main=0.0148 L_int=0.0302 L_grad=0.0724 L_branch=0.0375 L_aux=0.0034 hit=[0.491, 0.499, 0.489, 0.522] p_vis=0.518 p_ir=0.482 Y_vis μ/σ=0.313/0.205 IR μ/σ=0.255/0.192 elapsed=0:07:27
[F_gray ep 3/80] loss=0.0209 L_main=0.0141 L_int=0.0279 L_grad=0.0722 L_branch=0.0362 L_aux=0.0036 hit=[0.488, 0.503, 0.489, 0.520] p_vis=0.516 p_ir=0.484 Y_vis μ/σ=0.311/0.205 IR μ/σ=0.254/0.191 elapsed=0:11:08
[F_gray ep 4/80] loss=0.0205 L_main=0.0138 L_int=0.0275 L_grad=0.0690 L_branch=0.0362 L_aux=0.0036 hit=[0.492, 0.500, 0.490, 0.518] p_vis=0.516 p_ir=0.484 Y_vis μ/σ=0.314/0.208 IR μ/σ=0.251/0.189 elapsed=0:14:50
[F_gray ep 5/80] loss=0.0200 L_main=0.0135 L_int=0.0262 L_grad=0.0683 L_branch=0.0358 L_aux=0.0035 hit=[0.497, 0.496, 0.480, 0.526] p_vis=0.511 p_ir=0.489 Y_vis μ/σ=0.314/0.207 IR μ/σ=0.253/0.190 elapsed=0:18:33
[F_gray ep 6/80] loss=0.0197 L_main=0.0134 L_int=0.0263 L_grad=0.0698 L_branch=0.0366 L_aux=0.0034 hit=[0.498, 0.496, 0.483, 0.523] p_vis=0.503 p_ir=0.497 Y_vis μ/σ=0.312/0.205 IR μ/σ=0.255/0.192 elapsed=0:22:15
[F_gray ep 7/80] loss=0.0193 L_main=0.0128 L_int=0.0263 L_grad=0.0686 L_branch=0.0363 L_aux=0.0035 hit=[0.497, 0.504, 0.483, 0.516] p_vis=0.502 p_ir=0.498 Y_vis μ/σ=0.313/0.207 IR μ/σ=0.253/0.190 elapsed=0:25:57
[F_gray ep 8/80] loss=0.0185 L_main=0.0121 L_int=0.0260 L_grad=0.0677 L_branch=0.0344 L_aux=0.0034 hit=[0.499, 0.499, 0.478, 0.524] p_vis=0.503 p_ir=0.497 Y_vis μ/σ=0.312/0.206 IR μ/σ=0.253/0.191 elapsed=0:29:39
[F_gray ep 9/80] loss=0.0180 L_main=0.0116 L_int=0.0257 L_grad=0.0668 L_branch=0.0322 L_aux=0.0034 hit=[0.503, 0.496, 0.480, 0.521] p_vis=0.503 p_ir=0.497 Y_vis μ/σ=0.313/0.208 IR μ/σ=0.253/0.193 elapsed=0:33:21
[F_gray ep 10/80] loss=0.0177 L_main=0.0113 L_int=0.0252 L_grad=0.0651 L_branch=0.0308 L_aux=0.0035 hit=[0.503, 0.496, 0.475, 0.526] p_vis=0.505 p_ir=0.495 Y_vis μ/σ=0.310/0.205 IR μ/σ=0.253/0.191 elapsed=0:37:03
  saved epoch snapshot: ../train-jobs/ckpt/Abl_DualMoE_wo_Lgrad/epoch_010/ckpt.pth
[F_gray ep 11/80] loss=0.0176 L_main=0.0112 L_int=0.0257 L_grad=0.0678 L_branch=0.0296 L_aux=0.0035 hit=[0.503, 0.493, 0.475, 0.530] p_vis=0.508 p_ir=0.492 Y_vis μ/σ=0.311/0.206 IR μ/σ=0.252/0.190 elapsed=0:40:47
[F_gray ep 12/80] loss=0.0177 L_main=0.0111 L_int=0.0261 L_grad=0.0670 L_branch=0.0283 L_aux=0.0037 hit=[0.502, 0.493, 0.481, 0.524] p_vis=0.510 p_ir=0.490 Y_vis μ/σ=0.312/0.205 IR μ/σ=0.252/0.191 elapsed=0:44:29
[F_gray ep 13/80] loss=0.0172 L_main=0.0109 L_int=0.0253 L_grad=0.0657 L_branch=0.0262 L_aux=0.0035 hit=[0.501, 0.498, 0.482, 0.519] p_vis=0.512 p_ir=0.488 Y_vis μ/σ=0.310/0.206 IR μ/σ=0.251/0.189 elapsed=0:48:10
[F_gray ep 14/80] loss=0.0173 L_main=0.0109 L_int=0.0256 L_grad=0.0660 L_branch=0.0253 L_aux=0.0036 hit=[0.503, 0.498, 0.477, 0.522] p_vis=0.515 p_ir=0.485 Y_vis μ/σ=0.311/0.205 IR μ/σ=0.254/0.191 elapsed=0:51:54
[F_gray ep 15/80] loss=0.0170 L_main=0.0108 L_int=0.0255 L_grad=0.0663 L_branch=0.0237 L_aux=0.0035 hit=[0.504, 0.497, 0.474, 0.526] p_vis=0.518 p_ir=0.482 Y_vis μ/σ=0.315/0.208 IR μ/σ=0.252/0.191 elapsed=0:55:35
[F_gray ep 16/80] loss=0.0169 L_main=0.0107 L_int=0.0256 L_grad=0.0654 L_branch=0.0226 L_aux=0.0034 hit=[0.499, 0.496, 0.478, 0.526] p_vis=0.519 p_ir=0.481 Y_vis μ/σ=0.313/0.207 IR μ/σ=0.254/0.191 elapsed=0:59:17
[F_gray ep 17/80] loss=0.0170 L_main=0.0106 L_int=0.0259 L_grad=0.0676 L_branch=0.0219 L_aux=0.0036 hit=[0.503, 0.492, 0.483, 0.522] p_vis=0.522 p_ir=0.478 Y_vis μ/σ=0.315/0.207 IR μ/σ=0.251/0.189 elapsed=1:02:59
[F_gray ep 18/80] loss=0.0167 L_main=0.0104 L_int=0.0249 L_grad=0.0641 L_branch=0.0208 L_aux=0.0035 hit=[0.505, 0.491, 0.483, 0.522] p_vis=0.522 p_ir=0.478 Y_vis μ/σ=0.311/0.206 IR μ/σ=0.252/0.189 elapsed=1:06:41
[F_gray ep 19/80] loss=0.0169 L_main=0.0105 L_int=0.0258 L_grad=0.0661 L_branch=0.0204 L_aux=0.0036 hit=[0.495, 0.497, 0.483, 0.525] p_vis=0.521 p_ir=0.479 Y_vis μ/σ=0.311/0.206 IR μ/σ=0.255/0.193 elapsed=1:10:23
[F_gray ep 20/80] loss=0.0167 L_main=0.0104 L_int=0.0252 L_grad=0.0659 L_branch=0.0198 L_aux=0.0035 hit=[0.504, 0.497, 0.480, 0.518] p_vis=0.525 p_ir=0.475 Y_vis μ/σ=0.313/0.206 IR μ/σ=0.251/0.189 elapsed=1:14:05
  saved epoch snapshot: ../train-jobs/ckpt/Abl_DualMoE_wo_Lgrad/epoch_020/ckpt.pth
[F_gray ep 21/80] loss=0.0168 L_main=0.0105 L_int=0.0254 L_grad=0.0653 L_branch=0.0194 L_aux=0.0036 hit=[0.500, 0.493, 0.484, 0.523] p_vis=0.526 p_ir=0.474 Y_vis μ/σ=0.315/0.206 IR μ/σ=0.253/0.191 elapsed=1:17:51
[F_gray ep 22/80] loss=0.0167 L_main=0.0104 L_int=0.0256 L_grad=0.0667 L_branch=0.0192 L_aux=0.0036 hit=[0.498, 0.496, 0.481, 0.525] p_vis=0.526 p_ir=0.474 Y_vis μ/σ=0.312/0.206 IR μ/σ=0.252/0.188 elapsed=1:21:35
[F_gray ep 23/80] loss=0.0165 L_main=0.0103 L_int=0.0254 L_grad=0.0657 L_branch=0.0186 L_aux=0.0035 hit=[0.498, 0.497, 0.484, 0.521] p_vis=0.528 p_ir=0.472 Y_vis μ/σ=0.313/0.206 IR μ/σ=0.250/0.189 elapsed=1:25:17
[F_gray ep 24/80] loss=0.0167 L_main=0.0103 L_int=0.0251 L_grad=0.0649 L_branch=0.0183 L_aux=0.0037 hit=[0.499, 0.498, 0.480, 0.524] p_vis=0.530 p_ir=0.470 Y_vis μ/σ=0.316/0.208 IR μ/σ=0.249/0.189 elapsed=1:28:58
[F_gray ep 25/80] loss=0.0167 L_main=0.0103 L_int=0.0256 L_grad=0.0660 L_branch=0.0181 L_aux=0.0037 hit=[0.506, 0.488, 0.485, 0.520] p_vis=0.530 p_ir=0.470 Y_vis μ/σ=0.313/0.206 IR μ/σ=0.251/0.190 elapsed=1:32:38
[F_gray ep 26/80] loss=0.0167 L_main=0.0102 L_int=0.0252 L_grad=0.0651 L_branch=0.0179 L_aux=0.0038 hit=[0.501, 0.492, 0.488, 0.519] p_vis=0.529 p_ir=0.471 Y_vis μ/σ=0.313/0.207 IR μ/σ=0.254/0.189 elapsed=1:36:21
[F_gray ep 27/80] loss=0.0164 L_main=0.0102 L_int=0.0250 L_grad=0.0650 L_branch=0.0174 L_aux=0.0036 hit=[0.506, 0.492, 0.481, 0.522] p_vis=0.530 p_ir=0.470 Y_vis μ/σ=0.312/0.206 IR μ/σ=0.251/0.190 elapsed=1:40:03
[F_gray ep 28/80] loss=0.0167 L_main=0.0103 L_int=0.0254 L_grad=0.0666 L_branch=0.0173 L_aux=0.0037 hit=[0.499, 0.496, 0.485, 0.520] p_vis=0.530 p_ir=0.470 Y_vis μ/σ=0.313/0.206 IR μ/σ=0.253/0.190 elapsed=1:43:45
[F_gray ep 29/80] loss=0.0165 L_main=0.0102 L_int=0.0252 L_grad=0.0649 L_branch=0.0172 L_aux=0.0036 hit=[0.509, 0.495, 0.481, 0.516] p_vis=0.532 p_ir=0.468 Y_vis μ/σ=0.314/0.207 IR μ/σ=0.252/0.191 elapsed=1:47:27
[F_gray ep 30/80] loss=0.0164 L_main=0.0101 L_int=0.0251 L_grad=0.0649 L_branch=0.0168 L_aux=0.0036 hit=[0.501, 0.491, 0.489, 0.519] p_vis=0.533 p_ir=0.467 Y_vis μ/σ=0.312/0.205 IR μ/σ=0.252/0.190 elapsed=1:51:09
  saved epoch snapshot: ../train-jobs/ckpt/Abl_DualMoE_wo_Lgrad/epoch_030/ckpt.pth
[F_gray ep 31/80] loss=0.0166 L_main=0.0102 L_int=0.0255 L_grad=0.0666 L_branch=0.0166 L_aux=0.0037 hit=[0.499, 0.496, 0.490, 0.515] p_vis=0.532 p_ir=0.468 Y_vis μ/σ=0.312/0.205 IR μ/σ=0.255/0.191 elapsed=1:54:52
[F_gray ep 32/80] loss=0.0165 L_main=0.0101 L_int=0.0253 L_grad=0.0652 L_branch=0.0164 L_aux=0.0037 hit=[0.500, 0.498, 0.486, 0.516] p_vis=0.533 p_ir=0.467 Y_vis μ/σ=0.311/0.205 IR μ/σ=0.253/0.192 elapsed=1:58:33
[F_gray ep 33/80] loss=0.0164 L_main=0.0101 L_int=0.0254 L_grad=0.0658 L_branch=0.0162 L_aux=0.0036 hit=[0.501, 0.492, 0.487, 0.520] p_vis=0.535 p_ir=0.465 Y_vis μ/σ=0.311/0.206 IR μ/σ=0.253/0.190 elapsed=2:02:15
[F_gray ep 34/80] loss=0.0164 L_main=0.0101 L_int=0.0253 L_grad=0.0651 L_branch=0.0161 L_aux=0.0036 hit=[0.513, 0.488, 0.480, 0.519] p_vis=0.536 p_ir=0.464 Y_vis μ/σ=0.314/0.207 IR μ/σ=0.255/0.190 elapsed=2:05:57
[F_gray ep 35/80] loss=0.0163 L_main=0.0101 L_int=0.0251 L_grad=0.0647 L_branch=0.0158 L_aux=0.0035 hit=[0.502, 0.494, 0.488, 0.517] p_vis=0.537 p_ir=0.463 Y_vis μ/σ=0.313/0.208 IR μ/σ=0.254/0.191 elapsed=2:09:41
[F_gray ep 36/80] loss=0.0165 L_main=0.0101 L_int=0.0252 L_grad=0.0662 L_branch=0.0157 L_aux=0.0036 hit=[0.507, 0.494, 0.488, 0.511] p_vis=0.537 p_ir=0.463 Y_vis μ/σ=0.313/0.207 IR μ/σ=0.253/0.190 elapsed=2:13:24
[F_gray ep 37/80] loss=0.0167 L_main=0.0101 L_int=0.0252 L_grad=0.0655 L_branch=0.0156 L_aux=0.0039 hit=[0.503, 0.495, 0.485, 0.517] p_vis=0.537 p_ir=0.463 Y_vis μ/σ=0.314/0.207 IR μ/σ=0.252/0.190 elapsed=2:17:08
[F_gray ep 38/80] loss=0.0163 L_main=0.0100 L_int=0.0248 L_grad=0.0639 L_branch=0.0154 L_aux=0.0037 hit=[0.500, 0.493, 0.487, 0.520] p_vis=0.539 p_ir=0.461 Y_vis μ/σ=0.312/0.207 IR μ/σ=0.252/0.190 elapsed=2:20:51
[F_gray ep 39/80] loss=0.0165 L_main=0.0100 L_int=0.0249 L_grad=0.0649 L_branch=0.0151 L_aux=0.0038 hit=[0.503, 0.493, 0.486, 0.518] p_vis=0.537 p_ir=0.463 Y_vis μ/σ=0.310/0.206 IR μ/σ=0.254/0.190 elapsed=2:24:32
[F_gray ep 40/80] loss=0.0162 L_main=0.0100 L_int=0.0251 L_grad=0.0651 L_branch=0.0151 L_aux=0.0035 hit=[0.501, 0.494, 0.486, 0.519] p_vis=0.538 p_ir=0.462 Y_vis μ/σ=0.312/0.207 IR μ/σ=0.255/0.191 elapsed=2:28:14
  saved epoch snapshot: ../train-jobs/ckpt/Abl_DualMoE_wo_Lgrad/epoch_040/ckpt.pth
[F_gray ep 41/80] loss=0.0163 L_main=0.0100 L_int=0.0248 L_grad=0.0644 L_branch=0.0150 L_aux=0.0037 hit=[0.502, 0.488, 0.491, 0.518] p_vis=0.539 p_ir=0.461 Y_vis μ/σ=0.313/0.206 IR μ/σ=0.251/0.190 elapsed=2:31:59
[F_gray ep 42/80] loss=0.0163 L_main=0.0100 L_int=0.0251 L_grad=0.0655 L_branch=0.0148 L_aux=0.0036 hit=[0.503, 0.495, 0.488, 0.515] p_vis=0.538 p_ir=0.462 Y_vis μ/σ=0.310/0.206 IR μ/σ=0.252/0.189 elapsed=2:35:41
[F_gray ep 43/80] loss=0.0164 L_main=0.0100 L_int=0.0252 L_grad=0.0658 L_branch=0.0149 L_aux=0.0037 hit=[0.502, 0.489, 0.490, 0.519] p_vis=0.540 p_ir=0.460 Y_vis μ/σ=0.312/0.205 IR μ/σ=0.255/0.190 elapsed=2:39:23
[F_gray ep 44/80] loss=0.0162 L_main=0.0099 L_int=0.0249 L_grad=0.0641 L_branch=0.0147 L_aux=0.0036 hit=[0.507, 0.493, 0.483, 0.517] p_vis=0.540 p_ir=0.460 Y_vis μ/σ=0.312/0.206 IR μ/σ=0.255/0.190 elapsed=2:43:06
[F_gray ep 45/80] loss=0.0163 L_main=0.0100 L_int=0.0251 L_grad=0.0655 L_branch=0.0145 L_aux=0.0036 hit=[0.500, 0.494, 0.486, 0.520] p_vis=0.539 p_ir=0.461 Y_vis μ/σ=0.311/0.206 IR μ/σ=0.252/0.190 elapsed=2:46:48
[F_gray ep 46/80] loss=0.0161 L_main=0.0100 L_int=0.0248 L_grad=0.0646 L_branch=0.0145 L_aux=0.0035 hit=[0.505, 0.497, 0.487, 0.512] p_vis=0.541 p_ir=0.459 Y_vis μ/σ=0.314/0.207 IR μ/σ=0.253/0.190 elapsed=2:50:33
[F_gray ep 47/80] loss=0.0163 L_main=0.0100 L_int=0.0251 L_grad=0.0658 L_branch=0.0143 L_aux=0.0037 hit=[0.503, 0.495, 0.490, 0.512] p_vis=0.540 p_ir=0.460 Y_vis μ/σ=0.315/0.206 IR μ/σ=0.255/0.192 elapsed=2:54:14
[F_gray ep 48/80] loss=0.0163 L_main=0.0101 L_int=0.0250 L_grad=0.0663 L_branch=0.0144 L_aux=0.0036 hit=[0.501, 0.501, 0.491, 0.507] p_vis=0.541 p_ir=0.459 Y_vis μ/σ=0.315/0.208 IR μ/σ=0.255/0.190 elapsed=2:57:59
[F_gray ep 49/80] loss=0.0164 L_main=0.0100 L_int=0.0252 L_grad=0.0666 L_branch=0.0143 L_aux=0.0037 hit=[0.507, 0.497, 0.490, 0.506] p_vis=0.543 p_ir=0.457 Y_vis μ/σ=0.313/0.208 IR μ/σ=0.252/0.190 elapsed=3:01:41
[F_gray ep 50/80] loss=0.0163 L_main=0.0100 L_int=0.0253 L_grad=0.0663 L_branch=0.0140 L_aux=0.0037 hit=[0.507, 0.492, 0.489, 0.511] p_vis=0.542 p_ir=0.458 Y_vis μ/σ=0.313/0.206 IR μ/σ=0.252/0.190 elapsed=3:05:25
  saved epoch snapshot: ../train-jobs/ckpt/Abl_DualMoE_wo_Lgrad/epoch_050/ckpt.pth
[F_gray ep 51/80] loss=0.0164 L_main=0.0100 L_int=0.0250 L_grad=0.0665 L_branch=0.0140 L_aux=0.0037 hit=[0.501, 0.494, 0.485, 0.520] p_vis=0.542 p_ir=0.458 Y_vis μ/σ=0.311/0.206 IR μ/σ=0.253/0.191 elapsed=3:09:06
[F_gray ep 52/80] loss=0.0163 L_main=0.0099 L_int=0.0250 L_grad=0.0656 L_branch=0.0140 L_aux=0.0037 hit=[0.502, 0.497, 0.485, 0.517] p_vis=0.544 p_ir=0.456 Y_vis μ/σ=0.313/0.206 IR μ/σ=0.252/0.190 elapsed=3:12:51
[F_gray ep 53/80] loss=0.0162 L_main=0.0099 L_int=0.0247 L_grad=0.0648 L_branch=0.0136 L_aux=0.0036 hit=[0.505, 0.491, 0.488, 0.516] p_vis=0.543 p_ir=0.457 Y_vis μ/σ=0.313/0.209 IR μ/σ=0.252/0.191 elapsed=3:16:34
[F_gray ep 54/80] loss=0.0161 L_main=0.0098 L_int=0.0249 L_grad=0.0645 L_branch=0.0138 L_aux=0.0037 hit=[0.504, 0.496, 0.489, 0.512] p_vis=0.546 p_ir=0.454 Y_vis μ/σ=0.312/0.207 IR μ/σ=0.251/0.189 elapsed=3:20:17
[F_gray ep 55/80] loss=0.0162 L_main=0.0099 L_int=0.0245 L_grad=0.0651 L_branch=0.0135 L_aux=0.0038 hit=[0.498, 0.498, 0.491, 0.514] p_vis=0.544 p_ir=0.456 Y_vis μ/σ=0.310/0.204 IR μ/σ=0.252/0.189 elapsed=3:24:00
[F_gray ep 56/80] loss=0.0162 L_main=0.0099 L_int=0.0247 L_grad=0.0651 L_branch=0.0136 L_aux=0.0037 hit=[0.508, 0.492, 0.488, 0.512] p_vis=0.545 p_ir=0.455 Y_vis μ/σ=0.312/0.207 IR μ/σ=0.252/0.189 elapsed=3:27:45
[F_gray ep 57/80] loss=0.0161 L_main=0.0098 L_int=0.0245 L_grad=0.0635 L_branch=0.0134 L_aux=0.0036 hit=[0.506, 0.498, 0.489, 0.507] p_vis=0.544 p_ir=0.456 Y_vis μ/σ=0.310/0.206 IR μ/σ=0.253/0.190 elapsed=3:31:26
[F_gray ep 58/80] loss=0.0160 L_main=0.0100 L_int=0.0253 L_grad=0.0666 L_branch=0.0135 L_aux=0.0034 hit=[0.500, 0.497, 0.487, 0.516] p_vis=0.545 p_ir=0.455 Y_vis μ/σ=0.312/0.206 IR μ/σ=0.253/0.191 elapsed=3:35:10
[F_gray ep 59/80] loss=0.0160 L_main=0.0099 L_int=0.0248 L_grad=0.0651 L_branch=0.0132 L_aux=0.0035 hit=[0.502, 0.494, 0.491, 0.513] p_vis=0.545 p_ir=0.455 Y_vis μ/σ=0.311/0.206 IR μ/σ=0.255/0.191 elapsed=3:38:54
[F_gray ep 60/80] loss=0.0160 L_main=0.0099 L_int=0.0248 L_grad=0.0653 L_branch=0.0132 L_aux=0.0035 hit=[0.506, 0.494, 0.491, 0.509] p_vis=0.546 p_ir=0.454 Y_vis μ/σ=0.310/0.206 IR μ/σ=0.253/0.189 elapsed=3:42:37
  saved epoch snapshot: ../train-jobs/ckpt/Abl_DualMoE_wo_Lgrad/epoch_060/ckpt.pth
[F_gray ep 61/80] loss=0.0161 L_main=0.0099 L_int=0.0251 L_grad=0.0667 L_branch=0.0133 L_aux=0.0036 hit=[0.500, 0.493, 0.492, 0.515] p_vis=0.546 p_ir=0.454 Y_vis μ/σ=0.313/0.206 IR μ/σ=0.254/0.190 elapsed=3:46:22
[F_gray ep 62/80] loss=0.0161 L_main=0.0099 L_int=0.0247 L_grad=0.0648 L_branch=0.0131 L_aux=0.0036 hit=[0.503, 0.496, 0.486, 0.514] p_vis=0.547 p_ir=0.453 Y_vis μ/σ=0.312/0.205 IR μ/σ=0.253/0.190 elapsed=3:50:05
[F_gray ep 63/80] loss=0.0161 L_main=0.0098 L_int=0.0251 L_grad=0.0662 L_branch=0.0130 L_aux=0.0036 hit=[0.506, 0.501, 0.483, 0.510] p_vis=0.547 p_ir=0.453 Y_vis μ/σ=0.312/0.205 IR μ/σ=0.252/0.189 elapsed=3:53:49
[F_gray ep 64/80] loss=0.0161 L_main=0.0098 L_int=0.0245 L_grad=0.0647 L_branch=0.0131 L_aux=0.0037 hit=[0.503, 0.492, 0.491, 0.514] p_vis=0.548 p_ir=0.452 Y_vis μ/σ=0.313/0.206 IR μ/σ=0.254/0.190 elapsed=3:57:35
[F_gray ep 65/80] loss=0.0161 L_main=0.0099 L_int=0.0248 L_grad=0.0658 L_branch=0.0129 L_aux=0.0036 hit=[0.502, 0.498, 0.487, 0.513] p_vis=0.549 p_ir=0.451 Y_vis μ/σ=0.314/0.209 IR μ/σ=0.253/0.191 elapsed=4:01:27
[F_gray ep 66/80] loss=0.0161 L_main=0.0098 L_int=0.0248 L_grad=0.0645 L_branch=0.0129 L_aux=0.0037 hit=[0.500, 0.499, 0.489, 0.512] p_vis=0.548 p_ir=0.452 Y_vis μ/σ=0.314/0.207 IR μ/σ=0.253/0.190 elapsed=4:05:14
[F_gray ep 67/80] loss=0.0160 L_main=0.0098 L_int=0.0247 L_grad=0.0652 L_branch=0.0129 L_aux=0.0035 hit=[0.498, 0.500, 0.487, 0.515] p_vis=0.548 p_ir=0.452 Y_vis μ/σ=0.313/0.207 IR μ/σ=0.252/0.190 elapsed=4:09:03
[F_gray ep 68/80] loss=0.0159 L_main=0.0098 L_int=0.0246 L_grad=0.0645 L_branch=0.0127 L_aux=0.0035 hit=[0.506, 0.495, 0.488, 0.511] p_vis=0.549 p_ir=0.451 Y_vis μ/σ=0.312/0.206 IR μ/σ=0.250/0.188 elapsed=4:12:47
[F_gray ep 69/80] loss=0.0162 L_main=0.0098 L_int=0.0250 L_grad=0.0656 L_branch=0.0128 L_aux=0.0037 hit=[0.503, 0.494, 0.488, 0.514] p_vis=0.548 p_ir=0.452 Y_vis μ/σ=0.312/0.207 IR μ/σ=0.252/0.189 elapsed=4:16:35
[F_gray ep 70/80] loss=0.0161 L_main=0.0098 L_int=0.0248 L_grad=0.0650 L_branch=0.0128 L_aux=0.0037 hit=[0.501, 0.495, 0.488, 0.516] p_vis=0.548 p_ir=0.452 Y_vis μ/σ=0.314/0.208 IR μ/σ=0.254/0.190 elapsed=4:20:20
  saved epoch snapshot: ../train-jobs/ckpt/Abl_DualMoE_wo_Lgrad/epoch_070/ckpt.pth
[F_gray ep 71/80] loss=0.0160 L_main=0.0098 L_int=0.0247 L_grad=0.0661 L_branch=0.0125 L_aux=0.0036 hit=[0.505, 0.491, 0.491, 0.513] p_vis=0.549 p_ir=0.451 Y_vis μ/σ=0.312/0.206 IR μ/σ=0.251/0.190 elapsed=4:24:07
[F_gray ep 72/80] loss=0.0160 L_main=0.0098 L_int=0.0244 L_grad=0.0633 L_branch=0.0126 L_aux=0.0037 hit=[0.501, 0.496, 0.491, 0.512] p_vis=0.549 p_ir=0.451 Y_vis μ/σ=0.314/0.209 IR μ/σ=0.252/0.189 elapsed=4:27:53
[F_gray ep 73/80] loss=0.0160 L_main=0.0098 L_int=0.0245 L_grad=0.0647 L_branch=0.0125 L_aux=0.0036 hit=[0.498, 0.497, 0.490, 0.514] p_vis=0.550 p_ir=0.450 Y_vis μ/σ=0.313/0.206 IR μ/σ=0.249/0.189 elapsed=4:31:39
[F_gray ep 74/80] loss=0.0160 L_main=0.0098 L_int=0.0251 L_grad=0.0651 L_branch=0.0126 L_aux=0.0035 hit=[0.507, 0.496, 0.481, 0.517] p_vis=0.550 p_ir=0.450 Y_vis μ/σ=0.313/0.206 IR μ/σ=0.252/0.191 elapsed=4:35:27
[F_gray ep 75/80] loss=0.0160 L_main=0.0098 L_int=0.0248 L_grad=0.0652 L_branch=0.0125 L_aux=0.0036 hit=[0.496, 0.497, 0.491, 0.516] p_vis=0.550 p_ir=0.450 Y_vis μ/σ=0.312/0.205 IR μ/σ=0.253/0.190 elapsed=4:39:14
[F_gray ep 76/80] loss=0.0159 L_main=0.0098 L_int=0.0250 L_grad=0.0654 L_branch=0.0124 L_aux=0.0035 hit=[0.500, 0.498, 0.489, 0.513] p_vis=0.549 p_ir=0.451 Y_vis μ/σ=0.310/0.206 IR μ/σ=0.253/0.191 elapsed=4:43:01
[F_gray ep 77/80] loss=0.0158 L_main=0.0098 L_int=0.0247 L_grad=0.0647 L_branch=0.0125 L_aux=0.0035 hit=[0.502, 0.501, 0.487, 0.510] p_vis=0.551 p_ir=0.449 Y_vis μ/σ=0.314/0.206 IR μ/σ=0.252/0.188 elapsed=4:46:46
[F_gray ep 78/80] loss=0.0159 L_main=0.0097 L_int=0.0244 L_grad=0.0628 L_branch=0.0124 L_aux=0.0036 hit=[0.507, 0.496, 0.487, 0.510] p_vis=0.551 p_ir=0.449 Y_vis μ/σ=0.313/0.206 IR μ/σ=0.252/0.190 elapsed=4:50:33
[F_gray ep 79/80] loss=0.0160 L_main=0.0098 L_int=0.0249 L_grad=0.0657 L_branch=0.0123 L_aux=0.0036 hit=[0.503, 0.496, 0.485, 0.516] p_vis=0.550 p_ir=0.450 Y_vis μ/σ=0.310/0.205 IR μ/σ=0.253/0.190 elapsed=4:54:22
[F_gray ep 80/80] loss=0.0160 L_main=0.0099 L_int=0.0249 L_grad=0.0663 L_branch=0.0124 L_aux=0.0035 hit=[0.503, 0.495, 0.494, 0.509] p_vis=0.551 p_ir=0.449 Y_vis μ/σ=0.313/0.207 IR μ/σ=0.252/0.192 elapsed=4:58:08
  saved epoch snapshot: ../train-jobs/ckpt/Abl_DualMoE_wo_Lgrad/epoch_080/ckpt.pth
[DONE] Abl_DualMoE_wo_Lgrad
