[START] ir_Content_noleak | data=/root/autodl-tmp/URFusion-main/datasets/training_noleak/train
  latest_ckpt=/root/autodl-tmp/URFusion-main/our_model_1_DualMoE/train-jobs/ckpt/ir_Content_noleak/ir_Content_noleak_ckpt.pth
  epoch_ckpt_dir=/root/autodl-tmp/URFusion-main/our_model_1_DualMoE/train-jobs/ckpt/ir_Content_noleak/epoch_{NNN}/ckpt.pth (every 10 epochs)
[C_ir_gray] epoch 1/50 loss=0.009988 loss_feature=0.009811 loss_contrastive=1.565833 loss_sim=0.002681 elapsed=0:07:19.311076
[C_ir_gray] epoch 2/50 loss=0.001349 loss_feature=0.001042 loss_contrastive=1.564249 loss_sim=0.004867 elapsed=0:14:29.501532
[C_ir_gray] epoch 3/50 loss=0.001145 loss_feature=0.000830 loss_contrastive=1.564091 loss_sim=0.004984 elapsed=0:21:45.617751
[C_ir_gray] epoch 4/50 loss=0.001075 loss_feature=0.000765 loss_contrastive=1.563971 loss_sim=0.004907 elapsed=0:29:00.857266
[C_ir_gray] epoch 5/50 loss=0.001001 loss_feature=0.000693 loss_contrastive=1.563824 loss_sim=0.004877 elapsed=0:36:20.115082
[C_ir_gray] epoch 6/50 loss=0.000959 loss_feature=0.000651 loss_contrastive=1.563804 loss_sim=0.004859 elapsed=0:43:33.287550
[C_ir_gray] epoch 7/50 loss=0.000925 loss_feature=0.000619 loss_contrastive=1.563838 loss_sim=0.004841 elapsed=0:50:48.420374
[C_ir_gray] epoch 8/50 loss=0.000908 loss_feature=0.000602 loss_contrastive=1.563774 loss_sim=0.004838 elapsed=0:58:10.520297
[C_ir_gray] epoch 9/50 loss=0.000913 loss_feature=0.000604 loss_contrastive=1.563639 loss_sim=0.004904 elapsed=1:05:29.897155
[C_ir_gray] epoch 10/50 loss=0.000889 loss_feature=0.000583 loss_contrastive=1.563716 loss_sim=0.004835 elapsed=1:12:43.557411
  saved epoch snapshot: ../train-jobs/ckpt/ir_Content_noleak/epoch_010/ckpt.pth
[C_ir_gray] epoch 11/50 loss=0.000878 loss_feature=0.000567 loss_contrastive=1.563694 loss_sim=0.004917 elapsed=1:19:57.141591
[C_ir_gray] epoch 12/50 loss=0.000875 loss_feature=0.000566 loss_contrastive=1.563745 loss_sim=0.004893 elapsed=1:27:13.865212
[C_ir_gray] epoch 13/50 loss=0.000863 loss_feature=0.000555 loss_contrastive=1.563636 loss_sim=0.004876 elapsed=1:34:31.284889
[C_ir_gray] epoch 14/50 loss=0.000849 loss_feature=0.000546 loss_contrastive=1.563610 loss_sim=0.004794 elapsed=1:41:53.856962
[C_ir_gray] epoch 15/50 loss=0.000862 loss_feature=0.000555 loss_contrastive=1.563712 loss_sim=0.004864 elapsed=1:49:16.906590
[C_ir_gray] epoch 16/50 loss=0.000847 loss_feature=0.000540 loss_contrastive=1.563561 loss_sim=0.004841 elapsed=1:56:40.322310
[C_ir_gray] epoch 17/50 loss=0.000870 loss_feature=0.000565 loss_contrastive=1.563587 loss_sim=0.004812 elapsed=2:03:57.558418
[C_ir_gray] epoch 18/50 loss=0.000860 loss_feature=0.000546 loss_contrastive=1.563593 loss_sim=0.004968 elapsed=2:11:17.636522
[C_ir_gray] epoch 19/50 loss=0.000830 loss_feature=0.000527 loss_contrastive=1.563634 loss_sim=0.004791 elapsed=2:18:33.348829
[C_ir_gray] epoch 20/50 loss=0.000826 loss_feature=0.000521 loss_contrastive=1.563691 loss_sim=0.004824 elapsed=2:25:48.226474
  saved epoch snapshot: ../train-jobs/ckpt/ir_Content_noleak/epoch_020/ckpt.pth
[C_ir_gray] epoch 21/50 loss=0.000856 loss_feature=0.000543 loss_contrastive=1.563704 loss_sim=0.004964 elapsed=2:33:15.719616
[C_ir_gray] epoch 22/50 loss=0.000846 loss_feature=0.000534 loss_contrastive=1.563648 loss_sim=0.004935 elapsed=2:40:38.232884
[C_ir_gray] epoch 23/50 loss=0.000831 loss_feature=0.000524 loss_contrastive=1.563669 loss_sim=0.004846 elapsed=2:48:01.080517
[C_ir_gray] epoch 24/50 loss=0.000826 loss_feature=0.000517 loss_contrastive=1.563581 loss_sim=0.004895 elapsed=2:55:16.806146
[C_ir_gray] epoch 25/50 loss=0.000824 loss_feature=0.000523 loss_contrastive=1.563612 loss_sim=0.004753 elapsed=3:02:32.774749
[C_ir_gray] epoch 26/50 loss=0.000826 loss_feature=0.000524 loss_contrastive=1.563512 loss_sim=0.004780 elapsed=3:09:55.786186
[C_ir_gray] epoch 27/50 loss=0.000838 loss_feature=0.000526 loss_contrastive=1.563621 loss_sim=0.004937 elapsed=3:17:20.623801
[C_ir_gray] epoch 28/50 loss=0.000848 loss_feature=0.000535 loss_contrastive=1.563668 loss_sim=0.004962 elapsed=3:24:34.213268
[C_ir_gray] epoch 29/50 loss=0.000796 loss_feature=0.000496 loss_contrastive=1.563668 loss_sim=0.004731 elapsed=3:31:49.612193
[C_ir_gray] epoch 30/50 loss=0.000802 loss_feature=0.000502 loss_contrastive=1.563616 loss_sim=0.004736 elapsed=3:39:09.461828
  saved epoch snapshot: ../train-jobs/ckpt/ir_Content_noleak/epoch_030/ckpt.pth
[C_ir_gray] epoch 31/50 loss=0.000804 loss_feature=0.000500 loss_contrastive=1.563596 loss_sim=0.004798 elapsed=3:46:28.262098
[C_ir_gray] epoch 32/50 loss=0.000804 loss_feature=0.000504 loss_contrastive=1.563588 loss_sim=0.004729 elapsed=3:53:42.967275
[C_ir_gray] epoch 33/50 loss=0.000804 loss_feature=0.000500 loss_contrastive=1.563611 loss_sim=0.004806 elapsed=4:00:54.958108
[C_ir_gray] epoch 34/50 loss=0.000815 loss_feature=0.000512 loss_contrastive=1.563606 loss_sim=0.004783 elapsed=4:08:07.149995
[C_ir_gray] epoch 35/50 loss=0.000807 loss_feature=0.000500 loss_contrastive=1.563522 loss_sim=0.004856 elapsed=4:15:17.898580
[C_ir_gray] epoch 36/50 loss=0.000798 loss_feature=0.000495 loss_contrastive=1.563570 loss_sim=0.004784 elapsed=4:22:31.953628
[C_ir_gray] epoch 37/50 loss=0.000819 loss_feature=0.000515 loss_contrastive=1.563599 loss_sim=0.004813 elapsed=4:29:49.756626
[C_ir_gray] epoch 38/50 loss=0.000822 loss_feature=0.000518 loss_contrastive=1.563670 loss_sim=0.004805 elapsed=4:37:11.930005
[C_ir_gray] epoch 39/50 loss=0.000808 loss_feature=0.000504 loss_contrastive=1.563546 loss_sim=0.004801 elapsed=4:44:34.494639
[C_ir_gray] epoch 40/50 loss=0.000778 loss_feature=0.000483 loss_contrastive=1.563608 loss_sim=0.004660 elapsed=4:51:50.852475
  saved epoch snapshot: ../train-jobs/ckpt/ir_Content_noleak/epoch_040/ckpt.pth
[C_ir_gray] epoch 41/50 loss=0.000828 loss_feature=0.000517 loss_contrastive=1.563604 loss_sim=0.004921 elapsed=4:59:09.912967
[C_ir_gray] epoch 42/50 loss=0.000792 loss_feature=0.000492 loss_contrastive=1.563555 loss_sim=0.004743 elapsed=5:06:25.326431
[C_ir_gray] epoch 43/50 loss=0.000790 loss_feature=0.000492 loss_contrastive=1.563604 loss_sim=0.004708 elapsed=5:13:37.884458
[C_ir_gray] epoch 44/50 loss=0.000810 loss_feature=0.000504 loss_contrastive=1.563620 loss_sim=0.004833 elapsed=5:20:52.237332
[C_ir_gray] epoch 45/50 loss=0.000797 loss_feature=0.000496 loss_contrastive=1.563602 loss_sim=0.004756 elapsed=5:28:02.720007
[C_ir_gray] epoch 46/50 loss=0.000784 loss_feature=0.000484 loss_contrastive=1.563593 loss_sim=0.004754 elapsed=5:35:15.334016
[C_ir_gray] epoch 47/50 loss=0.000794 loss_feature=0.000489 loss_contrastive=1.563625 loss_sim=0.004811 elapsed=5:42:28.178925
[C_ir_gray] epoch 48/50 loss=0.000794 loss_feature=0.000494 loss_contrastive=1.563565 loss_sim=0.004738 elapsed=5:49:42.570427
[C_ir_gray] epoch 49/50 loss=0.000783 loss_feature=0.000481 loss_contrastive=1.563572 loss_sim=0.004764 elapsed=5:56:52.470909
[C_ir_gray] epoch 50/50 loss=0.000804 loss_feature=0.000502 loss_contrastive=1.563582 loss_sim=0.004779 elapsed=6:04:09.727531
  saved epoch snapshot: ../train-jobs/ckpt/ir_Content_noleak/epoch_050/ckpt.pth
[DONE] ir_Content_noleak
