[START A2] Abl_wo_MoE | fusion_model=dual_conv
  ablation_code=/root/autodl-tmp/URFusion-main/ablation_code/A2_wo_MoE
  data=/root/autodl-tmp/URFusion-main/datasets/training_noleak/train
  moe=False (single FusionExpertBlock), lambda_aux=0.0
  ckpt=/root/autodl-tmp/URFusion-main/vis-ir-gray/train-jobs/ckpt/Abl_wo_MoE/Abl_wo_MoE_ckpt.pth
[F_gray ep 1/80] loss=0.0843 L_main=0.0249 L_int=0.0558 L_grad=0.0522 L_branch=0.1608 L_aux=0.0000 p_vis=0.482 p_ir=0.518 elapsed=0:01:25
[F_gray ep 2/80] loss=0.0508 L_main=0.0269 L_int=0.0336 L_grad=0.0201 L_branch=0.0425 L_aux=0.0000 p_vis=0.493 p_ir=0.507 elapsed=0:02:47
[F_gray ep 3/80] loss=0.0475 L_main=0.0273 L_int=0.0303 L_grad=0.0167 L_branch=0.0414 L_aux=0.0000 p_vis=0.494 p_ir=0.506 elapsed=0:04:09
[F_gray ep 4/80] loss=0.0455 L_main=0.0274 L_int=0.0298 L_grad=0.0147 L_branch=0.0409 L_aux=0.0000 p_vis=0.490 p_ir=0.510 elapsed=0:05:31
[F_gray ep 5/80] loss=0.0444 L_main=0.0281 L_int=0.0283 L_grad=0.0130 L_branch=0.0369 L_aux=0.0000 p_vis=0.486 p_ir=0.514 elapsed=0:06:53
[F_gray ep 6/80] loss=0.0417 L_main=0.0272 L_int=0.0273 L_grad=0.0114 L_branch=0.0354 L_aux=0.0000 p_vis=0.489 p_ir=0.511 elapsed=0:08:16
[F_gray ep 7/80] loss=0.0426 L_main=0.0281 L_int=0.0278 L_grad=0.0113 L_branch=0.0352 L_aux=0.0000 p_vis=0.489 p_ir=0.511 elapsed=0:09:38
[F_gray ep 8/80] loss=0.0410 L_main=0.0277 L_int=0.0270 L_grad=0.0103 L_branch=0.0343 L_aux=0.0000 p_vis=0.489 p_ir=0.511 elapsed=0:11:00
[F_gray ep 9/80] loss=0.0401 L_main=0.0272 L_int=0.0262 L_grad=0.0099 L_branch=0.0335 L_aux=0.0000 p_vis=0.489 p_ir=0.511 elapsed=0:12:22
[F_gray ep 10/80] loss=0.0397 L_main=0.0273 L_int=0.0258 L_grad=0.0095 L_branch=0.0331 L_aux=0.0000 p_vis=0.489 p_ir=0.511 elapsed=0:13:44
  saved epoch snapshot: /root/autodl-tmp/URFusion-main/vis-ir-gray/train-jobs/ckpt/Abl_wo_MoE/epoch_010/ckpt.pth
[F_gray ep 11/80] loss=0.0401 L_main=0.0279 L_int=0.0261 L_grad=0.0093 L_branch=0.0328 L_aux=0.0000 p_vis=0.488 p_ir=0.512 elapsed=0:15:07
[F_gray ep 12/80] loss=0.0393 L_main=0.0275 L_int=0.0255 L_grad=0.0089 L_branch=0.0322 L_aux=0.0000 p_vis=0.488 p_ir=0.512 elapsed=0:16:29
[F_gray ep 13/80] loss=0.0394 L_main=0.0276 L_int=0.0258 L_grad=0.0089 L_branch=0.0317 L_aux=0.0000 p_vis=0.488 p_ir=0.512 elapsed=0:17:51
[F_gray ep 14/80] loss=0.0393 L_main=0.0276 L_int=0.0256 L_grad=0.0089 L_branch=0.0316 L_aux=0.0000 p_vis=0.489 p_ir=0.511 elapsed=0:19:13
[F_gray ep 15/80] loss=0.0397 L_main=0.0281 L_int=0.0261 L_grad=0.0087 L_branch=0.0310 L_aux=0.0000 p_vis=0.490 p_ir=0.510 elapsed=0:20:35
[F_gray ep 16/80] loss=0.0398 L_main=0.0284 L_int=0.0261 L_grad=0.0086 L_branch=0.0306 L_aux=0.0000 p_vis=0.488 p_ir=0.512 elapsed=0:21:57
[F_gray ep 17/80] loss=0.0390 L_main=0.0279 L_int=0.0254 L_grad=0.0083 L_branch=0.0299 L_aux=0.0000 p_vis=0.491 p_ir=0.509 elapsed=0:23:20
[F_gray ep 18/80] loss=0.0394 L_main=0.0283 L_int=0.0252 L_grad=0.0082 L_branch=0.0295 L_aux=0.0000 p_vis=0.490 p_ir=0.510 elapsed=0:24:42
[F_gray ep 19/80] loss=0.0385 L_main=0.0276 L_int=0.0250 L_grad=0.0081 L_branch=0.0287 L_aux=0.0000 p_vis=0.488 p_ir=0.512 elapsed=0:26:04
[F_gray ep 20/80] loss=0.0388 L_main=0.0280 L_int=0.0252 L_grad=0.0080 L_branch=0.0283 L_aux=0.0000 p_vis=0.489 p_ir=0.511 elapsed=0:27:26
  saved epoch snapshot: /root/autodl-tmp/URFusion-main/vis-ir-gray/train-jobs/ckpt/Abl_wo_MoE/epoch_020/ckpt.pth
[F_gray ep 21/80] loss=0.0389 L_main=0.0281 L_int=0.0251 L_grad=0.0079 L_branch=0.0276 L_aux=0.0000 p_vis=0.490 p_ir=0.510 elapsed=0:28:50
[F_gray ep 22/80] loss=0.0384 L_main=0.0278 L_int=0.0248 L_grad=0.0078 L_branch=0.0270 L_aux=0.0000 p_vis=0.489 p_ir=0.511 elapsed=0:30:12
[F_gray ep 23/80] loss=0.0385 L_main=0.0281 L_int=0.0249 L_grad=0.0077 L_branch=0.0265 L_aux=0.0000 p_vis=0.492 p_ir=0.508 elapsed=0:31:35
[F_gray ep 24/80] loss=0.0384 L_main=0.0280 L_int=0.0253 L_grad=0.0076 L_branch=0.0258 L_aux=0.0000 p_vis=0.491 p_ir=0.509 elapsed=0:32:57
[F_gray ep 25/80] loss=0.0384 L_main=0.0281 L_int=0.0247 L_grad=0.0076 L_branch=0.0250 L_aux=0.0000 p_vis=0.490 p_ir=0.510 elapsed=0:34:19
[F_gray ep 26/80] loss=0.0383 L_main=0.0280 L_int=0.0247 L_grad=0.0076 L_branch=0.0246 L_aux=0.0000 p_vis=0.490 p_ir=0.510 elapsed=0:35:41
[F_gray ep 27/80] loss=0.0377 L_main=0.0277 L_int=0.0248 L_grad=0.0072 L_branch=0.0239 L_aux=0.0000 p_vis=0.492 p_ir=0.508 elapsed=0:37:03
[F_gray ep 28/80] loss=0.0385 L_main=0.0284 L_int=0.0246 L_grad=0.0073 L_branch=0.0236 L_aux=0.0000 p_vis=0.491 p_ir=0.509 elapsed=0:38:26
[F_gray ep 29/80] loss=0.0385 L_main=0.0284 L_int=0.0250 L_grad=0.0074 L_branch=0.0231 L_aux=0.0000 p_vis=0.493 p_ir=0.507 elapsed=0:39:48
[F_gray ep 30/80] loss=0.0373 L_main=0.0275 L_int=0.0246 L_grad=0.0071 L_branch=0.0227 L_aux=0.0000 p_vis=0.494 p_ir=0.506 elapsed=0:41:10
  saved epoch snapshot: /root/autodl-tmp/URFusion-main/vis-ir-gray/train-jobs/ckpt/Abl_wo_MoE/epoch_030/ckpt.pth
[F_gray ep 31/80] loss=0.0371 L_main=0.0275 L_int=0.0237 L_grad=0.0070 L_branch=0.0223 L_aux=0.0000 p_vis=0.495 p_ir=0.505 elapsed=0:42:32
[F_gray ep 32/80] loss=0.0376 L_main=0.0279 L_int=0.0243 L_grad=0.0070 L_branch=0.0221 L_aux=0.0000 p_vis=0.494 p_ir=0.506 elapsed=0:43:54
[F_gray ep 33/80] loss=0.0381 L_main=0.0283 L_int=0.0242 L_grad=0.0072 L_branch=0.0217 L_aux=0.0000 p_vis=0.494 p_ir=0.506 elapsed=0:45:16
[F_gray ep 34/80] loss=0.0376 L_main=0.0279 L_int=0.0240 L_grad=0.0071 L_branch=0.0214 L_aux=0.0000 p_vis=0.496 p_ir=0.504 elapsed=0:46:39
[F_gray ep 35/80] loss=0.0375 L_main=0.0280 L_int=0.0243 L_grad=0.0069 L_branch=0.0210 L_aux=0.0000 p_vis=0.496 p_ir=0.504 elapsed=0:48:01
[F_gray ep 36/80] loss=0.0380 L_main=0.0284 L_int=0.0246 L_grad=0.0070 L_branch=0.0208 L_aux=0.0000 p_vis=0.495 p_ir=0.505 elapsed=0:49:23
[F_gray ep 37/80] loss=0.0376 L_main=0.0281 L_int=0.0244 L_grad=0.0069 L_branch=0.0205 L_aux=0.0000 p_vis=0.496 p_ir=0.504 elapsed=0:50:45
[F_gray ep 38/80] loss=0.0375 L_main=0.0281 L_int=0.0239 L_grad=0.0067 L_branch=0.0202 L_aux=0.0000 p_vis=0.495 p_ir=0.505 elapsed=0:52:08
[F_gray ep 39/80] loss=0.0388 L_main=0.0291 L_int=0.0249 L_grad=0.0070 L_branch=0.0202 L_aux=0.0000 p_vis=0.494 p_ir=0.506 elapsed=0:53:30
[F_gray ep 40/80] loss=0.0371 L_main=0.0279 L_int=0.0241 L_grad=0.0066 L_branch=0.0198 L_aux=0.0000 p_vis=0.498 p_ir=0.502 elapsed=0:54:52
  saved epoch snapshot: /root/autodl-tmp/URFusion-main/vis-ir-gray/train-jobs/ckpt/Abl_wo_MoE/epoch_040/ckpt.pth
[F_gray ep 41/80] loss=0.0367 L_main=0.0276 L_int=0.0239 L_grad=0.0065 L_branch=0.0196 L_aux=0.0000 p_vis=0.499 p_ir=0.501 elapsed=0:56:15
[F_gray ep 42/80] loss=0.0377 L_main=0.0282 L_int=0.0242 L_grad=0.0069 L_branch=0.0196 L_aux=0.0000 p_vis=0.499 p_ir=0.501 elapsed=0:57:37
[F_gray ep 43/80] loss=0.0376 L_main=0.0282 L_int=0.0241 L_grad=0.0068 L_branch=0.0194 L_aux=0.0000 p_vis=0.497 p_ir=0.503 elapsed=0:59:00
[F_gray ep 44/80] loss=0.0368 L_main=0.0277 L_int=0.0240 L_grad=0.0065 L_branch=0.0191 L_aux=0.0000 p_vis=0.499 p_ir=0.501 elapsed=1:00:22
[F_gray ep 45/80] loss=0.0373 L_main=0.0280 L_int=0.0240 L_grad=0.0067 L_branch=0.0191 L_aux=0.0000 p_vis=0.498 p_ir=0.502 elapsed=1:01:44
[F_gray ep 46/80] loss=0.0368 L_main=0.0279 L_int=0.0235 L_grad=0.0064 L_branch=0.0188 L_aux=0.0000 p_vis=0.499 p_ir=0.501 elapsed=1:03:05
[F_gray ep 47/80] loss=0.0368 L_main=0.0277 L_int=0.0235 L_grad=0.0065 L_branch=0.0188 L_aux=0.0000 p_vis=0.500 p_ir=0.500 elapsed=1:04:28
[F_gray ep 48/80] loss=0.0372 L_main=0.0281 L_int=0.0242 L_grad=0.0066 L_branch=0.0187 L_aux=0.0000 p_vis=0.498 p_ir=0.502 elapsed=1:05:50
[F_gray ep 49/80] loss=0.0373 L_main=0.0284 L_int=0.0235 L_grad=0.0064 L_branch=0.0185 L_aux=0.0000 p_vis=0.499 p_ir=0.501 elapsed=1:07:12
[F_gray ep 50/80] loss=0.0365 L_main=0.0278 L_int=0.0231 L_grad=0.0063 L_branch=0.0183 L_aux=0.0000 p_vis=0.500 p_ir=0.500 elapsed=1:08:34
  saved epoch snapshot: /root/autodl-tmp/URFusion-main/vis-ir-gray/train-jobs/ckpt/Abl_wo_MoE/epoch_050/ckpt.pth
[F_gray ep 51/80] loss=0.0371 L_main=0.0282 L_int=0.0237 L_grad=0.0064 L_branch=0.0183 L_aux=0.0000 p_vis=0.500 p_ir=0.500 elapsed=1:09:56
[F_gray ep 52/80] loss=0.0367 L_main=0.0279 L_int=0.0235 L_grad=0.0063 L_branch=0.0182 L_aux=0.0000 p_vis=0.500 p_ir=0.500 elapsed=1:11:19
[F_gray ep 53/80] loss=0.0366 L_main=0.0278 L_int=0.0235 L_grad=0.0063 L_branch=0.0181 L_aux=0.0000 p_vis=0.501 p_ir=0.499 elapsed=1:12:41
[F_gray ep 54/80] loss=0.0363 L_main=0.0275 L_int=0.0235 L_grad=0.0063 L_branch=0.0181 L_aux=0.0000 p_vis=0.503 p_ir=0.497 elapsed=1:14:03
[F_gray ep 55/80] loss=0.0375 L_main=0.0285 L_int=0.0238 L_grad=0.0064 L_branch=0.0181 L_aux=0.0000 p_vis=0.500 p_ir=0.500 elapsed=1:15:25
[F_gray ep 56/80] loss=0.0366 L_main=0.0278 L_int=0.0236 L_grad=0.0062 L_branch=0.0179 L_aux=0.0000 p_vis=0.501 p_ir=0.499 elapsed=1:16:47
[F_gray ep 57/80] loss=0.0365 L_main=0.0279 L_int=0.0233 L_grad=0.0060 L_branch=0.0177 L_aux=0.0000 p_vis=0.504 p_ir=0.496 elapsed=1:18:09
[F_gray ep 58/80] loss=0.0365 L_main=0.0277 L_int=0.0235 L_grad=0.0063 L_branch=0.0178 L_aux=0.0000 p_vis=0.503 p_ir=0.497 elapsed=1:19:31
[F_gray ep 59/80] loss=0.0364 L_main=0.0279 L_int=0.0235 L_grad=0.0060 L_branch=0.0177 L_aux=0.0000 p_vis=0.501 p_ir=0.499 elapsed=1:20:54
[F_gray ep 60/80] loss=0.0361 L_main=0.0276 L_int=0.0231 L_grad=0.0060 L_branch=0.0175 L_aux=0.0000 p_vis=0.504 p_ir=0.496 elapsed=1:22:16
  saved epoch snapshot: /root/autodl-tmp/URFusion-main/vis-ir-gray/train-jobs/ckpt/Abl_wo_MoE/epoch_060/ckpt.pth
[F_gray ep 61/80] loss=0.0363 L_main=0.0278 L_int=0.0230 L_grad=0.0060 L_branch=0.0175 L_aux=0.0000 p_vis=0.502 p_ir=0.498 elapsed=1:23:39
[F_gray ep 62/80] loss=0.0368 L_main=0.0283 L_int=0.0237 L_grad=0.0060 L_branch=0.0175 L_aux=0.0000 p_vis=0.503 p_ir=0.497 elapsed=1:25:01
[F_gray ep 63/80] loss=0.0360 L_main=0.0276 L_int=0.0227 L_grad=0.0060 L_branch=0.0173 L_aux=0.0000 p_vis=0.504 p_ir=0.496 elapsed=1:26:23
[F_gray ep 64/80] loss=0.0364 L_main=0.0280 L_int=0.0230 L_grad=0.0059 L_branch=0.0173 L_aux=0.0000 p_vis=0.504 p_ir=0.496 elapsed=1:27:45
[F_gray ep 65/80] loss=0.0368 L_main=0.0282 L_int=0.0240 L_grad=0.0060 L_branch=0.0173 L_aux=0.0000 p_vis=0.504 p_ir=0.496 elapsed=1:29:08
[F_gray ep 66/80] loss=0.0363 L_main=0.0279 L_int=0.0233 L_grad=0.0059 L_branch=0.0171 L_aux=0.0000 p_vis=0.505 p_ir=0.495 elapsed=1:30:30
[F_gray ep 67/80] loss=0.0364 L_main=0.0281 L_int=0.0234 L_grad=0.0059 L_branch=0.0171 L_aux=0.0000 p_vis=0.504 p_ir=0.496 elapsed=1:31:52
[F_gray ep 68/80] loss=0.0366 L_main=0.0282 L_int=0.0237 L_grad=0.0059 L_branch=0.0170 L_aux=0.0000 p_vis=0.502 p_ir=0.498 elapsed=1:33:14
[F_gray ep 69/80] loss=0.0366 L_main=0.0282 L_int=0.0230 L_grad=0.0059 L_branch=0.0170 L_aux=0.0000 p_vis=0.501 p_ir=0.499 elapsed=1:34:36
[F_gray ep 70/80] loss=0.0372 L_main=0.0286 L_int=0.0239 L_grad=0.0060 L_branch=0.0170 L_aux=0.0000 p_vis=0.501 p_ir=0.499 elapsed=1:35:59
  saved epoch snapshot: /root/autodl-tmp/URFusion-main/vis-ir-gray/train-jobs/ckpt/Abl_wo_MoE/epoch_070/ckpt.pth
[F_gray ep 71/80] loss=0.0357 L_main=0.0275 L_int=0.0227 L_grad=0.0057 L_branch=0.0168 L_aux=0.0000 p_vis=0.505 p_ir=0.495 elapsed=1:37:21
[F_gray ep 72/80] loss=0.0367 L_main=0.0283 L_int=0.0234 L_grad=0.0059 L_branch=0.0167 L_aux=0.0000 p_vis=0.503 p_ir=0.497 elapsed=1:38:43
[F_gray ep 73/80] loss=0.0366 L_main=0.0283 L_int=0.0234 L_grad=0.0058 L_branch=0.0167 L_aux=0.0000 p_vis=0.504 p_ir=0.496 elapsed=1:40:05
[F_gray ep 74/80] loss=0.0359 L_main=0.0277 L_int=0.0231 L_grad=0.0057 L_branch=0.0166 L_aux=0.0000 p_vis=0.505 p_ir=0.495 elapsed=1:41:28
[F_gray ep 75/80] loss=0.0359 L_main=0.0277 L_int=0.0230 L_grad=0.0058 L_branch=0.0166 L_aux=0.0000 p_vis=0.506 p_ir=0.494 elapsed=1:42:50
[F_gray ep 76/80] loss=0.0355 L_main=0.0274 L_int=0.0225 L_grad=0.0056 L_branch=0.0164 L_aux=0.0000 p_vis=0.505 p_ir=0.495 elapsed=1:44:12
[F_gray ep 77/80] loss=0.0360 L_main=0.0279 L_int=0.0231 L_grad=0.0056 L_branch=0.0163 L_aux=0.0000 p_vis=0.506 p_ir=0.494 elapsed=1:45:34
[F_gray ep 78/80] loss=0.0363 L_main=0.0282 L_int=0.0228 L_grad=0.0057 L_branch=0.0164 L_aux=0.0000 p_vis=0.504 p_ir=0.496 elapsed=1:46:57
[F_gray ep 79/80] loss=0.0361 L_main=0.0279 L_int=0.0232 L_grad=0.0057 L_branch=0.0163 L_aux=0.0000 p_vis=0.505 p_ir=0.495 elapsed=1:48:19
[F_gray ep 80/80] loss=0.0364 L_main=0.0282 L_int=0.0234 L_grad=0.0057 L_branch=0.0163 L_aux=0.0000 p_vis=0.506 p_ir=0.494 elapsed=1:49:41
  saved epoch snapshot: /root/autodl-tmp/URFusion-main/vis-ir-gray/train-jobs/ckpt/Abl_wo_MoE/epoch_080/ckpt.pth
[DONE A2] Abl_wo_MoE
