
libgomp: Invalid value for environment variable OMP_NUM_THREADS
[START] Abl_wo_Lbranch | fusion_model=dual_moe_gray
  data=/root/autodl-tmp/URFusion-main/datasets/training_noleak/train
  C_vis=Vis_Content_noleak | C_ir=ir_Content_noleak
  batch=12 patch=160 epochs=80
  lambda_int=0.1 lambda_grad=1.0 lambda_branch=0.0 lambda_aux=0.03
  ckpt=/root/autodl-tmp/URFusion-main/vis-ir-gray/train-jobs/ckpt/Abl_wo_Lbranch/Abl_wo_Lbranch_ckpt.pth
  fixed_dir=/root/autodl-tmp/URFusion-main/vis-ir-gray/train-jobs/fixed_examples/Abl_wo_Lbranch (n=3)
[F_gray ep 1/80] loss=0.0838 L_main=0.0257 L_int=0.0784 L_grad=0.0464 L_branch=0.4193 L_aux=0.0039 hit=[0.503, 0.479, 0.511, 0.508] p_vis=0.553 p_ir=0.447 Y_vis μ/σ=0.313/0.207 IR μ/σ=0.252/0.191 elapsed=0:03:50
[F_gray ep 2/80] loss=0.0530 L_main=0.0265 L_int=0.0346 L_grad=0.0196 L_branch=0.4222 L_aux=0.0034 hit=[0.494, 0.497, 0.496, 0.512] p_vis=0.542 p_ir=0.458 Y_vis μ/σ=0.314/0.207 IR μ/σ=0.253/0.190 elapsed=0:07:38
[F_gray ep 3/80] loss=0.0511 L_main=0.0273 L_int=0.0326 L_grad=0.0169 L_branch=0.4221 L_aux=0.0036 hit=[0.484, 0.506, 0.503, 0.507] p_vis=0.537 p_ir=0.463 Y_vis μ/σ=0.313/0.206 IR μ/σ=0.254/0.190 elapsed=0:11:27
[F_gray ep 4/80] loss=0.0483 L_main=0.0274 L_int=0.0298 L_grad=0.0143 L_branch=0.4221 L_aux=0.0036 hit=[0.483, 0.506, 0.504, 0.507] p_vis=0.527 p_ir=0.473 Y_vis μ/σ=0.312/0.205 IR μ/σ=0.253/0.191 elapsed=0:15:17
[F_gray ep 5/80] loss=0.0463 L_main=0.0275 L_int=0.0294 L_grad=0.0124 L_branch=0.4213 L_aux=0.0035 hit=[0.487, 0.503, 0.497, 0.512] p_vis=0.527 p_ir=0.473 Y_vis μ/σ=0.309/0.206 IR μ/σ=0.253/0.189 elapsed=0:19:01
[F_gray ep 6/80] loss=0.0455 L_main=0.0277 L_int=0.0290 L_grad=0.0115 L_branch=0.4219 L_aux=0.0034 hit=[0.487, 0.503, 0.503, 0.507] p_vis=0.528 p_ir=0.472 Y_vis μ/σ=0.313/0.207 IR μ/σ=0.250/0.189 elapsed=0:22:47
[F_gray ep 7/80] loss=0.0451 L_main=0.0279 L_int=0.0289 L_grad=0.0109 L_branch=0.4228 L_aux=0.0034 hit=[0.478, 0.514, 0.507, 0.500] p_vis=0.526 p_ir=0.474 Y_vis μ/σ=0.312/0.206 IR μ/σ=0.253/0.191 elapsed=0:26:36
[F_gray ep 8/80] loss=0.0437 L_main=0.0272 L_int=0.0278 L_grad=0.0102 L_branch=0.4228 L_aux=0.0035 hit=[0.480, 0.512, 0.503, 0.505] p_vis=0.529 p_ir=0.471 Y_vis μ/σ=0.313/0.208 IR μ/σ=0.252/0.190 elapsed=0:30:22
[F_gray ep 9/80] loss=0.0436 L_main=0.0275 L_int=0.0273 L_grad=0.0098 L_branch=0.4234 L_aux=0.0035 hit=[0.482, 0.513, 0.505, 0.500] p_vis=0.528 p_ir=0.472 Y_vis μ/σ=0.314/0.208 IR μ/σ=0.252/0.190 elapsed=0:34:05
[F_gray ep 10/80] loss=0.0445 L_main=0.0283 L_int=0.0282 L_grad=0.0099 L_branch=0.4243 L_aux=0.0035 hit=[0.477, 0.511, 0.503, 0.509] p_vis=0.522 p_ir=0.478 Y_vis μ/σ=0.312/0.206 IR μ/σ=0.252/0.189 elapsed=0:37:53
  saved epoch snapshot: ../train-jobs/ckpt/Abl_wo_Lbranch/epoch_010/ckpt.pth
[F_gray ep 11/80] loss=0.0430 L_main=0.0275 L_int=0.0269 L_grad=0.0094 L_branch=0.4249 L_aux=0.0034 hit=[0.478, 0.513, 0.502, 0.507] p_vis=0.524 p_ir=0.476 Y_vis μ/σ=0.312/0.207 IR μ/σ=0.254/0.191 elapsed=0:41:41
[F_gray ep 12/80] loss=0.0431 L_main=0.0277 L_int=0.0267 L_grad=0.0092 L_branch=0.4255 L_aux=0.0036 hit=[0.479, 0.512, 0.502, 0.506] p_vis=0.524 p_ir=0.476 Y_vis μ/σ=0.312/0.205 IR μ/σ=0.254/0.190 elapsed=0:45:28
[F_gray ep 13/80] loss=0.0433 L_main=0.0281 L_int=0.0267 L_grad=0.0091 L_branch=0.4263 L_aux=0.0034 hit=[0.474, 0.516, 0.508, 0.502] p_vis=0.518 p_ir=0.482 Y_vis μ/σ=0.311/0.207 IR μ/σ=0.253/0.190 elapsed=0:49:16
[F_gray ep 14/80] loss=0.0431 L_main=0.0279 L_int=0.0268 L_grad=0.0090 L_branch=0.4266 L_aux=0.0034 hit=[0.481, 0.514, 0.501, 0.504] p_vis=0.520 p_ir=0.480 Y_vis μ/σ=0.314/0.206 IR μ/σ=0.254/0.191 elapsed=0:53:07
[F_gray ep 15/80] loss=0.0425 L_main=0.0277 L_int=0.0262 L_grad=0.0088 L_branch=0.4261 L_aux=0.0033 hit=[0.482, 0.515, 0.497, 0.506] p_vis=0.521 p_ir=0.479 Y_vis μ/σ=0.313/0.206 IR μ/σ=0.255/0.190 elapsed=0:56:54
[F_gray ep 16/80] loss=0.0427 L_main=0.0281 L_int=0.0260 L_grad=0.0086 L_branch=0.4271 L_aux=0.0034 hit=[0.475, 0.517, 0.499, 0.509] p_vis=0.518 p_ir=0.482 Y_vis μ/σ=0.314/0.207 IR μ/σ=0.254/0.192 elapsed=1:00:40
[F_gray ep 17/80] loss=0.0423 L_main=0.0277 L_int=0.0263 L_grad=0.0085 L_branch=0.4271 L_aux=0.0035 hit=[0.477, 0.518, 0.500, 0.505] p_vis=0.517 p_ir=0.483 Y_vis μ/σ=0.311/0.205 IR μ/σ=0.253/0.190 elapsed=1:04:23
[F_gray ep 18/80] loss=0.0420 L_main=0.0276 L_int=0.0257 L_grad=0.0084 L_branch=0.4273 L_aux=0.0034 hit=[0.480, 0.509, 0.506, 0.506] p_vis=0.518 p_ir=0.482 Y_vis μ/σ=0.313/0.206 IR μ/σ=0.250/0.189 elapsed=1:08:07
[F_gray ep 19/80] loss=0.0418 L_main=0.0275 L_int=0.0255 L_grad=0.0082 L_branch=0.4275 L_aux=0.0035 hit=[0.476, 0.514, 0.506, 0.504] p_vis=0.517 p_ir=0.483 Y_vis μ/σ=0.310/0.205 IR μ/σ=0.252/0.190 elapsed=1:11:51
[F_gray ep 20/80] loss=0.0415 L_main=0.0274 L_int=0.0258 L_grad=0.0081 L_branch=0.4270 L_aux=0.0034 hit=[0.482, 0.510, 0.504, 0.504] p_vis=0.518 p_ir=0.482 Y_vis μ/σ=0.312/0.206 IR μ/σ=0.254/0.192 elapsed=1:15:38
  saved epoch snapshot: ../train-jobs/ckpt/Abl_wo_Lbranch/epoch_020/ckpt.pth
[F_gray ep 21/80] loss=0.0422 L_main=0.0279 L_int=0.0261 L_grad=0.0082 L_branch=0.4267 L_aux=0.0035 hit=[0.482, 0.507, 0.506, 0.505] p_vis=0.521 p_ir=0.479 Y_vis μ/σ=0.313/0.206 IR μ/σ=0.253/0.189 elapsed=1:19:27
[F_gray ep 22/80] loss=0.0422 L_main=0.0281 L_int=0.0263 L_grad=0.0081 L_branch=0.4272 L_aux=0.0034 hit=[0.480, 0.511, 0.498, 0.511] p_vis=0.520 p_ir=0.480 Y_vis μ/σ=0.314/0.207 IR μ/σ=0.254/0.190 elapsed=1:23:14
[F_gray ep 23/80] loss=0.0413 L_main=0.0276 L_int=0.0253 L_grad=0.0079 L_branch=0.4266 L_aux=0.0033 hit=[0.476, 0.513, 0.499, 0.511] p_vis=0.520 p_ir=0.480 Y_vis μ/σ=0.312/0.206 IR μ/σ=0.254/0.189 elapsed=1:26:58
[F_gray ep 24/80] loss=0.0416 L_main=0.0275 L_int=0.0256 L_grad=0.0079 L_branch=0.4267 L_aux=0.0036 hit=[0.476, 0.519, 0.495, 0.510] p_vis=0.521 p_ir=0.479 Y_vis μ/σ=0.315/0.207 IR μ/σ=0.252/0.190 elapsed=1:30:43
[F_gray ep 25/80] loss=0.0418 L_main=0.0278 L_int=0.0257 L_grad=0.0079 L_branch=0.4267 L_aux=0.0035 hit=[0.485, 0.504, 0.503, 0.508] p_vis=0.520 p_ir=0.480 Y_vis μ/σ=0.311/0.205 IR μ/σ=0.252/0.189 elapsed=1:34:34
[F_gray ep 26/80] loss=0.0424 L_main=0.0282 L_int=0.0262 L_grad=0.0079 L_branch=0.4267 L_aux=0.0036 hit=[0.482, 0.511, 0.502, 0.505] p_vis=0.520 p_ir=0.480 Y_vis μ/σ=0.312/0.207 IR μ/σ=0.256/0.191 elapsed=1:38:21
[F_gray ep 27/80] loss=0.0425 L_main=0.0287 L_int=0.0260 L_grad=0.0078 L_branch=0.4267 L_aux=0.0034 hit=[0.483, 0.505, 0.504, 0.508] p_vis=0.518 p_ir=0.482 Y_vis μ/σ=0.313/0.207 IR μ/σ=0.254/0.191 elapsed=1:42:12
[F_gray ep 28/80] loss=0.0425 L_main=0.0285 L_int=0.0257 L_grad=0.0078 L_branch=0.4267 L_aux=0.0036 hit=[0.476, 0.511, 0.504, 0.509] p_vis=0.521 p_ir=0.479 Y_vis μ/σ=0.313/0.206 IR μ/σ=0.253/0.190 elapsed=1:46:00
[F_gray ep 29/80] loss=0.0409 L_main=0.0275 L_int=0.0252 L_grad=0.0075 L_branch=0.4262 L_aux=0.0033 hit=[0.485, 0.514, 0.499, 0.502] p_vis=0.522 p_ir=0.478 Y_vis μ/σ=0.315/0.205 IR μ/σ=0.255/0.191 elapsed=1:49:46
[F_gray ep 30/80] loss=0.0411 L_main=0.0277 L_int=0.0246 L_grad=0.0073 L_branch=0.4261 L_aux=0.0036 hit=[0.479, 0.510, 0.504, 0.507] p_vis=0.524 p_ir=0.476 Y_vis μ/σ=0.311/0.207 IR μ/σ=0.253/0.190 elapsed=1:53:31
  saved epoch snapshot: ../train-jobs/ckpt/Abl_wo_Lbranch/epoch_030/ckpt.pth
[F_gray ep 31/80] loss=0.0417 L_main=0.0281 L_int=0.0250 L_grad=0.0075 L_branch=0.4263 L_aux=0.0036 hit=[0.480, 0.508, 0.506, 0.506] p_vis=0.522 p_ir=0.478 Y_vis μ/σ=0.314/0.207 IR μ/σ=0.252/0.189 elapsed=1:57:14
[F_gray ep 32/80] loss=0.0415 L_main=0.0281 L_int=0.0248 L_grad=0.0073 L_branch=0.4259 L_aux=0.0036 hit=[0.480, 0.511, 0.500, 0.508] p_vis=0.524 p_ir=0.476 Y_vis μ/σ=0.312/0.206 IR μ/σ=0.251/0.191 elapsed=2:00:58
[F_gray ep 33/80] loss=0.0413 L_main=0.0280 L_int=0.0249 L_grad=0.0074 L_branch=0.4260 L_aux=0.0035 hit=[0.482, 0.512, 0.502, 0.504] p_vis=0.522 p_ir=0.478 Y_vis μ/σ=0.312/0.205 IR μ/σ=0.253/0.189 elapsed=2:04:41
[F_gray ep 34/80] loss=0.0414 L_main=0.0280 L_int=0.0246 L_grad=0.0074 L_branch=0.4259 L_aux=0.0036 hit=[0.489, 0.508, 0.494, 0.508] p_vis=0.520 p_ir=0.480 Y_vis μ/σ=0.312/0.205 IR μ/σ=0.254/0.190 elapsed=2:08:25
[F_gray ep 35/80] loss=0.0413 L_main=0.0281 L_int=0.0245 L_grad=0.0073 L_branch=0.4259 L_aux=0.0035 hit=[0.480, 0.510, 0.502, 0.508] p_vis=0.524 p_ir=0.476 Y_vis μ/σ=0.314/0.206 IR μ/σ=0.251/0.190 elapsed=2:12:09
[F_gray ep 36/80] loss=0.0412 L_main=0.0279 L_int=0.0251 L_grad=0.0072 L_branch=0.4259 L_aux=0.0036 hit=[0.486, 0.509, 0.506, 0.499] p_vis=0.524 p_ir=0.476 Y_vis μ/σ=0.314/0.206 IR μ/σ=0.252/0.189 elapsed=2:15:55
[F_gray ep 37/80] loss=0.0407 L_main=0.0277 L_int=0.0250 L_grad=0.0070 L_branch=0.4255 L_aux=0.0035 hit=[0.485, 0.510, 0.504, 0.501] p_vis=0.523 p_ir=0.477 Y_vis μ/σ=0.312/0.207 IR μ/σ=0.251/0.188 elapsed=2:19:41
[F_gray ep 38/80] loss=0.0405 L_main=0.0277 L_int=0.0246 L_grad=0.0069 L_branch=0.4258 L_aux=0.0035 hit=[0.483, 0.513, 0.499, 0.504] p_vis=0.521 p_ir=0.479 Y_vis μ/σ=0.311/0.204 IR μ/σ=0.254/0.190 elapsed=2:23:27
[F_gray ep 39/80] loss=0.0408 L_main=0.0277 L_int=0.0247 L_grad=0.0072 L_branch=0.4258 L_aux=0.0035 hit=[0.479, 0.511, 0.503, 0.506] p_vis=0.525 p_ir=0.475 Y_vis μ/σ=0.313/0.207 IR μ/σ=0.253/0.191 elapsed=2:27:11
[F_gray ep 40/80] loss=0.0405 L_main=0.0276 L_int=0.0249 L_grad=0.0070 L_branch=0.4252 L_aux=0.0034 hit=[0.484, 0.508, 0.500, 0.507] p_vis=0.524 p_ir=0.476 Y_vis μ/σ=0.312/0.205 IR μ/σ=0.253/0.191 elapsed=2:30:56
  saved epoch snapshot: ../train-jobs/ckpt/Abl_wo_Lbranch/epoch_040/ckpt.pth
[F_gray ep 41/80] loss=0.0410 L_main=0.0281 L_int=0.0245 L_grad=0.0070 L_branch=0.4253 L_aux=0.0035 hit=[0.489, 0.506, 0.497, 0.508] p_vis=0.522 p_ir=0.478 Y_vis μ/σ=0.312/0.206 IR μ/σ=0.251/0.191 elapsed=2:34:44
[F_gray ep 42/80] loss=0.0410 L_main=0.0281 L_int=0.0242 L_grad=0.0069 L_branch=0.4253 L_aux=0.0036 hit=[0.487, 0.507, 0.501, 0.505] p_vis=0.522 p_ir=0.478 Y_vis μ/σ=0.313/0.208 IR μ/σ=0.252/0.191 elapsed=2:38:29
[F_gray ep 43/80] loss=0.0409 L_main=0.0279 L_int=0.0248 L_grad=0.0070 L_branch=0.4253 L_aux=0.0035 hit=[0.488, 0.510, 0.493, 0.509] p_vis=0.524 p_ir=0.476 Y_vis μ/σ=0.313/0.206 IR μ/σ=0.253/0.191 elapsed=2:42:16
[F_gray ep 44/80] loss=0.0410 L_main=0.0280 L_int=0.0245 L_grad=0.0070 L_branch=0.4252 L_aux=0.0035 hit=[0.491, 0.507, 0.494, 0.509] p_vis=0.519 p_ir=0.481 Y_vis μ/σ=0.311/0.205 IR μ/σ=0.253/0.190 elapsed=2:46:01
[F_gray ep 45/80] loss=0.0412 L_main=0.0280 L_int=0.0246 L_grad=0.0070 L_branch=0.4251 L_aux=0.0037 hit=[0.481, 0.513, 0.500, 0.506] p_vis=0.523 p_ir=0.477 Y_vis μ/σ=0.313/0.207 IR μ/σ=0.251/0.190 elapsed=2:49:47
[F_gray ep 46/80] loss=0.0410 L_main=0.0281 L_int=0.0250 L_grad=0.0069 L_branch=0.4249 L_aux=0.0036 hit=[0.488, 0.512, 0.497, 0.503] p_vis=0.523 p_ir=0.477 Y_vis μ/σ=0.313/0.206 IR μ/σ=0.253/0.190 elapsed=2:53:32
[F_gray ep 47/80] loss=0.0408 L_main=0.0280 L_int=0.0246 L_grad=0.0068 L_branch=0.4246 L_aux=0.0035 hit=[0.487, 0.505, 0.506, 0.502] p_vis=0.524 p_ir=0.476 Y_vis μ/σ=0.313/0.206 IR μ/σ=0.255/0.191 elapsed=2:57:16
[F_gray ep 48/80] loss=0.0405 L_main=0.0281 L_int=0.0239 L_grad=0.0066 L_branch=0.4245 L_aux=0.0034 hit=[0.488, 0.510, 0.503, 0.499] p_vis=0.526 p_ir=0.474 Y_vis μ/σ=0.314/0.206 IR μ/σ=0.251/0.189 elapsed=3:01:01
[F_gray ep 49/80] loss=0.0401 L_main=0.0274 L_int=0.0245 L_grad=0.0068 L_branch=0.4244 L_aux=0.0034 hit=[0.486, 0.511, 0.504, 0.499] p_vis=0.526 p_ir=0.474 Y_vis μ/σ=0.313/0.206 IR μ/σ=0.254/0.191 elapsed=3:04:46
[F_gray ep 50/80] loss=0.0404 L_main=0.0279 L_int=0.0244 L_grad=0.0065 L_branch=0.4245 L_aux=0.0036 hit=[0.485, 0.511, 0.501, 0.503] p_vis=0.524 p_ir=0.476 Y_vis μ/σ=0.311/0.206 IR μ/σ=0.253/0.191 elapsed=3:08:32
  saved epoch snapshot: ../train-jobs/ckpt/Abl_wo_Lbranch/epoch_050/ckpt.pth
[F_gray ep 51/80] loss=0.0409 L_main=0.0283 L_int=0.0248 L_grad=0.0066 L_branch=0.4241 L_aux=0.0035 hit=[0.483, 0.505, 0.503, 0.509] p_vis=0.525 p_ir=0.475 Y_vis μ/σ=0.312/0.208 IR μ/σ=0.252/0.189 elapsed=3:12:16
[F_gray ep 52/80] loss=0.0408 L_main=0.0281 L_int=0.0240 L_grad=0.0065 L_branch=0.4240 L_aux=0.0037 hit=[0.487, 0.511, 0.496, 0.506] p_vis=0.530 p_ir=0.470 Y_vis μ/σ=0.314/0.206 IR μ/σ=0.253/0.189 elapsed=3:16:00
[F_gray ep 53/80] loss=0.0406 L_main=0.0280 L_int=0.0242 L_grad=0.0065 L_branch=0.4237 L_aux=0.0036 hit=[0.492, 0.504, 0.502, 0.502] p_vis=0.527 p_ir=0.473 Y_vis μ/σ=0.313/0.206 IR μ/σ=0.252/0.189 elapsed=3:19:45
[F_gray ep 54/80] loss=0.0408 L_main=0.0281 L_int=0.0245 L_grad=0.0067 L_branch=0.4235 L_aux=0.0036 hit=[0.490, 0.510, 0.502, 0.499] p_vis=0.528 p_ir=0.472 Y_vis μ/σ=0.313/0.207 IR μ/σ=0.252/0.191 elapsed=3:23:27
[F_gray ep 55/80] loss=0.0408 L_main=0.0279 L_int=0.0245 L_grad=0.0068 L_branch=0.4235 L_aux=0.0036 hit=[0.489, 0.506, 0.504, 0.500] p_vis=0.528 p_ir=0.472 Y_vis μ/σ=0.313/0.207 IR μ/σ=0.253/0.189 elapsed=3:27:10
[F_gray ep 56/80] loss=0.0409 L_main=0.0284 L_int=0.0243 L_grad=0.0065 L_branch=0.4233 L_aux=0.0036 hit=[0.493, 0.509, 0.497, 0.501] p_vis=0.527 p_ir=0.473 Y_vis μ/σ=0.313/0.206 IR μ/σ=0.254/0.192 elapsed=3:30:54
[F_gray ep 57/80] loss=0.0413 L_main=0.0283 L_int=0.0247 L_grad=0.0068 L_branch=0.4232 L_aux=0.0037 hit=[0.491, 0.507, 0.502, 0.500] p_vis=0.529 p_ir=0.471 Y_vis μ/σ=0.313/0.206 IR μ/σ=0.253/0.191 elapsed=3:34:38
[F_gray ep 58/80] loss=0.0398 L_main=0.0276 L_int=0.0235 L_grad=0.0064 L_branch=0.4228 L_aux=0.0034 hit=[0.487, 0.511, 0.498, 0.504] p_vis=0.529 p_ir=0.471 Y_vis μ/σ=0.312/0.207 IR μ/σ=0.252/0.189 elapsed=3:38:22
[2026-09-03 15:10:33] RESUME Abl_wo_Lbranch from epoch 58
---Continue Training---
begin epoch: 59
[START] Abl_wo_Lbranch | fusion_model=dual_moe_gray
  data=/root/autodl-tmp/URFusion-main/datasets/training_noleak/train
  C_vis=Vis_Content_noleak | C_ir=ir_Content_noleak
  batch=12 patch=160 epochs=80
  lambda_int=0.1 lambda_grad=1.0 lambda_branch=0.0 lambda_aux=0.03
  ckpt=/root/autodl-tmp/URFusion-main/vis-ir-gray/train-jobs/ckpt/Abl_wo_Lbranch/Abl_wo_Lbranch_ckpt.pth
  fixed_dir=/root/autodl-tmp/URFusion-main/vis-ir-gray/train-jobs/fixed_examples/Abl_wo_Lbranch (n=3)
[F_gray ep 59/80] loss=0.0406 L_main=0.0279 L_int=0.0241 L_grad=0.0066 L_branch=0.4227 L_aux=0.0037 hit=[0.491, 0.501, 0.505, 0.502] p_vis=0.529 p_ir=0.471 Y_vis μ/σ=0.312/0.205 IR μ/σ=0.253/0.190 elapsed=0:01:52
[F_gray ep 60/80] loss=0.0402 L_main=0.0280 L_int=0.0240 L_grad=0.0064 L_branch=0.4228 L_aux=0.0035 hit=[0.487, 0.499, 0.505, 0.510] p_vis=0.529 p_ir=0.471 Y_vis μ/σ=0.313/0.206 IR μ/σ=0.256/0.192 elapsed=0:03:42
  saved epoch snapshot: ../train-jobs/ckpt/Abl_wo_Lbranch/epoch_060/ckpt.pth
[F_gray ep 61/80] loss=0.0402 L_main=0.0277 L_int=0.0238 L_grad=0.0065 L_branch=0.4225 L_aux=0.0036 hit=[0.491, 0.507, 0.502, 0.500] p_vis=0.530 p_ir=0.470 Y_vis μ/σ=0.311/0.205 IR μ/σ=0.252/0.191 elapsed=0:05:34
[F_gray ep 62/80] loss=0.0399 L_main=0.0276 L_int=0.0239 L_grad=0.0064 L_branch=0.4223 L_aux=0.0036 hit=[0.491, 0.506, 0.501, 0.502] p_vis=0.533 p_ir=0.467 Y_vis μ/σ=0.314/0.208 IR μ/σ=0.253/0.190 elapsed=0:07:24
[F_gray ep 63/80] loss=0.0405 L_main=0.0281 L_int=0.0245 L_grad=0.0065 L_branch=0.4225 L_aux=0.0035 hit=[0.489, 0.503, 0.497, 0.512] p_vis=0.529 p_ir=0.471 Y_vis μ/σ=0.313/0.206 IR μ/σ=0.254/0.190 elapsed=0:09:14
[F_gray ep 64/80] loss=0.0400 L_main=0.0279 L_int=0.0237 L_grad=0.0062 L_branch=0.4221 L_aux=0.0035 hit=[0.490, 0.510, 0.498, 0.503] p_vis=0.532 p_ir=0.468 Y_vis μ/σ=0.313/0.206 IR μ/σ=0.252/0.189 elapsed=0:11:03
[F_gray ep 65/80] loss=0.0404 L_main=0.0281 L_int=0.0241 L_grad=0.0063 L_branch=0.4222 L_aux=0.0036 hit=[0.488, 0.508, 0.504, 0.500] p_vis=0.529 p_ir=0.471 Y_vis μ/σ=0.313/0.205 IR μ/σ=0.253/0.189 elapsed=0:12:53
[F_gray ep 66/80] loss=0.0400 L_main=0.0279 L_int=0.0237 L_grad=0.0062 L_branch=0.4220 L_aux=0.0036 hit=[0.489, 0.509, 0.497, 0.504] p_vis=0.531 p_ir=0.469 Y_vis μ/σ=0.312/0.206 IR μ/σ=0.252/0.190 elapsed=0:14:42
[F_gray ep 67/80] loss=0.0405 L_main=0.0282 L_int=0.0242 L_grad=0.0064 L_branch=0.4221 L_aux=0.0035 hit=[0.493, 0.508, 0.499, 0.500] p_vis=0.531 p_ir=0.469 Y_vis μ/σ=0.315/0.208 IR μ/σ=0.256/0.191 elapsed=0:16:32
[F_gray ep 68/80] loss=0.0403 L_main=0.0281 L_int=0.0241 L_grad=0.0062 L_branch=0.4218 L_aux=0.0037 hit=[0.489, 0.508, 0.498, 0.504] p_vis=0.530 p_ir=0.470 Y_vis μ/σ=0.311/0.206 IR μ/σ=0.252/0.190 elapsed=0:18:22
[F_gray ep 69/80] loss=0.0400 L_main=0.0280 L_int=0.0238 L_grad=0.0060 L_branch=0.4220 L_aux=0.0035 hit=[0.486, 0.509, 0.498, 0.507] p_vis=0.530 p_ir=0.470 Y_vis μ/σ=0.314/0.207 IR μ/σ=0.253/0.189 elapsed=0:20:11
[F_gray ep 70/80] loss=0.0394 L_main=0.0272 L_int=0.0238 L_grad=0.0062 L_branch=0.4220 L_aux=0.0036 hit=[0.494, 0.508, 0.500, 0.499] p_vis=0.530 p_ir=0.470 Y_vis μ/σ=0.313/0.206 IR μ/σ=0.254/0.191 elapsed=0:22:01
  saved epoch snapshot: ../train-jobs/ckpt/Abl_wo_Lbranch/epoch_070/ckpt.pth
[F_gray ep 71/80] loss=0.0401 L_main=0.0279 L_int=0.0236 L_grad=0.0061 L_branch=0.4216 L_aux=0.0037 hit=[0.488, 0.506, 0.506, 0.501] p_vis=0.528 p_ir=0.472 Y_vis μ/σ=0.309/0.205 IR μ/σ=0.249/0.189 elapsed=0:23:51
[F_gray ep 72/80] loss=0.0402 L_main=0.0281 L_int=0.0240 L_grad=0.0061 L_branch=0.4219 L_aux=0.0036 hit=[0.487, 0.509, 0.502, 0.503] p_vis=0.531 p_ir=0.469 Y_vis μ/σ=0.313/0.206 IR μ/σ=0.255/0.191 elapsed=0:25:41
[F_gray ep 73/80] loss=0.0400 L_main=0.0280 L_int=0.0236 L_grad=0.0061 L_branch=0.4216 L_aux=0.0035 hit=[0.492, 0.510, 0.496, 0.502] p_vis=0.533 p_ir=0.467 Y_vis μ/σ=0.312/0.207 IR μ/σ=0.252/0.188 elapsed=0:27:30
[F_gray ep 74/80] loss=0.0396 L_main=0.0277 L_int=0.0238 L_grad=0.0061 L_branch=0.4214 L_aux=0.0036 hit=[0.485, 0.506, 0.499, 0.510] p_vis=0.533 p_ir=0.467 Y_vis μ/σ=0.312/0.206 IR μ/σ=0.253/0.189 elapsed=0:29:20
[F_gray ep 75/80] loss=0.0403 L_main=0.0281 L_int=0.0237 L_grad=0.0062 L_branch=0.4214 L_aux=0.0036 hit=[0.489, 0.506, 0.500, 0.506] p_vis=0.529 p_ir=0.471 Y_vis μ/σ=0.312/0.207 IR μ/σ=0.254/0.191 elapsed=0:31:09
[F_gray ep 76/80] loss=0.0400 L_main=0.0282 L_int=0.0238 L_grad=0.0060 L_branch=0.4212 L_aux=0.0035 hit=[0.490, 0.502, 0.505, 0.503] p_vis=0.530 p_ir=0.470 Y_vis μ/σ=0.311/0.206 IR μ/σ=0.252/0.189 elapsed=0:32:59
[F_gray ep 77/80] loss=0.0398 L_main=0.0278 L_int=0.0235 L_grad=0.0061 L_branch=0.4211 L_aux=0.0036 hit=[0.486, 0.506, 0.502, 0.506] p_vis=0.532 p_ir=0.468 Y_vis μ/σ=0.311/0.206 IR μ/σ=0.253/0.190 elapsed=0:34:49
[F_gray ep 78/80] loss=0.0393 L_main=0.0275 L_int=0.0236 L_grad=0.0059 L_branch=0.4210 L_aux=0.0035 hit=[0.488, 0.510, 0.503, 0.499] p_vis=0.532 p_ir=0.468 Y_vis μ/σ=0.312/0.206 IR μ/σ=0.252/0.189 elapsed=0:36:38
[F_gray ep 79/80] loss=0.0394 L_main=0.0276 L_int=0.0235 L_grad=0.0059 L_branch=0.4207 L_aux=0.0036 hit=[0.489, 0.503, 0.504, 0.504] p_vis=0.535 p_ir=0.465 Y_vis μ/σ=0.313/0.206 IR μ/σ=0.250/0.190 elapsed=0:38:27
[F_gray ep 80/80] loss=0.0399 L_main=0.0281 L_int=0.0235 L_grad=0.0059 L_branch=0.4210 L_aux=0.0036 hit=[0.491, 0.506, 0.496, 0.507] p_vis=0.532 p_ir=0.468 Y_vis μ/σ=0.313/0.206 IR μ/σ=0.251/0.191 elapsed=0:40:17
  saved epoch snapshot: ../train-jobs/ckpt/Abl_wo_Lbranch/epoch_080/ckpt.pth
[DONE] Abl_wo_Lbranch
