[2026-09-08 02:35:07] ========== PIPELINE START ConflictAdd_1 ==========
[2026-09-08 02:35:07] ========== PIPELINE START ConflictAdd_1 ==========
[2026-09-08 02:35:07] START ConflictAdd_1 B(f_cap)+a*R(vis,ir,|diff|)
[START] ConflictAdd_1 ConflictAdd: B(f_cap) + a * R(vis,ir,|diff|)
  code=/root/autodl-tmp/URFusion-main/vis-ir-gray-moe_3/code
  data=/root/autodl-tmp/URFusion-main/datasets/training_noleak/train
  C=Vis_Content_noleak / ir_Content_noleak (train-only fusion supervision)
  E_base in_channels=64 (f_cap only)
  E_conflict in_channels=192 (A2 input)
  gate=independent sigmoid, no detach, no L_route, no L_aux
  params=740378
  ckpt=/root/autodl-tmp/URFusion-main/vis-ir-gray-moe_3/train-jobs/ckpt/ConflictAdd_1/ConflictAdd_1_ckpt.pth interval=10
  fixed every 10 ep, n=8: ['00306.png', '02033.png', '00000.png', '00031.png', '01505.png', '01562.png', '03769.png', '04053.png']
  HEALTH: OK | GATE_OFF a<0.05 | GATE_ON a>0.95 | GATE_FLAT a_std<0.02 | UNIQUE_DEAD | BASE_DEAD | RESIDUAL_DEAD res<0.01*e_base
  STOP AFTER EVAL (not mid-train): 6-col must beat S1 AND A2, and a must not be GATE_OFF or GATE_ON+GATE_FLAT, else abandon MoE
[F_gray ep 1/80] loss=0.0840 L_main=0.0247 L_int=0.0682 L_grad=0.0511 L_branch=0.1417 L_route=0.0000 elapsed=0:01:45
[HEALTH] GATE_FLAT | a_mean=0.933 a_std=0.015 a_vs_mask=0.345 mask=0.678±0.459 | res=0.0755 e_conflict=0.0793 e_base=0.0873 | vis_u=0.0676 ir_u=0.0668 cap=0.1211 diff=0.1324
[F_gray ep 2/80] loss=0.0507 L_main=0.0261 L_int=0.0341 L_grad=0.0208 L_branch=0.0413 L_route=0.0000 elapsed=0:03:26
[HEALTH] GATE_ON,GATE_FLAT | a_mean=0.995 a_std=0.004 a_vs_mask=0.324 mask=0.678±0.460 | res=0.0766 e_conflict=0.0770 e_base=0.0821 | vis_u=0.0714 ir_u=0.0694 cap=0.1331 diff=0.1374
[F_gray ep 3/80] loss=0.0474 L_main=0.0269 L_int=0.0299 L_grad=0.0171 L_branch=0.0396 L_route=0.0000 elapsed=0:05:08
[HEALTH] GATE_ON,GATE_FLAT | a_mean=0.995 a_std=0.004 a_vs_mask=0.323 mask=0.679±0.459 | res=0.0704 e_conflict=0.0708 e_base=0.0762 | vis_u=0.0655 ir_u=0.0642 cap=0.1219 diff=0.1254
[F_gray ep 4/80] loss=0.0458 L_main=0.0273 L_int=0.0284 L_grad=0.0152 L_branch=0.0439 L_route=0.0000 elapsed=0:06:49
[HEALTH] GATE_ON,GATE_FLAT | a_mean=0.997 a_std=0.003 a_vs_mask=0.321 mask=0.680±0.459 | res=0.0653 e_conflict=0.0654 e_base=0.0724 | vis_u=0.0622 ir_u=0.0617 cap=0.1141 diff=0.1190
[F_gray ep 5/80] loss=0.0444 L_main=0.0277 L_int=0.0282 L_grad=0.0134 L_branch=0.0477 L_route=0.0000 elapsed=0:08:31
[HEALTH] GATE_ON,GATE_FLAT | a_mean=0.999 a_std=0.002 a_vs_mask=0.323 mask=0.677±0.460 | res=0.0613 e_conflict=0.0614 e_base=0.0691 | vis_u=0.0588 ir_u=0.0605 cap=0.1099 diff=0.1130
[F_gray ep 6/80] loss=0.0422 L_main=0.0273 L_int=0.0274 L_grad=0.0117 L_branch=0.0461 L_route=0.0000 elapsed=0:10:12
[HEALTH] GATE_ON,GATE_FLAT | a_mean=0.999 a_std=0.001 a_vs_mask=0.319 mask=0.681±0.459 | res=0.0579 e_conflict=0.0579 e_base=0.0652 | vis_u=0.0561 ir_u=0.0586 cap=0.1047 diff=0.1073
[2026-09-08 02:46:32] STOPPED by user: killed train+eval, no shutdown (last finished epoch 6/80, GATE_ON+GATE_FLAT)
