[2026-09-07 04:04:07] START SpatialResMoE_3
[START] SpatialResMoE_3 spatial residual MoE
  code=/root/autodl-tmp/URFusion-main/our_model_2_SpatialResMoE/code
  data=/root/autodl-tmp/URFusion-main/datasets/training_noleak/train
  C=Vis_Content_noleak / ir_Content_noleak
  lambda_route=0.05 (no L_aux)
  ckpt=/root/autodl-tmp/URFusion-main/our_model_2_SpatialResMoE/train-jobs/ckpt/SpatialResMoE_3/SpatialResMoE_3_ckpt.pth
  fixed every 10 ep, n=8: ['00306.png', '02033.png', '00000.png', '00031.png', '01505.png', '01562.png', '03769.png', '04053.png']
  HEALTH: OK | GATE_COLLAPSE g_mean<0.05|>0.95 | GATE_FLAT g_std<0.02 | UNIQUE_DEAD both unique L1<1e-3 | RESIDUAL_DEAD (res_vis+res_ir)<0.01*e_base
[F_gray ep 1/80] loss=0.1193 L_main=0.0270 L_int=0.0901 L_grad=0.0511 L_branch=0.1598 L_route=0.6119 elapsed=0:01:50
[HEALTH] OK | g_mean=0.668 g_std=0.071 mask=0.680±0.460 | res_vis=0.0621 res_ir=0.0367 e_base=0.0796 | vis_u=0.0627 ir_u=0.0679 cap=0.1009
[F_gray ep 2/80] loss=0.0751 L_main=0.0264 L_int=0.0389 L_grad=0.0194 L_branch=0.0621 L_route=0.4941 elapsed=0:03:37
[HEALTH] OK | g_mean=0.678 g_std=0.199 mask=0.681±0.458 | res_vis=0.1053 res_ir=0.0629 e_base=0.1002 | vis_u=0.1007 ir_u=0.1163 cap=0.1629
[F_gray ep 3/80] loss=0.0685 L_main=0.0269 L_int=0.0322 L_grad=0.0161 L_branch=0.0609 L_route=0.4332 elapsed=0:05:25
[HEALTH] OK | g_mean=0.678 g_std=0.254 mask=0.678±0.460 | res_vis=0.1157 res_ir=0.0719 e_base=0.0991 | vis_u=0.1141 ir_u=0.1389 cap=0.1809
[F_gray ep 4/80] loss=0.0654 L_main=0.0272 L_int=0.0299 L_grad=0.0140 L_branch=0.0546 L_route=0.4136 elapsed=0:07:13
[HEALTH] OK | g_mean=0.680 g_std=0.266 mask=0.680±0.458 | res_vis=0.1177 res_ir=0.0731 e_base=0.0943 | vis_u=0.1150 ir_u=0.1437 cap=0.1840
[F_gray ep 5/80] loss=0.0639 L_main=0.0272 L_int=0.0291 L_grad=0.0127 L_branch=0.0488 L_route=0.4112 elapsed=0:09:00
[HEALTH] OK | g_mean=0.674 g_std=0.273 mask=0.675±0.461 | res_vis=0.1129 res_ir=0.0724 e_base=0.0902 | vis_u=0.1116 ir_u=0.1426 cap=0.1781
[F_gray ep 6/80] loss=0.0617 L_main=0.0268 L_int=0.0278 L_grad=0.0117 L_branch=0.0445 L_route=0.3999 elapsed=0:10:48
[HEALTH] OK | g_mean=0.677 g_std=0.276 mask=0.678±0.459 | res_vis=0.1095 res_ir=0.0708 e_base=0.0872 | vis_u=0.1081 ir_u=0.1422 cap=0.1724
[F_gray ep 7/80] loss=0.0603 L_main=0.0269 L_int=0.0275 L_grad=0.0112 L_branch=0.0413 L_route=0.3818 elapsed=0:12:36
[HEALTH] OK | g_mean=0.683 g_std=0.286 mask=0.683±0.458 | res_vis=0.1087 res_ir=0.0686 e_base=0.0845 | vis_u=0.1052 ir_u=0.1418 cap=0.1687
[F_gray ep 8/80] loss=0.0604 L_main=0.0277 L_int=0.0274 L_grad=0.0109 L_branch=0.0384 L_route=0.3733 elapsed=0:14:23
[HEALTH] OK | g_mean=0.678 g_std=0.294 mask=0.678±0.459 | res_vis=0.1078 res_ir=0.0704 e_base=0.0835 | vis_u=0.1047 ir_u=0.1445 cap=0.1684
[F_gray ep 9/80] loss=0.0599 L_main=0.0277 L_int=0.0274 L_grad=0.0106 L_branch=0.0367 L_route=0.3698 elapsed=0:16:11
[HEALTH] OK | g_mean=0.672 g_std=0.299 mask=0.673±0.460 | res_vis=0.1038 res_ir=0.0703 e_base=0.0821 | vis_u=0.1027 ir_u=0.1436 cap=0.1634
[F_gray ep 10/80] loss=0.0586 L_main=0.0271 L_int=0.0262 L_grad=0.0102 L_branch=0.0350 L_route=0.3666 elapsed=0:17:58
[HEALTH] OK | g_mean=0.678 g_std=0.301 mask=0.678±0.459 | res_vis=0.0997 res_ir=0.0665 e_base=0.0797 | vis_u=0.0991 ir_u=0.1400 cap=0.1558
  saved epoch snapshot: /root/autodl-tmp/URFusion-main/our_model_2_SpatialResMoE/train-jobs/ckpt/SpatialResMoE_3/epoch_010/ckpt.pth
  saved 8 fixed Y+gate -> /root/autodl-tmp/URFusion-main/our_model_2_SpatialResMoE/train-jobs/fixed_examples/SpatialResMoE_3/epoch_010
[F_gray ep 11/80] loss=0.0584 L_main=0.0274 L_int=0.0263 L_grad=0.0099 L_branch=0.0342 L_route=0.3614 elapsed=0:19:52
[HEALTH] OK | g_mean=0.679 g_std=0.302 mask=0.679±0.459 | res_vis=0.0967 res_ir=0.0648 e_base=0.0778 | vis_u=0.0968 ir_u=0.1385 cap=0.1508
[F_gray ep 12/80] loss=0.0578 L_main=0.0273 L_int=0.0260 L_grad=0.0096 L_branch=0.0335 L_route=0.3593 elapsed=0:21:40
[HEALTH] OK | g_mean=0.680 g_std=0.302 mask=0.680±0.458 | res_vis=0.0958 res_ir=0.0643 e_base=0.0765 | vis_u=0.0959 ir_u=0.1387 cap=0.1486
[F_gray ep 13/80] loss=0.0585 L_main=0.0279 L_int=0.0267 L_grad=0.0095 L_branch=0.0329 L_route=0.3611 elapsed=0:23:30
[HEALTH] OK | g_mean=0.674 g_std=0.306 mask=0.675±0.460 | res_vis=0.0911 res_ir=0.0633 e_base=0.0748 | vis_u=0.0931 ir_u=0.1353 cap=0.1429
[F_gray ep 14/80] loss=0.0569 L_main=0.0272 L_int=0.0257 L_grad=0.0092 L_branch=0.0320 L_route=0.3526 elapsed=0:25:20
[HEALTH] OK | g_mean=0.682 g_std=0.308 mask=0.682±0.458 | res_vis=0.0892 res_ir=0.0607 e_base=0.0734 | vis_u=0.0908 ir_u=0.1335 cap=0.1388
[F_gray ep 15/80] loss=0.0568 L_main=0.0276 L_int=0.0254 L_grad=0.0090 L_branch=0.0316 L_route=0.3481 elapsed=0:27:08
[HEALTH] OK | g_mean=0.677 g_std=0.312 mask=0.677±0.460 | res_vis=0.0874 res_ir=0.0616 e_base=0.0729 | vis_u=0.0900 ir_u=0.1340 cap=0.1373
[F_gray ep 16/80] loss=0.0565 L_main=0.0273 L_int=0.0256 L_grad=0.0089 L_branch=0.0311 L_route=0.3506 elapsed=0:28:57
[HEALTH] OK | g_mean=0.681 g_std=0.309 mask=0.681±0.458 | res_vis=0.0858 res_ir=0.0590 e_base=0.0718 | vis_u=0.0877 ir_u=0.1314 cap=0.1329
[F_gray ep 17/80] loss=0.0564 L_main=0.0274 L_int=0.0258 L_grad=0.0088 L_branch=0.0306 L_route=0.3450 elapsed=0:30:46
[HEALTH] OK | g_mean=0.680 g_std=0.312 mask=0.680±0.458 | res_vis=0.0856 res_ir=0.0596 e_base=0.0710 | vis_u=0.0872 ir_u=0.1327 cap=0.1323
[F_gray ep 18/80] loss=0.0567 L_main=0.0278 L_int=0.0249 L_grad=0.0087 L_branch=0.0300 L_route=0.3471 elapsed=0:32:35
[HEALTH] OK | g_mean=0.680 g_std=0.312 mask=0.680±0.459 | res_vis=0.0839 res_ir=0.0587 e_base=0.0708 | vis_u=0.0861 ir_u=0.1316 cap=0.1293
[F_gray ep 19/80] loss=0.0556 L_main=0.0269 L_int=0.0254 L_grad=0.0086 L_branch=0.0295 L_route=0.3446 elapsed=0:34:25
[HEALTH] OK | g_mean=0.680 g_std=0.312 mask=0.681±0.458 | res_vis=0.0835 res_ir=0.0581 e_base=0.0699 | vis_u=0.0850 ir_u=0.1312 cap=0.1277
[F_gray ep 20/80] loss=0.0557 L_main=0.0277 L_int=0.0248 L_grad=0.0083 L_branch=0.0288 L_route=0.3388 elapsed=0:36:18
[HEALTH] OK | g_mean=0.679 g_std=0.317 mask=0.679±0.459 | res_vis=0.0834 res_ir=0.0587 e_base=0.0698 | vis_u=0.0851 ir_u=0.1327 cap=0.1274
  saved epoch snapshot: /root/autodl-tmp/URFusion-main/our_model_2_SpatialResMoE/train-jobs/ckpt/SpatialResMoE_3/epoch_020/ckpt.pth
  saved 8 fixed Y+gate -> /root/autodl-tmp/URFusion-main/our_model_2_SpatialResMoE/train-jobs/fixed_examples/SpatialResMoE_3/epoch_020
[F_gray ep 21/80] loss=0.0558 L_main=0.0276 L_int=0.0249 L_grad=0.0083 L_branch=0.0283 L_route=0.3427 elapsed=0:38:13
[HEALTH] OK | g_mean=0.679 g_std=0.313 mask=0.680±0.459 | res_vis=0.0827 res_ir=0.0582 e_base=0.0695 | vis_u=0.0844 ir_u=0.1324 cap=0.1258
[F_gray ep 22/80] loss=0.0555 L_main=0.0272 L_int=0.0247 L_grad=0.0084 L_branch=0.0279 L_route=0.3430 elapsed=0:40:01
[HEALTH] OK | g_mean=0.677 g_std=0.316 mask=0.677±0.460 | res_vis=0.0831 res_ir=0.0590 e_base=0.0693 | vis_u=0.0844 ir_u=0.1336 cap=0.1260
[F_gray ep 23/80] loss=0.0558 L_main=0.0277 L_int=0.0252 L_grad=0.0084 L_branch=0.0275 L_route=0.3383 elapsed=0:41:48
[HEALTH] OK | g_mean=0.675 g_std=0.319 mask=0.675±0.460 | res_vis=0.0821 res_ir=0.0592 e_base=0.0685 | vis_u=0.0839 ir_u=0.1334 cap=0.1242
[F_gray ep 24/80] loss=0.0552 L_main=0.0277 L_int=0.0249 L_grad=0.0081 L_branch=0.0272 L_route=0.3347 elapsed=0:43:36
[HEALTH] OK | g_mean=0.680 g_std=0.317 mask=0.680±0.458 | res_vis=0.0821 res_ir=0.0573 e_base=0.0683 | vis_u=0.0829 ir_u=0.1323 cap=0.1221
[F_gray ep 25/80] loss=0.0561 L_main=0.0284 L_int=0.0252 L_grad=0.0081 L_branch=0.0270 L_route=0.3351 elapsed=0:45:24
[HEALTH] OK | g_mean=0.677 g_std=0.321 mask=0.677±0.460 | res_vis=0.0810 res_ir=0.0575 e_base=0.0681 | vis_u=0.0826 ir_u=0.1324 cap=0.1209
[F_gray ep 26/80] loss=0.0554 L_main=0.0281 L_int=0.0247 L_grad=0.0079 L_branch=0.0263 L_route=0.3329 elapsed=0:47:11
[HEALTH] OK | g_mean=0.679 g_std=0.320 mask=0.679±0.459 | res_vis=0.0812 res_ir=0.0575 e_base=0.0677 | vis_u=0.0825 ir_u=0.1333 cap=0.1205
[F_gray ep 27/80] loss=0.0545 L_main=0.0276 L_int=0.0241 L_grad=0.0077 L_branch=0.0260 L_route=0.3299 elapsed=0:48:59
[HEALTH] OK | g_mean=0.682 g_std=0.319 mask=0.682±0.458 | res_vis=0.0821 res_ir=0.0566 e_base=0.0680 | vis_u=0.0823 ir_u=0.1335 cap=0.1199
[F_gray ep 28/80] loss=0.0553 L_main=0.0279 L_int=0.0247 L_grad=0.0078 L_branch=0.0256 L_route=0.3351 elapsed=0:50:47
[HEALTH] OK | g_mean=0.676 g_std=0.322 mask=0.676±0.460 | res_vis=0.0795 res_ir=0.0568 e_base=0.0674 | vis_u=0.0814 ir_u=0.1320 cap=0.1174
[F_gray ep 29/80] loss=0.0546 L_main=0.0276 L_int=0.0247 L_grad=0.0076 L_branch=0.0252 L_route=0.3338 elapsed=0:52:34
[HEALTH] OK | g_mean=0.678 g_std=0.319 mask=0.678±0.459 | res_vis=0.0798 res_ir=0.0562 e_base=0.0669 | vis_u=0.0808 ir_u=0.1318 cap=0.1163
[F_gray ep 30/80] loss=0.0537 L_main=0.0272 L_int=0.0243 L_grad=0.0075 L_branch=0.0247 L_route=0.3249 elapsed=0:54:22
[HEALTH] OK | g_mean=0.685 g_std=0.321 mask=0.686±0.456 | res_vis=0.0808 res_ir=0.0549 e_base=0.0664 | vis_u=0.0809 ir_u=0.1326 cap=0.1160
  saved epoch snapshot: /root/autodl-tmp/URFusion-main/our_model_2_SpatialResMoE/train-jobs/ckpt/SpatialResMoE_3/epoch_030/ckpt.pth
  saved 8 fixed Y+gate -> /root/autodl-tmp/URFusion-main/our_model_2_SpatialResMoE/train-jobs/fixed_examples/SpatialResMoE_3/epoch_030
[F_gray ep 31/80] loss=0.0542 L_main=0.0277 L_int=0.0239 L_grad=0.0075 L_branch=0.0244 L_route=0.3270 elapsed=0:56:14
[HEALTH] OK | g_mean=0.681 g_std=0.322 mask=0.682±0.458 | res_vis=0.0808 res_ir=0.0561 e_base=0.0666 | vis_u=0.0811 ir_u=0.1339 cap=0.1164
[F_gray ep 32/80] loss=0.0540 L_main=0.0276 L_int=0.0245 L_grad=0.0075 L_branch=0.0241 L_route=0.3241 elapsed=0:58:01
[HEALTH] OK | g_mean=0.682 g_std=0.323 mask=0.682±0.458 | res_vis=0.0809 res_ir=0.0558 e_base=0.0664 | vis_u=0.0811 ir_u=0.1340 cap=0.1156
[F_gray ep 33/80] loss=0.0538 L_main=0.0274 L_int=0.0239 L_grad=0.0074 L_branch=0.0234 L_route=0.3269 elapsed=0:59:49
[HEALTH] OK | g_mean=0.679 g_std=0.323 mask=0.679±0.459 | res_vis=0.0792 res_ir=0.0557 e_base=0.0662 | vis_u=0.0804 ir_u=0.1331 cap=0.1138
[F_gray ep 34/80] loss=0.0534 L_main=0.0273 L_int=0.0244 L_grad=0.0073 L_branch=0.0234 L_route=0.3224 elapsed=1:01:37
[HEALTH] OK | g_mean=0.680 g_std=0.325 mask=0.680±0.458 | res_vis=0.0795 res_ir=0.0555 e_base=0.0659 | vis_u=0.0806 ir_u=0.1337 cap=0.1134
[F_gray ep 35/80] loss=0.0537 L_main=0.0278 L_int=0.0242 L_grad=0.0073 L_branch=0.0229 L_route=0.3187 elapsed=1:03:24
[HEALTH] OK | g_mean=0.679 g_std=0.327 mask=0.679±0.459 | res_vis=0.0783 res_ir=0.0555 e_base=0.0656 | vis_u=0.0803 ir_u=0.1332 cap=0.1122
[F_gray ep 36/80] loss=0.0542 L_main=0.0282 L_int=0.0243 L_grad=0.0074 L_branch=0.0226 L_route=0.3186 elapsed=1:05:12
[HEALTH] OK | g_mean=0.680 g_std=0.328 mask=0.680±0.459 | res_vis=0.0795 res_ir=0.0556 e_base=0.0656 | vis_u=0.0808 ir_u=0.1347 cap=0.1129
[F_gray ep 37/80] loss=0.0539 L_main=0.0280 L_int=0.0240 L_grad=0.0072 L_branch=0.0224 L_route=0.3207 elapsed=1:06:59
[HEALTH] OK | g_mean=0.679 g_std=0.327 mask=0.679±0.459 | res_vis=0.0781 res_ir=0.0553 e_base=0.0654 | vis_u=0.0801 ir_u=0.1335 cap=0.1112
[F_gray ep 38/80] loss=0.0534 L_main=0.0275 L_int=0.0239 L_grad=0.0072 L_branch=0.0219 L_route=0.3230 elapsed=1:08:47
[HEALTH] OK | g_mean=0.680 g_std=0.325 mask=0.680±0.458 | res_vis=0.0773 res_ir=0.0548 e_base=0.0647 | vis_u=0.0796 ir_u=0.1331 cap=0.1097
[F_gray ep 39/80] loss=0.0535 L_main=0.0277 L_int=0.0241 L_grad=0.0072 L_branch=0.0218 L_route=0.3206 elapsed=1:10:35
[HEALTH] OK | g_mean=0.678 g_std=0.327 mask=0.678±0.459 | res_vis=0.0778 res_ir=0.0554 e_base=0.0647 | vis_u=0.0800 ir_u=0.1343 cap=0.1102
[F_gray ep 40/80] loss=0.0532 L_main=0.0278 L_int=0.0238 L_grad=0.0070 L_branch=0.0215 L_route=0.3162 elapsed=1:12:22
[HEALTH] OK | g_mean=0.681 g_std=0.328 mask=0.681±0.458 | res_vis=0.0781 res_ir=0.0551 e_base=0.0648 | vis_u=0.0799 ir_u=0.1349 cap=0.1097
  saved epoch snapshot: /root/autodl-tmp/URFusion-main/our_model_2_SpatialResMoE/train-jobs/ckpt/SpatialResMoE_3/epoch_040/ckpt.pth
  saved 8 fixed Y+gate -> /root/autodl-tmp/URFusion-main/our_model_2_SpatialResMoE/train-jobs/fixed_examples/SpatialResMoE_3/epoch_040
[F_gray ep 41/80] loss=0.0529 L_main=0.0276 L_int=0.0238 L_grad=0.0070 L_branch=0.0212 L_route=0.3146 elapsed=1:14:14
[HEALTH] OK | g_mean=0.685 g_std=0.326 mask=0.685±0.457 | res_vis=0.0789 res_ir=0.0542 e_base=0.0648 | vis_u=0.0800 ir_u=0.1353 cap=0.1094
[F_gray ep 42/80] loss=0.0527 L_main=0.0274 L_int=0.0240 L_grad=0.0070 L_branch=0.0211 L_route=0.3142 elapsed=1:16:02
[HEALTH] OK | g_mean=0.681 g_std=0.330 mask=0.681±0.458 | res_vis=0.0777 res_ir=0.0545 e_base=0.0646 | vis_u=0.0797 ir_u=0.1350 cap=0.1084
[F_gray ep 43/80] loss=0.0527 L_main=0.0273 L_int=0.0231 L_grad=0.0070 L_branch=0.0210 L_route=0.3174 elapsed=1:17:50
[HEALTH] OK | g_mean=0.683 g_std=0.327 mask=0.683±0.457 | res_vis=0.0774 res_ir=0.0537 e_base=0.0644 | vis_u=0.0792 ir_u=0.1346 cap=0.1072
[F_gray ep 44/80] loss=0.0528 L_main=0.0277 L_int=0.0243 L_grad=0.0070 L_branch=0.0206 L_route=0.3108 elapsed=1:19:37
[HEALTH] OK | g_mean=0.679 g_std=0.333 mask=0.679±0.460 | res_vis=0.0759 res_ir=0.0544 e_base=0.0641 | vis_u=0.0790 ir_u=0.1342 cap=0.1062
[F_gray ep 45/80] loss=0.0528 L_main=0.0279 L_int=0.0237 L_grad=0.0070 L_branch=0.0205 L_route=0.3079 elapsed=1:21:25
[HEALTH] OK | g_mean=0.684 g_std=0.332 mask=0.684±0.457 | res_vis=0.0773 res_ir=0.0539 e_base=0.0639 | vis_u=0.0794 ir_u=0.1355 cap=0.1065
[F_gray ep 46/80] loss=0.0525 L_main=0.0276 L_int=0.0238 L_grad=0.0068 L_branch=0.0203 L_route=0.3097 elapsed=1:23:12
[HEALTH] OK | g_mean=0.679 g_std=0.334 mask=0.679±0.459 | res_vis=0.0765 res_ir=0.0546 e_base=0.0638 | vis_u=0.0792 ir_u=0.1357 cap=0.1060
[F_gray ep 47/80] loss=0.0528 L_main=0.0280 L_int=0.0243 L_grad=0.0069 L_branch=0.0203 L_route=0.3061 elapsed=1:25:00
[HEALTH] OK | g_mean=0.674 g_std=0.337 mask=0.674±0.461 | res_vis=0.0751 res_ir=0.0554 e_base=0.0636 | vis_u=0.0789 ir_u=0.1353 cap=0.1051
[F_gray ep 48/80] loss=0.0524 L_main=0.0278 L_int=0.0235 L_grad=0.0069 L_branch=0.0200 L_route=0.3034 elapsed=1:26:47
[HEALTH] OK | g_mean=0.682 g_std=0.335 mask=0.682±0.458 | res_vis=0.0764 res_ir=0.0544 e_base=0.0636 | vis_u=0.0792 ir_u=0.1363 cap=0.1052
[F_gray ep 49/80] loss=0.0526 L_main=0.0279 L_int=0.0236 L_grad=0.0067 L_branch=0.0201 L_route=0.3074 elapsed=1:28:35
[HEALTH] OK | g_mean=0.677 g_std=0.335 mask=0.677±0.460 | res_vis=0.0746 res_ir=0.0545 e_base=0.0634 | vis_u=0.0785 ir_u=0.1347 cap=0.1036
[F_gray ep 50/80] loss=0.0524 L_main=0.0278 L_int=0.0238 L_grad=0.0068 L_branch=0.0198 L_route=0.3036 elapsed=1:30:22
[HEALTH] OK | g_mean=0.678 g_std=0.336 mask=0.678±0.459 | res_vis=0.0751 res_ir=0.0549 e_base=0.0636 | vis_u=0.0790 ir_u=0.1362 cap=0.1039
  saved epoch snapshot: /root/autodl-tmp/URFusion-main/our_model_2_SpatialResMoE/train-jobs/ckpt/SpatialResMoE_3/epoch_050/ckpt.pth
  saved 8 fixed Y+gate -> /root/autodl-tmp/URFusion-main/our_model_2_SpatialResMoE/train-jobs/fixed_examples/SpatialResMoE_3/epoch_050
[F_gray ep 51/80] loss=0.0519 L_main=0.0272 L_int=0.0233 L_grad=0.0068 L_branch=0.0198 L_route=0.3071 elapsed=1:32:14
[HEALTH] OK | g_mean=0.680 g_std=0.333 mask=0.680±0.458 | res_vis=0.0738 res_ir=0.0535 e_base=0.0631 | vis_u=0.0780 ir_u=0.1338 cap=0.1016
[F_gray ep 52/80] loss=0.0526 L_main=0.0281 L_int=0.0239 L_grad=0.0067 L_branch=0.0198 L_route=0.3035 elapsed=1:34:02
[HEALTH] OK | g_mean=0.678 g_std=0.337 mask=0.678±0.459 | res_vis=0.0738 res_ir=0.0541 e_base=0.0628 | vis_u=0.0784 ir_u=0.1349 cap=0.1018
[F_gray ep 53/80] loss=0.0517 L_main=0.0275 L_int=0.0236 L_grad=0.0067 L_branch=0.0194 L_route=0.2973 elapsed=1:35:49
[HEALTH] OK | g_mean=0.684 g_std=0.337 mask=0.684±0.457 | res_vis=0.0751 res_ir=0.0534 e_base=0.0627 | vis_u=0.0785 ir_u=0.1358 cap=0.1018
[F_gray ep 54/80] loss=0.0521 L_main=0.0280 L_int=0.0236 L_grad=0.0067 L_branch=0.0196 L_route=0.2969 elapsed=1:37:37
[HEALTH] OK | g_mean=0.682 g_std=0.338 mask=0.682±0.457 | res_vis=0.0751 res_ir=0.0538 e_base=0.0629 | vis_u=0.0787 ir_u=0.1367 cap=0.1016
[F_gray ep 55/80] loss=0.0520 L_main=0.0277 L_int=0.0234 L_grad=0.0068 L_branch=0.0194 L_route=0.3000 elapsed=1:39:24
[HEALTH] OK | g_mean=0.682 g_std=0.336 mask=0.682±0.458 | res_vis=0.0737 res_ir=0.0535 e_base=0.0625 | vis_u=0.0781 ir_u=0.1353 cap=0.1003
[F_gray ep 56/80] loss=0.0518 L_main=0.0277 L_int=0.0240 L_grad=0.0067 L_branch=0.0193 L_route=0.2956 elapsed=1:41:12
[HEALTH] OK | g_mean=0.679 g_std=0.341 mask=0.679±0.459 | res_vis=0.0737 res_ir=0.0541 e_base=0.0627 | vis_u=0.0784 ir_u=0.1361 cap=0.1003
[F_gray ep 57/80] loss=0.0519 L_main=0.0279 L_int=0.0237 L_grad=0.0066 L_branch=0.0194 L_route=0.2962 elapsed=1:43:00
[HEALTH] OK | g_mean=0.676 g_std=0.342 mask=0.676±0.460 | res_vis=0.0732 res_ir=0.0545 e_base=0.0628 | vis_u=0.0785 ir_u=0.1362 cap=0.0998
[F_gray ep 58/80] loss=0.0518 L_main=0.0278 L_int=0.0240 L_grad=0.0067 L_branch=0.0194 L_route=0.2925 elapsed=1:44:47
[HEALTH] OK | g_mean=0.681 g_std=0.340 mask=0.681±0.457 | res_vis=0.0738 res_ir=0.0538 e_base=0.0625 | vis_u=0.0783 ir_u=0.1366 cap=0.0993
[F_gray ep 59/80] loss=0.0513 L_main=0.0275 L_int=0.0234 L_grad=0.0066 L_branch=0.0192 L_route=0.2931 elapsed=1:46:35
[HEALTH] OK | g_mean=0.681 g_std=0.340 mask=0.681±0.458 | res_vis=0.0740 res_ir=0.0537 e_base=0.0627 | vis_u=0.0784 ir_u=0.1366 cap=0.0990
[F_gray ep 60/80] loss=0.0515 L_main=0.0276 L_int=0.0236 L_grad=0.0068 L_branch=0.0191 L_route=0.2911 elapsed=1:48:22
[HEALTH] OK | g_mean=0.680 g_std=0.342 mask=0.680±0.458 | res_vis=0.0742 res_ir=0.0544 e_base=0.0629 | vis_u=0.0789 ir_u=0.1380 cap=0.0994
  saved epoch snapshot: /root/autodl-tmp/URFusion-main/our_model_2_SpatialResMoE/train-jobs/ckpt/SpatialResMoE_3/epoch_060/ckpt.pth
  saved 8 fixed Y+gate -> /root/autodl-tmp/URFusion-main/our_model_2_SpatialResMoE/train-jobs/fixed_examples/SpatialResMoE_3/epoch_060
[F_gray ep 61/80] loss=0.0511 L_main=0.0276 L_int=0.0232 L_grad=0.0065 L_branch=0.0189 L_route=0.2901 elapsed=1:50:14
[HEALTH] OK | g_mean=0.682 g_std=0.343 mask=0.681±0.459 | res_vis=0.0740 res_ir=0.0537 e_base=0.0629 | vis_u=0.0787 ir_u=0.1376 cap=0.0984
[F_gray ep 62/80] loss=0.0521 L_main=0.0280 L_int=0.0238 L_grad=0.0067 L_branch=0.0190 L_route=0.2950 elapsed=1:52:02
[HEALTH] OK | g_mean=0.679 g_std=0.341 mask=0.679±0.459 | res_vis=0.0736 res_ir=0.0544 e_base=0.0628 | vis_u=0.0789 ir_u=0.1379 cap=0.0983
[F_gray ep 63/80] loss=0.0516 L_main=0.0281 L_int=0.0237 L_grad=0.0066 L_branch=0.0192 L_route=0.2880 elapsed=1:53:50
[HEALTH] OK | g_mean=0.682 g_std=0.342 mask=0.682±0.457 | res_vis=0.0746 res_ir=0.0538 e_base=0.0630 | vis_u=0.0793 ir_u=0.1383 cap=0.0982
[F_gray ep 64/80] loss=0.0520 L_main=0.0283 L_int=0.0238 L_grad=0.0067 L_branch=0.0188 L_route=0.2894 elapsed=1:55:37
[HEALTH] OK | g_mean=0.675 g_std=0.346 mask=0.675±0.460 | res_vis=0.0727 res_ir=0.0550 e_base=0.0629 | vis_u=0.0789 ir_u=0.1382 cap=0.0974
[F_gray ep 65/80] loss=0.0515 L_main=0.0279 L_int=0.0232 L_grad=0.0067 L_branch=0.0188 L_route=0.2878 elapsed=1:57:25
[HEALTH] OK | g_mean=0.679 g_std=0.346 mask=0.679±0.460 | res_vis=0.0733 res_ir=0.0544 e_base=0.0626 | vis_u=0.0789 ir_u=0.1383 cap=0.0970
[F_gray ep 66/80] loss=0.0514 L_main=0.0281 L_int=0.0230 L_grad=0.0065 L_branch=0.0188 L_route=0.2871 elapsed=1:59:12
[HEALTH] OK | g_mean=0.681 g_std=0.344 mask=0.681±0.458 | res_vis=0.0736 res_ir=0.0537 e_base=0.0629 | vis_u=0.0790 ir_u=0.1382 cap=0.0965
[F_gray ep 67/80] loss=0.0512 L_main=0.0278 L_int=0.0231 L_grad=0.0064 L_branch=0.0186 L_route=0.2897 elapsed=2:01:00
[HEALTH] OK | g_mean=0.678 g_std=0.345 mask=0.678±0.460 | res_vis=0.0731 res_ir=0.0541 e_base=0.0627 | vis_u=0.0789 ir_u=0.1381 cap=0.0960
[F_gray ep 68/80] loss=0.0512 L_main=0.0278 L_int=0.0235 L_grad=0.0065 L_branch=0.0186 L_route=0.2861 elapsed=2:02:47
[HEALTH] OK | g_mean=0.679 g_std=0.345 mask=0.679±0.459 | res_vis=0.0733 res_ir=0.0545 e_base=0.0626 | vis_u=0.0790 ir_u=0.1388 cap=0.0959
[F_gray ep 69/80] loss=0.0515 L_main=0.0280 L_int=0.0231 L_grad=0.0065 L_branch=0.0185 L_route=0.2890 elapsed=2:04:35
[HEALTH] OK | g_mean=0.677 g_std=0.345 mask=0.677±0.460 | res_vis=0.0727 res_ir=0.0541 e_base=0.0627 | vis_u=0.0790 ir_u=0.1380 cap=0.0950
[F_gray ep 70/80] loss=0.0514 L_main=0.0281 L_int=0.0234 L_grad=0.0065 L_branch=0.0184 L_route=0.2842 elapsed=2:06:23
[HEALTH] OK | g_mean=0.677 g_std=0.347 mask=0.676±0.460 | res_vis=0.0733 res_ir=0.0548 e_base=0.0630 | vis_u=0.0796 ir_u=0.1394 cap=0.0956
  saved epoch snapshot: /root/autodl-tmp/URFusion-main/our_model_2_SpatialResMoE/train-jobs/ckpt/SpatialResMoE_3/epoch_070/ckpt.pth
  saved 8 fixed Y+gate -> /root/autodl-tmp/URFusion-main/our_model_2_SpatialResMoE/train-jobs/fixed_examples/SpatialResMoE_3/epoch_070
[F_gray ep 71/80] loss=0.0504 L_main=0.0274 L_int=0.0226 L_grad=0.0064 L_branch=0.0183 L_route=0.2828 elapsed=2:08:15
[HEALTH] OK | g_mean=0.683 g_std=0.345 mask=0.683±0.458 | res_vis=0.0740 res_ir=0.0533 e_base=0.0631 | vis_u=0.0794 ir_u=0.1388 cap=0.0947
[F_gray ep 72/80] loss=0.0508 L_main=0.0279 L_int=0.0232 L_grad=0.0064 L_branch=0.0181 L_route=0.2809 elapsed=2:10:02
[HEALTH] OK | g_mean=0.679 g_std=0.349 mask=0.679±0.459 | res_vis=0.0739 res_ir=0.0545 e_base=0.0629 | vis_u=0.0798 ir_u=0.1402 cap=0.0950
[F_gray ep 73/80] loss=0.0512 L_main=0.0280 L_int=0.0232 L_grad=0.0065 L_branch=0.0183 L_route=0.2837 elapsed=2:11:50
[HEALTH] OK | g_mean=0.682 g_std=0.346 mask=0.682±0.458 | res_vis=0.0733 res_ir=0.0533 e_base=0.0631 | vis_u=0.0794 ir_u=0.1384 cap=0.0937
[F_gray ep 74/80] loss=0.0509 L_main=0.0275 L_int=0.0235 L_grad=0.0067 L_branch=0.0185 L_route=0.2845 elapsed=2:13:37
[HEALTH] OK | g_mean=0.683 g_std=0.345 mask=0.683±0.457 | res_vis=0.0737 res_ir=0.0527 e_base=0.0627 | vis_u=0.0794 ir_u=0.1380 cap=0.0933
[F_gray ep 75/80] loss=0.0507 L_main=0.0279 L_int=0.0232 L_grad=0.0063 L_branch=0.0182 L_route=0.2780 elapsed=2:15:25
[HEALTH] OK | g_mean=0.678 g_std=0.350 mask=0.678±0.459 | res_vis=0.0739 res_ir=0.0544 e_base=0.0630 | vis_u=0.0801 ir_u=0.1399 cap=0.0940
[F_gray ep 76/80] loss=0.0507 L_main=0.0279 L_int=0.0234 L_grad=0.0065 L_branch=0.0183 L_route=0.2773 elapsed=2:17:12
[HEALTH] OK | g_mean=0.685 g_std=0.346 mask=0.685±0.456 | res_vis=0.0746 res_ir=0.0530 e_base=0.0626 | vis_u=0.0800 ir_u=0.1395 cap=0.0934
[F_gray ep 77/80] loss=0.0506 L_main=0.0277 L_int=0.0233 L_grad=0.0064 L_branch=0.0182 L_route=0.2793 elapsed=2:18:59
[HEALTH] OK | g_mean=0.682 g_std=0.347 mask=0.682±0.457 | res_vis=0.0741 res_ir=0.0533 e_base=0.0627 | vis_u=0.0798 ir_u=0.1391 cap=0.0928
[F_gray ep 78/80] loss=0.0510 L_main=0.0283 L_int=0.0234 L_grad=0.0065 L_branch=0.0180 L_route=0.2741 elapsed=2:20:47
[HEALTH] OK | g_mean=0.678 g_std=0.353 mask=0.678±0.460 | res_vis=0.0743 res_ir=0.0544 e_base=0.0628 | vis_u=0.0806 ir_u=0.1406 cap=0.0934
[F_gray ep 79/80] loss=0.0511 L_main=0.0281 L_int=0.0236 L_grad=0.0066 L_branch=0.0182 L_route=0.2779 elapsed=2:22:34
[HEALTH] OK | g_mean=0.680 g_std=0.349 mask=0.680±0.458 | res_vis=0.0740 res_ir=0.0536 e_base=0.0627 | vis_u=0.0802 ir_u=0.1394 cap=0.0924
[F_gray ep 80/80] loss=0.0504 L_main=0.0279 L_int=0.0234 L_grad=0.0063 L_branch=0.0179 L_route=0.2745 elapsed=2:24:21
[HEALTH] OK | g_mean=0.678 g_std=0.351 mask=0.678±0.459 | res_vis=0.0729 res_ir=0.0534 e_base=0.0625 | vis_u=0.0798 ir_u=0.1382 cap=0.0913
  saved epoch snapshot: /root/autodl-tmp/URFusion-main/our_model_2_SpatialResMoE/train-jobs/ckpt/SpatialResMoE_3/epoch_080/ckpt.pth
  saved 8 fixed Y+gate -> /root/autodl-tmp/URFusion-main/our_model_2_SpatialResMoE/train-jobs/fixed_examples/SpatialResMoE_3/epoch_080
[DONE] SpatialResMoE_3
[2026-09-07 06:28:39] DONE SpatialResMoE_3
