[2026-09-07 19:04:31] START SpatialResMoE_2 leak-free E_base(f_cap)
[START] SpatialResMoE_2 leak-free spatial residual MoE
  code=/root/autodl-tmp/URFusion-main/our_model_3_SpatialResMoE_2/code
  data=/root/autodl-tmp/URFusion-main/datasets/training_noleak/train
  C=Vis_Content_noleak / ir_Content_noleak
  fusion=E_base(f_cap) + g*E_vis(u_vis)+(1-g)*E_ir(u_ir)
  E_base in_channels=64 (f_cap only; no |diff|, no unique)
  params=810683
  lambda_route=0.05 (no L_aux)
  ckpt=/root/autodl-tmp/URFusion-main/our_model_3_SpatialResMoE_2/train-jobs/ckpt/SpatialResMoE_2/SpatialResMoE_2_ckpt.pth interval=10
  fixed every 10 ep, n=8: ['00306.png', '02033.png', '00000.png', '00031.png', '01505.png', '01562.png', '03769.png', '04053.png']
  HEALTH: OK | GATE_COLLAPSE g_mean<0.05|>0.95 | GATE_FLAT g_std<0.02 | UNIQUE_DEAD both unique L1<1e-3 | RESIDUAL_DEAD (res_vis+res_ir)<0.01*e_base
[F_gray ep 1/80] loss=0.1156 L_main=0.0236 L_int=0.0871 L_grad=0.0523 L_branch=0.1353 L_route=0.5933 elapsed=0:01:51
[HEALTH] OK | g_mean=0.670 g_std=0.084 mask=0.679±0.459 | res_vis=0.0756 res_ir=0.0426 e_base=0.0701 | vis_u=0.0643 ir_u=0.0602 cap=0.1197 diff=0.1208
[F_gray ep 2/80] loss=0.0739 L_main=0.0264 L_int=0.0360 L_grad=0.0210 L_branch=0.0661 L_route=0.4458 elapsed=0:03:39
[HEALTH] OK | g_mean=0.677 g_std=0.245 mask=0.678±0.459 | res_vis=0.1417 res_ir=0.0731 e_base=0.0816 | vis_u=0.1081 ir_u=0.0915 cap=0.2070 diff=0.1920
[F_gray ep 3/80] loss=0.0679 L_main=0.0270 L_int=0.0310 L_grad=0.0161 L_branch=0.0599 L_route=0.4234 elapsed=0:05:27
[HEALTH] OK | g_mean=0.677 g_std=0.263 mask=0.677±0.460 | res_vis=0.1480 res_ir=0.0775 e_base=0.0778 | vis_u=0.1119 ir_u=0.0911 cap=0.2161 diff=0.1934
[F_gray ep 4/80] loss=0.0655 L_main=0.0272 L_int=0.0302 L_grad=0.0143 L_branch=0.0514 L_route=0.4082 elapsed=0:07:15
[HEALTH] OK | g_mean=0.678 g_std=0.272 mask=0.678±0.459 | res_vis=0.1527 res_ir=0.0797 e_base=0.0759 | vis_u=0.1164 ir_u=0.0951 cap=0.2214 diff=0.2023
[F_gray ep 5/80] loss=0.0637 L_main=0.0271 L_int=0.0288 L_grad=0.0132 L_branch=0.0421 L_route=0.4022 elapsed=0:09:03
[HEALTH] OK | g_mean=0.679 g_std=0.275 mask=0.680±0.459 | res_vis=0.1506 res_ir=0.0774 e_base=0.0728 | vis_u=0.1164 ir_u=0.0972 cap=0.2158 diff=0.2045
[F_gray ep 6/80] loss=0.0617 L_main=0.0268 L_int=0.0276 L_grad=0.0124 L_branch=0.0381 L_route=0.3886 elapsed=0:10:51
[HEALTH] OK | g_mean=0.681 g_std=0.282 mask=0.682±0.458 | res_vis=0.1534 res_ir=0.0769 e_base=0.0719 | vis_u=0.1198 ir_u=0.1027 cap=0.2170 diff=0.2132
[F_gray ep 7/80] loss=0.0614 L_main=0.0274 L_int=0.0266 L_grad=0.0119 L_branch=0.0368 L_route=0.3823 elapsed=0:12:39
[HEALTH] OK | g_mean=0.678 g_std=0.290 mask=0.679±0.458 | res_vis=0.1514 res_ir=0.0773 e_base=0.0721 | vis_u=0.1224 ir_u=0.1070 cap=0.2155 diff=0.2203
[F_gray ep 8/80] loss=0.0605 L_main=0.0272 L_int=0.0267 L_grad=0.0113 L_branch=0.0354 L_route=0.3779 elapsed=0:14:27
[HEALTH] OK | g_mean=0.679 g_std=0.291 mask=0.680±0.459 | res_vis=0.1471 res_ir=0.0754 e_base=0.0709 | vis_u=0.1217 ir_u=0.1080 cap=0.2095 diff=0.2206
[F_gray ep 9/80] loss=0.0593 L_main=0.0270 L_int=0.0264 L_grad=0.0109 L_branch=0.0352 L_route=0.3697 elapsed=0:16:15
[HEALTH] OK | g_mean=0.681 g_std=0.296 mask=0.682±0.458 | res_vis=0.1457 res_ir=0.0745 e_base=0.0703 | vis_u=0.1221 ir_u=0.1104 cap=0.2068 diff=0.2235
[F_gray ep 10/80] loss=0.0589 L_main=0.0271 L_int=0.0260 L_grad=0.0105 L_branch=0.0347 L_route=0.3666 elapsed=0:18:03
[HEALTH] OK | g_mean=0.679 g_std=0.300 mask=0.679±0.459 | res_vis=0.1401 res_ir=0.0735 e_base=0.0695 | vis_u=0.1204 ir_u=0.1103 cap=0.2009 diff=0.2216
  saved epoch snapshot: /root/autodl-tmp/URFusion-main/our_model_3_SpatialResMoE_2/train-jobs/ckpt/SpatialResMoE_2/epoch_010/ckpt.pth
  saved 8 fixed Y+gate+unique -> /root/autodl-tmp/URFusion-main/our_model_3_SpatialResMoE_2/train-jobs/fixed_examples/SpatialResMoE_2/epoch_010
[F_gray ep 11/80] loss=0.0578 L_main=0.0268 L_int=0.0255 L_grad=0.0100 L_branch=0.0339 L_route=0.3602 elapsed=0:19:59
[HEALTH] OK | g_mean=0.682 g_std=0.301 mask=0.682±0.457 | res_vis=0.1381 res_ir=0.0715 e_base=0.0688 | vis_u=0.1195 ir_u=0.1100 cap=0.1963 diff=0.2200
[F_gray ep 12/80] loss=0.0582 L_main=0.0275 L_int=0.0258 L_grad=0.0099 L_branch=0.0336 L_route=0.3588 elapsed=0:21:47
[HEALTH] OK | g_mean=0.679 g_std=0.306 mask=0.680±0.459 | res_vis=0.1346 res_ir=0.0704 e_base=0.0681 | vis_u=0.1181 ir_u=0.1098 cap=0.1911 diff=0.2183
[F_gray ep 13/80] loss=0.0569 L_main=0.0267 L_int=0.0255 L_grad=0.0096 L_branch=0.0327 L_route=0.3545 elapsed=0:23:35
[HEALTH] OK | g_mean=0.682 g_std=0.306 mask=0.682±0.458 | res_vis=0.1310 res_ir=0.0672 e_base=0.0667 | vis_u=0.1151 ir_u=0.1073 cap=0.1837 diff=0.2127
[F_gray ep 14/80] loss=0.0588 L_main=0.0283 L_int=0.0264 L_grad=0.0098 L_branch=0.0324 L_route=0.3540 elapsed=0:25:23
[HEALTH] OK | g_mean=0.676 g_std=0.310 mask=0.676±0.460 | res_vis=0.1280 res_ir=0.0687 e_base=0.0665 | vis_u=0.1147 ir_u=0.1082 cap=0.1826 diff=0.2127
[F_gray ep 15/80] loss=0.0578 L_main=0.0279 L_int=0.0255 L_grad=0.0093 L_branch=0.0313 L_route=0.3542 elapsed=0:27:10
[HEALTH] OK | g_mean=0.675 g_std=0.310 mask=0.675±0.461 | res_vis=0.1233 res_ir=0.0662 e_base=0.0653 | vis_u=0.1113 ir_u=0.1054 cap=0.1749 diff=0.2063
[F_gray ep 16/80] loss=0.0568 L_main=0.0273 L_int=0.0252 L_grad=0.0091 L_branch=0.0304 L_route=0.3511 elapsed=0:28:58
[HEALTH] OK | g_mean=0.678 g_std=0.309 mask=0.678±0.459 | res_vis=0.1217 res_ir=0.0638 e_base=0.0639 | vis_u=0.1092 ir_u=0.1037 cap=0.1704 diff=0.2022
[F_gray ep 17/80] loss=0.0569 L_main=0.0276 L_int=0.0256 L_grad=0.0089 L_branch=0.0300 L_route=0.3519 elapsed=0:30:46
[HEALTH] OK | g_mean=0.678 g_std=0.310 mask=0.678±0.459 | res_vis=0.1203 res_ir=0.0636 e_base=0.0634 | vis_u=0.1082 ir_u=0.1037 cap=0.1683 diff=0.2007
[F_gray ep 18/80] loss=0.0560 L_main=0.0274 L_int=0.0257 L_grad=0.0086 L_branch=0.0289 L_route=0.3447 elapsed=0:32:34
[HEALTH] OK | g_mean=0.682 g_std=0.312 mask=0.683±0.458 | res_vis=0.1192 res_ir=0.0607 e_base=0.0623 | vis_u=0.1059 ir_u=0.1018 cap=0.1640 diff=0.1961
[F_gray ep 19/80] loss=0.0568 L_main=0.0278 L_int=0.0253 L_grad=0.0087 L_branch=0.0286 L_route=0.3495 elapsed=0:34:22
[HEALTH] OK | g_mean=0.674 g_std=0.314 mask=0.674±0.461 | res_vis=0.1143 res_ir=0.0613 e_base=0.0615 | vis_u=0.1045 ir_u=0.1012 cap=0.1597 diff=0.1936
[F_gray ep 20/80] loss=0.0560 L_main=0.0275 L_int=0.0256 L_grad=0.0084 L_branch=0.0277 L_route=0.3445 elapsed=0:36:09
[HEALTH] OK | g_mean=0.672 g_std=0.317 mask=0.673±0.462 | res_vis=0.1145 res_ir=0.0620 e_base=0.0611 | vis_u=0.1049 ir_u=0.1021 cap=0.1598 diff=0.1944
  saved epoch snapshot: /root/autodl-tmp/URFusion-main/our_model_3_SpatialResMoE_2/train-jobs/ckpt/SpatialResMoE_2/epoch_020/ckpt.pth
  saved 8 fixed Y+gate+unique -> /root/autodl-tmp/URFusion-main/our_model_3_SpatialResMoE_2/train-jobs/fixed_examples/SpatialResMoE_2/epoch_020
[F_gray ep 21/80] loss=0.0568 L_main=0.0281 L_int=0.0255 L_grad=0.0086 L_branch=0.0273 L_route=0.3454 elapsed=0:38:04
[HEALTH] OK | g_mean=0.674 g_std=0.317 mask=0.674±0.461 | res_vis=0.1124 res_ir=0.0602 e_base=0.0602 | vis_u=0.1035 ir_u=0.1013 cap=0.1560 diff=0.1918
[F_gray ep 22/80] loss=0.0559 L_main=0.0279 L_int=0.0250 L_grad=0.0083 L_branch=0.0265 L_route=0.3389 elapsed=0:39:52
[HEALTH] OK | g_mean=0.682 g_std=0.316 mask=0.682±0.457 | res_vis=0.1135 res_ir=0.0575 e_base=0.0596 | vis_u=0.1028 ir_u=0.1003 cap=0.1535 diff=0.1900
[F_gray ep 23/80] loss=0.0554 L_main=0.0275 L_int=0.0254 L_grad=0.0081 L_branch=0.0259 L_route=0.3398 elapsed=0:41:40
[HEALTH] OK | g_mean=0.679 g_std=0.315 mask=0.679±0.458 | res_vis=0.1108 res_ir=0.0572 e_base=0.0589 | vis_u=0.1016 ir_u=0.0997 cap=0.1504 diff=0.1877
[F_gray ep 24/80] loss=0.0550 L_main=0.0274 L_int=0.0249 L_grad=0.0079 L_branch=0.0253 L_route=0.3379 elapsed=0:43:28
[HEALTH] OK | g_mean=0.677 g_std=0.318 mask=0.678±0.459 | res_vis=0.1087 res_ir=0.0562 e_base=0.0578 | vis_u=0.1003 ir_u=0.0986 cap=0.1475 diff=0.1849
[F_gray ep 25/80] loss=0.0553 L_main=0.0278 L_int=0.0247 L_grad=0.0079 L_branch=0.0247 L_route=0.3383 elapsed=0:45:16
[HEALTH] OK | g_mean=0.676 g_std=0.320 mask=0.677±0.460 | res_vis=0.1081 res_ir=0.0565 e_base=0.0573 | vis_u=0.1003 ir_u=0.0994 cap=0.1468 diff=0.1853
[F_gray ep 26/80] loss=0.0547 L_main=0.0275 L_int=0.0247 L_grad=0.0078 L_branch=0.0242 L_route=0.3343 elapsed=0:47:04
[HEALTH] OK | g_mean=0.677 g_std=0.321 mask=0.678±0.460 | res_vis=0.1081 res_ir=0.0564 e_base=0.0572 | vis_u=0.1001 ir_u=0.0999 cap=0.1464 diff=0.1852
[F_gray ep 27/80] loss=0.0551 L_main=0.0279 L_int=0.0249 L_grad=0.0079 L_branch=0.0239 L_route=0.3325 elapsed=0:48:52
[HEALTH] OK | g_mean=0.681 g_std=0.320 mask=0.681±0.458 | res_vis=0.1071 res_ir=0.0550 e_base=0.0571 | vis_u=0.0992 ir_u=0.0996 cap=0.1439 diff=0.1836
[F_gray ep 28/80] loss=0.0552 L_main=0.0281 L_int=0.0251 L_grad=0.0078 L_branch=0.0234 L_route=0.3309 elapsed=0:50:40
[HEALTH] OK | g_mean=0.677 g_std=0.322 mask=0.678±0.459 | res_vis=0.1056 res_ir=0.0553 e_base=0.0564 | vis_u=0.0984 ir_u=0.0993 cap=0.1424 diff=0.1823
[F_gray ep 29/80] loss=0.0547 L_main=0.0280 L_int=0.0244 L_grad=0.0075 L_branch=0.0232 L_route=0.3317 elapsed=0:52:28
[HEALTH] OK | g_mean=0.680 g_std=0.322 mask=0.680±0.459 | res_vis=0.1044 res_ir=0.0539 e_base=0.0560 | vis_u=0.0977 ir_u=0.0992 cap=0.1399 diff=0.1812
[F_gray ep 30/80] loss=0.0548 L_main=0.0280 L_int=0.0244 L_grad=0.0077 L_branch=0.0228 L_route=0.3285 elapsed=0:54:16
[HEALTH] OK | g_mean=0.681 g_std=0.321 mask=0.682±0.458 | res_vis=0.1033 res_ir=0.0532 e_base=0.0557 | vis_u=0.0967 ir_u=0.0989 cap=0.1379 diff=0.1796
  saved epoch snapshot: /root/autodl-tmp/URFusion-main/our_model_3_SpatialResMoE_2/train-jobs/ckpt/SpatialResMoE_2/epoch_030/ckpt.pth
  saved 8 fixed Y+gate+unique -> /root/autodl-tmp/URFusion-main/our_model_3_SpatialResMoE_2/train-jobs/fixed_examples/SpatialResMoE_2/epoch_030
[F_gray ep 31/80] loss=0.0547 L_main=0.0279 L_int=0.0244 L_grad=0.0077 L_branch=0.0223 L_route=0.3263 elapsed=0:56:11
[HEALTH] OK | g_mean=0.680 g_std=0.325 mask=0.680±0.460 | res_vis=0.1033 res_ir=0.0537 e_base=0.0554 | vis_u=0.0968 ir_u=0.0996 cap=0.1382 diff=0.1801
[F_gray ep 32/80] loss=0.0543 L_main=0.0278 L_int=0.0246 L_grad=0.0075 L_branch=0.0222 L_route=0.3258 elapsed=0:57:59
[HEALTH] OK | g_mean=0.679 g_std=0.325 mask=0.679±0.459 | res_vis=0.1019 res_ir=0.0533 e_base=0.0551 | vis_u=0.0960 ir_u=0.0993 cap=0.1363 diff=0.1787
[F_gray ep 33/80] loss=0.0538 L_main=0.0274 L_int=0.0233 L_grad=0.0075 L_branch=0.0217 L_route=0.3287 elapsed=0:59:47
[HEALTH] OK | g_mean=0.676 g_std=0.325 mask=0.676±0.460 | res_vis=0.0996 res_ir=0.0532 e_base=0.0548 | vis_u=0.0947 ir_u=0.0987 cap=0.1343 diff=0.1768
[F_gray ep 34/80] loss=0.0538 L_main=0.0276 L_int=0.0241 L_grad=0.0074 L_branch=0.0216 L_route=0.3246 elapsed=1:01:35
[HEALTH] OK | g_mean=0.680 g_std=0.325 mask=0.680±0.459 | res_vis=0.1004 res_ir=0.0527 e_base=0.0546 | vis_u=0.0950 ir_u=0.0997 cap=0.1340 diff=0.1778
[F_gray ep 35/80] loss=0.0545 L_main=0.0282 L_int=0.0246 L_grad=0.0075 L_branch=0.0213 L_route=0.3218 elapsed=1:03:23
[HEALTH] OK | g_mean=0.678 g_std=0.328 mask=0.678±0.459 | res_vis=0.0988 res_ir=0.0530 e_base=0.0543 | vis_u=0.0944 ir_u=0.0994 cap=0.1329 diff=0.1766
[F_gray ep 36/80] loss=0.0533 L_main=0.0276 L_int=0.0236 L_grad=0.0071 L_branch=0.0210 L_route=0.3190 elapsed=1:05:11
[HEALTH] OK | g_mean=0.681 g_std=0.326 mask=0.681±0.458 | res_vis=0.0990 res_ir=0.0514 e_base=0.0541 | vis_u=0.0941 ir_u=0.0990 cap=0.1313 diff=0.1758
[F_gray ep 37/80] loss=0.0534 L_main=0.0274 L_int=0.0232 L_grad=0.0073 L_branch=0.0208 L_route=0.3218 elapsed=1:06:59
[HEALTH] OK | g_mean=0.675 g_std=0.330 mask=0.675±0.461 | res_vis=0.0974 res_ir=0.0529 e_base=0.0541 | vis_u=0.0936 ir_u=0.0997 cap=0.1311 diff=0.1757
[F_gray ep 38/80] loss=0.0534 L_main=0.0276 L_int=0.0244 L_grad=0.0072 L_branch=0.0206 L_route=0.3189 elapsed=1:08:47
[HEALTH] OK | g_mean=0.675 g_std=0.331 mask=0.675±0.461 | res_vis=0.0947 res_ir=0.0521 e_base=0.0537 | vis_u=0.0920 ir_u=0.0986 cap=0.1284 diff=0.1728
[F_gray ep 39/80] loss=0.0529 L_main=0.0278 L_int=0.0239 L_grad=0.0070 L_branch=0.0203 L_route=0.3121 elapsed=1:10:36
[HEALTH] OK | g_mean=0.681 g_std=0.332 mask=0.681±0.459 | res_vis=0.0965 res_ir=0.0513 e_base=0.0534 | vis_u=0.0925 ir_u=0.0993 cap=0.1286 diff=0.1738
[F_gray ep 40/80] loss=0.0536 L_main=0.0279 L_int=0.0242 L_grad=0.0074 L_branch=0.0202 L_route=0.3131 elapsed=1:12:23
[HEALTH] OK | g_mean=0.681 g_std=0.331 mask=0.682±0.458 | res_vis=0.0957 res_ir=0.0511 e_base=0.0532 | vis_u=0.0918 ir_u=0.0994 cap=0.1276 diff=0.1729
  saved epoch snapshot: /root/autodl-tmp/URFusion-main/our_model_3_SpatialResMoE_2/train-jobs/ckpt/SpatialResMoE_2/epoch_040/ckpt.pth
  saved 8 fixed Y+gate+unique -> /root/autodl-tmp/URFusion-main/our_model_3_SpatialResMoE_2/train-jobs/fixed_examples/SpatialResMoE_2/epoch_040
[F_gray ep 41/80] loss=0.0533 L_main=0.0278 L_int=0.0239 L_grad=0.0072 L_branch=0.0200 L_route=0.3154 elapsed=1:14:18
[HEALTH] OK | g_mean=0.677 g_std=0.332 mask=0.677±0.460 | res_vis=0.0931 res_ir=0.0512 e_base=0.0528 | vis_u=0.0906 ir_u=0.0987 cap=0.1255 diff=0.1709
[F_gray ep 42/80] loss=0.0537 L_main=0.0283 L_int=0.0246 L_grad=0.0072 L_branch=0.0200 L_route=0.3110 elapsed=1:16:06
[HEALTH] OK | g_mean=0.674 g_std=0.335 mask=0.674±0.461 | res_vis=0.0925 res_ir=0.0521 e_base=0.0527 | vis_u=0.0908 ir_u=0.0996 cap=0.1255 diff=0.1717
[F_gray ep 43/80] loss=0.0532 L_main=0.0280 L_int=0.0242 L_grad=0.0070 L_branch=0.0198 L_route=0.3114 elapsed=1:17:54
[HEALTH] OK | g_mean=0.677 g_std=0.335 mask=0.677±0.460 | res_vis=0.0922 res_ir=0.0514 e_base=0.0525 | vis_u=0.0903 ir_u=0.0995 cap=0.1245 diff=0.1709
[F_gray ep 44/80] loss=0.0527 L_main=0.0276 L_int=0.0238 L_grad=0.0069 L_branch=0.0196 L_route=0.3110 elapsed=1:19:42
[HEALTH] OK | g_mean=0.678 g_std=0.334 mask=0.679±0.459 | res_vis=0.0915 res_ir=0.0508 e_base=0.0524 | vis_u=0.0896 ir_u=0.0993 cap=0.1231 diff=0.1701
[F_gray ep 45/80] loss=0.0524 L_main=0.0274 L_int=0.0232 L_grad=0.0069 L_branch=0.0194 L_route=0.3100 elapsed=1:21:29
[HEALTH] OK | g_mean=0.679 g_std=0.335 mask=0.679±0.459 | res_vis=0.0909 res_ir=0.0499 e_base=0.0523 | vis_u=0.0890 ir_u=0.0988 cap=0.1217 diff=0.1691
[F_gray ep 46/80] loss=0.0526 L_main=0.0276 L_int=0.0236 L_grad=0.0070 L_branch=0.0194 L_route=0.3097 elapsed=1:23:17
[HEALTH] OK | g_mean=0.678 g_std=0.334 mask=0.679±0.460 | res_vis=0.0906 res_ir=0.0502 e_base=0.0522 | vis_u=0.0889 ir_u=0.0993 cap=0.1216 diff=0.1692
[F_gray ep 47/80] loss=0.0527 L_main=0.0280 L_int=0.0247 L_grad=0.0069 L_branch=0.0192 L_route=0.3017 elapsed=1:25:05
[HEALTH] OK | g_mean=0.681 g_std=0.337 mask=0.681±0.458 | res_vis=0.0907 res_ir=0.0500 e_base=0.0519 | vis_u=0.0887 ir_u=0.0996 cap=0.1212 diff=0.1692
[F_gray ep 48/80] loss=0.0527 L_main=0.0279 L_int=0.0242 L_grad=0.0069 L_branch=0.0193 L_route=0.3054 elapsed=1:26:53
[HEALTH] OK | g_mean=0.679 g_std=0.336 mask=0.679±0.459 | res_vis=0.0894 res_ir=0.0495 e_base=0.0516 | vis_u=0.0875 ir_u=0.0989 cap=0.1194 diff=0.1672
[F_gray ep 49/80] loss=0.0523 L_main=0.0275 L_int=0.0240 L_grad=0.0069 L_branch=0.0191 L_route=0.3040 elapsed=1:28:41
[HEALTH] OK | g_mean=0.679 g_std=0.337 mask=0.679±0.459 | res_vis=0.0887 res_ir=0.0494 e_base=0.0515 | vis_u=0.0876 ir_u=0.0991 cap=0.1186 diff=0.1674
[F_gray ep 50/80] loss=0.0519 L_main=0.0274 L_int=0.0230 L_grad=0.0067 L_branch=0.0189 L_route=0.3048 elapsed=1:30:29
[HEALTH] OK | g_mean=0.678 g_std=0.337 mask=0.678±0.460 | res_vis=0.0881 res_ir=0.0499 e_base=0.0516 | vis_u=0.0872 ir_u=0.0993 cap=0.1184 diff=0.1674
  saved epoch snapshot: /root/autodl-tmp/URFusion-main/our_model_3_SpatialResMoE_2/train-jobs/ckpt/SpatialResMoE_2/epoch_050/ckpt.pth
  saved 8 fixed Y+gate+unique -> /root/autodl-tmp/URFusion-main/our_model_3_SpatialResMoE_2/train-jobs/fixed_examples/SpatialResMoE_2/epoch_050
[F_gray ep 51/80] loss=0.0521 L_main=0.0276 L_int=0.0243 L_grad=0.0069 L_branch=0.0190 L_route=0.3000 elapsed=1:32:24
[HEALTH] OK | g_mean=0.676 g_std=0.341 mask=0.676±0.461 | res_vis=0.0884 res_ir=0.0501 e_base=0.0515 | vis_u=0.0874 ir_u=0.1000 cap=0.1187 diff=0.1681
[F_gray ep 52/80] loss=0.0526 L_main=0.0279 L_int=0.0241 L_grad=0.0071 L_branch=0.0188 L_route=0.2992 elapsed=1:34:11
[HEALTH] OK | g_mean=0.680 g_std=0.339 mask=0.680±0.459 | res_vis=0.0880 res_ir=0.0490 e_base=0.0511 | vis_u=0.0867 ir_u=0.0993 cap=0.1172 diff=0.1668
[F_gray ep 53/80] loss=0.0518 L_main=0.0276 L_int=0.0235 L_grad=0.0068 L_branch=0.0187 L_route=0.2983 elapsed=1:36:00
[HEALTH] OK | g_mean=0.681 g_std=0.339 mask=0.681±0.458 | res_vis=0.0881 res_ir=0.0488 e_base=0.0512 | vis_u=0.0865 ir_u=0.0994 cap=0.1168 diff=0.1666
[F_gray ep 54/80] loss=0.0520 L_main=0.0278 L_int=0.0237 L_grad=0.0068 L_branch=0.0186 L_route=0.2961 elapsed=1:37:47
[HEALTH] OK | g_mean=0.680 g_std=0.341 mask=0.680±0.459 | res_vis=0.0879 res_ir=0.0488 e_base=0.0512 | vis_u=0.0863 ir_u=0.0994 cap=0.1164 diff=0.1665
[F_gray ep 55/80] loss=0.0520 L_main=0.0279 L_int=0.0240 L_grad=0.0068 L_branch=0.0186 L_route=0.2935 elapsed=1:39:35
[HEALTH] OK | g_mean=0.682 g_std=0.341 mask=0.682±0.458 | res_vis=0.0874 res_ir=0.0482 e_base=0.0509 | vis_u=0.0858 ir_u=0.0991 cap=0.1155 diff=0.1657
[F_gray ep 56/80] loss=0.0514 L_main=0.0274 L_int=0.0233 L_grad=0.0067 L_branch=0.0185 L_route=0.2961 elapsed=1:41:23
[HEALTH] OK | g_mean=0.679 g_std=0.342 mask=0.680±0.459 | res_vis=0.0866 res_ir=0.0483 e_base=0.0510 | vis_u=0.0857 ir_u=0.0991 cap=0.1146 diff=0.1655
[F_gray ep 57/80] loss=0.0518 L_main=0.0279 L_int=0.0233 L_grad=0.0067 L_branch=0.0183 L_route=0.2944 elapsed=1:43:11
[HEALTH] OK | g_mean=0.677 g_std=0.344 mask=0.677±0.460 | res_vis=0.0858 res_ir=0.0488 e_base=0.0506 | vis_u=0.0853 ir_u=0.0990 cap=0.1143 diff=0.1653
[F_gray ep 58/80] loss=0.0521 L_main=0.0281 L_int=0.0239 L_grad=0.0068 L_branch=0.0183 L_route=0.2929 elapsed=1:44:59
[HEALTH] OK | g_mean=0.678 g_std=0.343 mask=0.678±0.459 | res_vis=0.0864 res_ir=0.0483 e_base=0.0505 | vis_u=0.0851 ir_u=0.0990 cap=0.1137 diff=0.1651
[F_gray ep 59/80] loss=0.0521 L_main=0.0283 L_int=0.0239 L_grad=0.0067 L_branch=0.0184 L_route=0.2896 elapsed=1:46:46
[HEALTH] OK | g_mean=0.679 g_std=0.345 mask=0.679±0.459 | res_vis=0.0873 res_ir=0.0486 e_base=0.0506 | vis_u=0.0858 ir_u=0.1001 cap=0.1148 diff=0.1668
[F_gray ep 60/80] loss=0.0513 L_main=0.0277 L_int=0.0232 L_grad=0.0065 L_branch=0.0182 L_route=0.2897 elapsed=1:48:35
[HEALTH] OK | g_mean=0.680 g_std=0.344 mask=0.680±0.458 | res_vis=0.0859 res_ir=0.0476 e_base=0.0505 | vis_u=0.0847 ir_u=0.0991 cap=0.1127 diff=0.1649
  saved epoch snapshot: /root/autodl-tmp/URFusion-main/our_model_3_SpatialResMoE_2/train-jobs/ckpt/SpatialResMoE_2/epoch_060/ckpt.pth
  saved 8 fixed Y+gate+unique -> /root/autodl-tmp/URFusion-main/our_model_3_SpatialResMoE_2/train-jobs/fixed_examples/SpatialResMoE_2/epoch_060
[F_gray ep 61/80] loss=0.0513 L_main=0.0277 L_int=0.0235 L_grad=0.0066 L_branch=0.0181 L_route=0.2888 elapsed=1:50:30
[HEALTH] OK | g_mean=0.680 g_std=0.345 mask=0.680±0.459 | res_vis=0.0855 res_ir=0.0472 e_base=0.0504 | vis_u=0.0844 ir_u=0.0989 cap=0.1119 diff=0.1645
[F_gray ep 62/80] loss=0.0515 L_main=0.0281 L_int=0.0233 L_grad=0.0065 L_branch=0.0180 L_route=0.2878 elapsed=1:52:18
[HEALTH] OK | g_mean=0.677 g_std=0.347 mask=0.677±0.460 | res_vis=0.0855 res_ir=0.0479 e_base=0.0504 | vis_u=0.0847 ir_u=0.0996 cap=0.1123 diff=0.1655
[F_gray ep 63/80] loss=0.0507 L_main=0.0274 L_int=0.0229 L_grad=0.0065 L_branch=0.0179 L_route=0.2850 elapsed=1:54:06
[HEALTH] OK | g_mean=0.679 g_std=0.347 mask=0.679±0.459 | res_vis=0.0856 res_ir=0.0474 e_base=0.0503 | vis_u=0.0845 ir_u=0.0993 cap=0.1117 diff=0.1649
[F_gray ep 64/80] loss=0.0516 L_main=0.0280 L_int=0.0234 L_grad=0.0067 L_branch=0.0180 L_route=0.2872 elapsed=1:55:54
[HEALTH] OK | g_mean=0.677 g_std=0.347 mask=0.677±0.460 | res_vis=0.0850 res_ir=0.0477 e_base=0.0504 | vis_u=0.0842 ir_u=0.0993 cap=0.1114 diff=0.1647
[F_gray ep 65/80] loss=0.0511 L_main=0.0279 L_int=0.0234 L_grad=0.0065 L_branch=0.0178 L_route=0.2841 elapsed=1:57:42
[HEALTH] OK | g_mean=0.679 g_std=0.347 mask=0.679±0.458 | res_vis=0.0845 res_ir=0.0471 e_base=0.0504 | vis_u=0.0837 ir_u=0.0990 cap=0.1104 diff=0.1639
[F_gray ep 66/80] loss=0.0515 L_main=0.0282 L_int=0.0238 L_grad=0.0067 L_branch=0.0180 L_route=0.2824 elapsed=1:59:30
[HEALTH] OK | g_mean=0.678 g_std=0.350 mask=0.678±0.460 | res_vis=0.0848 res_ir=0.0474 e_base=0.0504 | vis_u=0.0840 ir_u=0.0995 cap=0.1107 diff=0.1648
[F_gray ep 67/80] loss=0.0511 L_main=0.0278 L_int=0.0230 L_grad=0.0066 L_branch=0.0176 L_route=0.2847 elapsed=2:01:18
[HEALTH] OK | g_mean=0.679 g_std=0.347 mask=0.679±0.459 | res_vis=0.0845 res_ir=0.0468 e_base=0.0502 | vis_u=0.0833 ir_u=0.0988 cap=0.1098 diff=0.1633
[F_gray ep 68/80] loss=0.0509 L_main=0.0278 L_int=0.0234 L_grad=0.0065 L_branch=0.0176 L_route=0.2815 elapsed=2:03:06
[HEALTH] OK | g_mean=0.676 g_std=0.349 mask=0.677±0.459 | res_vis=0.0835 res_ir=0.0472 e_base=0.0500 | vis_u=0.0827 ir_u=0.0984 cap=0.1091 diff=0.1623
[F_gray ep 69/80] loss=0.0506 L_main=0.0275 L_int=0.0233 L_grad=0.0065 L_branch=0.0176 L_route=0.2812 elapsed=2:04:54
[HEALTH] OK | g_mean=0.679 g_std=0.349 mask=0.679±0.459 | res_vis=0.0839 res_ir=0.0466 e_base=0.0501 | vis_u=0.0829 ir_u=0.0986 cap=0.1090 diff=0.1626
[F_gray ep 70/80] loss=0.0509 L_main=0.0278 L_int=0.0234 L_grad=0.0065 L_branch=0.0176 L_route=0.2799 elapsed=2:06:42
[HEALTH] OK | g_mean=0.677 g_std=0.351 mask=0.677±0.460 | res_vis=0.0835 res_ir=0.0470 e_base=0.0503 | vis_u=0.0829 ir_u=0.0988 cap=0.1089 diff=0.1628
  saved epoch snapshot: /root/autodl-tmp/URFusion-main/our_model_3_SpatialResMoE_2/train-jobs/ckpt/SpatialResMoE_2/epoch_070/ckpt.pth
  saved 8 fixed Y+gate+unique -> /root/autodl-tmp/URFusion-main/our_model_3_SpatialResMoE_2/train-jobs/fixed_examples/SpatialResMoE_2/epoch_070
[F_gray ep 71/80] loss=0.0507 L_main=0.0277 L_int=0.0235 L_grad=0.0065 L_branch=0.0175 L_route=0.2792 elapsed=2:08:37
[HEALTH] OK | g_mean=0.682 g_std=0.348 mask=0.682±0.458 | res_vis=0.0843 res_ir=0.0459 e_base=0.0501 | vis_u=0.0828 ir_u=0.0986 cap=0.1083 diff=0.1626
[F_gray ep 72/80] loss=0.0510 L_main=0.0282 L_int=0.0232 L_grad=0.0066 L_branch=0.0174 L_route=0.2746 elapsed=2:10:25
[HEALTH] OK | g_mean=0.678 g_std=0.353 mask=0.678±0.459 | res_vis=0.0837 res_ir=0.0470 e_base=0.0502 | vis_u=0.0831 ir_u=0.0992 cap=0.1087 diff=0.1634
[F_gray ep 73/80] loss=0.0504 L_main=0.0279 L_int=0.0234 L_grad=0.0063 L_branch=0.0172 L_route=0.2734 elapsed=2:12:13
[HEALTH] OK | g_mean=0.677 g_std=0.354 mask=0.677±0.460 | res_vis=0.0832 res_ir=0.0468 e_base=0.0503 | vis_u=0.0828 ir_u=0.0989 cap=0.1080 diff=0.1627
[F_gray ep 74/80] loss=0.0492 L_main=0.0270 L_int=0.0225 L_grad=0.0062 L_branch=0.0171 L_route=0.2723 elapsed=2:14:01
[HEALTH] OK | g_mean=0.679 g_std=0.353 mask=0.679±0.459 | res_vis=0.0840 res_ir=0.0465 e_base=0.0502 | vis_u=0.0829 ir_u=0.0991 cap=0.1079 diff=0.1631
[F_gray ep 75/80] loss=0.0505 L_main=0.0279 L_int=0.0235 L_grad=0.0064 L_branch=0.0171 L_route=0.2741 elapsed=2:15:49
[HEALTH] OK | g_mean=0.678 g_std=0.353 mask=0.677±0.460 | res_vis=0.0836 res_ir=0.0466 e_base=0.0503 | vis_u=0.0827 ir_u=0.0989 cap=0.1078 diff=0.1626
[F_gray ep 76/80] loss=0.0501 L_main=0.0277 L_int=0.0229 L_grad=0.0064 L_branch=0.0171 L_route=0.2712 elapsed=2:17:37
[HEALTH] OK | g_mean=0.679 g_std=0.354 mask=0.679±0.459 | res_vis=0.0842 res_ir=0.0465 e_base=0.0503 | vis_u=0.0830 ir_u=0.0993 cap=0.1080 diff=0.1632
[F_gray ep 77/80] loss=0.0510 L_main=0.0285 L_int=0.0239 L_grad=0.0066 L_branch=0.0171 L_route=0.2688 elapsed=2:19:24
[HEALTH] OK | g_mean=0.672 g_std=0.358 mask=0.672±0.462 | res_vis=0.0831 res_ir=0.0479 e_base=0.0506 | vis_u=0.0832 ir_u=0.0998 cap=0.1083 diff=0.1640
[F_gray ep 78/80] loss=0.0505 L_main=0.0280 L_int=0.0233 L_grad=0.0066 L_branch=0.0171 L_route=0.2692 elapsed=2:21:12
[HEALTH] OK | g_mean=0.677 g_std=0.356 mask=0.677±0.460 | res_vis=0.0838 res_ir=0.0468 e_base=0.0505 | vis_u=0.0830 ir_u=0.0995 cap=0.1079 diff=0.1634
[F_gray ep 79/80] loss=0.0503 L_main=0.0281 L_int=0.0237 L_grad=0.0064 L_branch=0.0170 L_route=0.2662 elapsed=2:22:59
[HEALTH] OK | g_mean=0.675 g_std=0.358 mask=0.675±0.460 | res_vis=0.0834 res_ir=0.0471 e_base=0.0505 | vis_u=0.0829 ir_u=0.0994 cap=0.1075 diff=0.1631
[F_gray ep 80/80] loss=0.0497 L_main=0.0276 L_int=0.0231 L_grad=0.0062 L_branch=0.0167 L_route=0.2669 elapsed=2:24:47
[HEALTH] OK | g_mean=0.674 g_std=0.358 mask=0.674±0.461 | res_vis=0.0829 res_ir=0.0471 e_base=0.0506 | vis_u=0.0824 ir_u=0.0992 cap=0.1071 diff=0.1623
  saved epoch snapshot: /root/autodl-tmp/URFusion-main/our_model_3_SpatialResMoE_2/train-jobs/ckpt/SpatialResMoE_2/epoch_080/ckpt.pth
  saved 8 fixed Y+gate+unique -> /root/autodl-tmp/URFusion-main/our_model_3_SpatialResMoE_2/train-jobs/fixed_examples/SpatialResMoE_2/epoch_080
[DONE] SpatialResMoE_2
[SHUTDOWN] Training finished; shutting down instance via /usr/bin/shutdown
[2026-09-07 21:29:30] DONE SpatialResMoE_2
